r1t01:18003:18003 [0] NCCL INFO Bootstrap : Using ib0:10.65.2.69<0>
r1t01:18003:18003 [0] NCCL INFO NET/Plugin : dlerror=dlopen hook: 'libnccl-net.so': cannot open shared object file: No such file or directory No plugin found (libnccl-net.so), using internal implementation
r1t01:18003:18003 [0] NCCL INFO cudaDriverVersion 12030
r1t01:18003:18003 [0] NCCL INFO NCCL version 2.19.3+cuda12.3
r1t01:18003:18003 [0] NCCL INFO init.cc:1627 Cuda Host Alloc Size 4 pointer 0x2b2495400000
r1t01:18003:18003 [0] NCCL INFO Comm config Blocking set to 0
r1t01:18003:18142 [0] NCCL INFO NET/IB : Using [0]mlx5_0:1/IB [RO]; OOB ib0:10.65.2.69<0>
r1t01:18003:18142 [0] NCCL INFO Using non-device net plugin version 0
r1t01:18003:18142 [0] NCCL INFO Using network IB
r1t01:18003:18142 [0] NCCL INFO comm 0xb6f28e0 rank 0 nranks 3 cudaDev 0 nvmlDev 0 busId 81000 commId 0x8888937c245d04d6 - Init START
r1t01:18003:18142 [0] NCCL INFO NET/IB : GPU Direct RDMA Enabled for HCA 0 'mlx5_0'
r1t01:18003:18142 [0] NCCL INFO GPU Direct RDMA Disabled for GPU 81000 / HCA 0 (distance 7 > 4)
r1t01:18003:18142 [0] NCCL INFO GPU Direct RDMA Disabled for GPU 81000 / HCA 0 (distance 7 > 4)
r1t01:18003:18142 [0] NCCL INFO === System : maxBw 12.0 totalBw 12.0 ===
r1t01:18003:18142 [0] NCCL INFO CPU/7 (1/2/-1)
r1t01:18003:18142 [0] NCCL INFO + SYS[16.0] - CPU/5
r1t01:18003:18142 [0] NCCL INFO + PCI[12.0] - GPU/81000 (0)
r1t01:18003:18142 [0] NCCL INFO CPU/5 (1/2/-1)
r1t01:18003:18142 [0] NCCL INFO + SYS[16.0] - CPU/7
r1t01:18003:18142 [0] NCCL INFO + PCI[12.0] - NIC/C1000
r1t01:18003:18142 [0] NCCL INFO               + NET[12.5] - NET/0 (c8f4270003a1420c/1/12.500000)
r1t01:18003:18142 [0] NCCL INFO ==========================================
r1t01:18003:18142 [0] NCCL INFO GPU/81000 :GPU/81000 (0/5000.000000/LOC) CPU/7 (1/12.000000/PHB) CPU/5 (2/12.000000/SYS) NET/0 (4/12.000000/SYS) 
r1t01:18003:18142 [0] NCCL INFO NET/0 :GPU/81000 (4/12.000000/SYS) CPU/7 (3/12.000000/SYS) CPU/5 (2/12.000000/PHB) NET/0 (0/5000.000000/LOC) 
r1t01:18003:18142 [0] NCCL INFO Pattern 4, crossNic 0, nChannels 1, bw 10.000000/10.000000, type LOC/SYS, sameChannels 1
r1t01:18003:18142 [0] NCCL INFO  0 : NET/0 GPU/0 NET/0
r1t01:18003:18142 [0] NCCL INFO Pattern 3, crossNic 0, nChannels 1, bw 20.000000/10.000000, type LOC/SYS, sameChannels 1
r1t01:18003:18142 [0] NCCL INFO  0 : NET/0 GPU/0 NET/0
r1t01:18003:18142 [0] NCCL INFO Tree 0 : -1 -> 0 -> 2/-1/-1
r1t01:18003:18142 [0] NCCL INFO Tree 1 : 1 -> 0 -> 2/-1/-1
r1t01:18003:18142 [0] NCCL INFO Channel 00/02 :    0   1   2
r1t01:18003:18142 [0] NCCL INFO Channel 01/02 :    0   1   2
r1t01:18003:18142 [0] NCCL INFO Ring 00 : 2 -> 0 -> 1
r1t01:18003:18142 [0] NCCL INFO Ring 01 : 2 -> 0 -> 1
r1t01:18003:18142 [0] NCCL INFO Trees [0] 2/-1/-1->0->-1 [1] 2/-1/-1->0->1
r1t01:18003:18142 [0] NCCL INFO P2P Chunksize set to 131072
r1t01:18003:18142 [0] NCCL INFO misc/utils.cc:235 memory stack hunk malloc(65536)
r1t01:18003:18142 [0] NCCL INFO channel.cc:40 Cuda Alloc Size 1824 pointer 0x2b24b0c00000
r1t01:18003:18142 [0] NCCL INFO channel.cc:43 Cuda Alloc Size 40 pointer 0x2b24b0e00000
r1t01:18003:18142 [0] NCCL INFO channel.cc:54 Cuda Alloc Size 12 pointer 0x2b24b1000000
r1t01:18003:18142 [0] NCCL INFO channel.cc:40 Cuda Alloc Size 1824 pointer 0x2b24b1200000
r1t01:18003:18142 [0] NCCL INFO channel.cc:43 Cuda Alloc Size 40 pointer 0x2b24b1400000
r1t01:18003:18142 [0] NCCL INFO channel.cc:54 Cuda Alloc Size 12 pointer 0x2b24b1600000
r1t01:18003:18142 [0] NCCL INFO GPU Direct RDMA Disabled for GPU 81000 / HCA 0 (distance 7 > 4)
r1t01:18003:18144 [0] NCCL INFO Mem Realloc old size 0, new size 8 pointer 0x2b249c002f20
r1t01:18003:18144 [0] NCCL INFO Allocated 4194660 bytes of shared memory in /dev/shm/nccl-5itj7L
r1t01:18003:18144 [0] NCCL INFO New proxy recv connection 0 from local rank 0, transport 2
r1t01:18003:18144 [0] NCCL INFO proxyProgressAsync opId=0x2b24a76a4a30 op.type=1 op.reqBuff=0x2b249c002ec0 op.respSize=16 done
r1t01:18003:18144 [0] NCCL INFO Received and initiated operation=Init res=0
r1t01:18003:18142 [0] NCCL INFO ncclPollProxyResponse Received new opId=0x2b24a76a4a30
r1t01:18003:18142 [0] NCCL INFO resp.opId=0x2b24a76a4a30 matches expected opId=0x2b24a76a4a30
r1t01:18003:18142 [0] NCCL INFO Connected to proxy localRank 0 -> connection 0x2b249c006240
r1t01:18003:18144 [0] NCCL INFO proxyProgressAsync opId=0x2b24a76a4a30 op.type=3 op.reqBuff=0x2b249c002fa0 op.respSize=128 done
r1t01:18003:18144 [0] NCCL INFO Received and initiated operation=Setup res=0
r1t01:18003:18142 [0] NCCL INFO ncclPollProxyResponse Received new opId=0x2b24a76a4a30
r1t01:18003:18142 [0] NCCL INFO resp.opId=0x2b24a76a4a30 matches expected opId=0x2b24a76a4a30
r1t01:18003:18142 [0] NCCL INFO Channel 00/0 : 2[0] -> 0[0] [receive] via NET/IB/0
r1t01:18003:18142 [0] NCCL INFO GPU Direct RDMA Disabled for GPU 81000 / HCA 0 (distance 7 > 4)
r1t01:18003:18144 [0] NCCL INFO New proxy recv connection 1 from local rank 0, transport 2
r1t01:18003:18144 [0] NCCL INFO proxyProgressAsync opId=0x2b24a76a4a30 op.type=1 op.reqBuff=0x2b249c002f00 op.respSize=16 done
r1t01:18003:18144 [0] NCCL INFO Received and initiated operation=Init res=0
r1t01:18003:18142 [0] NCCL INFO ncclPollProxyResponse Received new opId=0x2b24a76a4a30
r1t01:18003:18142 [0] NCCL INFO resp.opId=0x2b24a76a4a30 matches expected opId=0x2b24a76a4a30
r1t01:18003:18142 [0] NCCL INFO Connected to proxy localRank 0 -> connection 0x2b249c0062b8
r1t01:18003:18144 [0] NCCL INFO proxyProgressAsync opId=0x2b24a76a4a30 op.type=3 op.reqBuff=0x2b249c002fa0 op.respSize=128 done
r1t01:18003:18144 [0] NCCL INFO Received and initiated operation=Setup res=0
r1t01:18003:18142 [0] NCCL INFO ncclPollProxyResponse Received new opId=0x2b24a76a4a30
r1t01:18003:18142 [0] NCCL INFO resp.opId=0x2b24a76a4a30 matches expected opId=0x2b24a76a4a30
r1t01:18003:18142 [0] NCCL INFO Channel 01/0 : 2[0] -> 0[0] [receive] via NET/IB/0
r1t01:18003:18142 [0] NCCL INFO GPU Direct RDMA Disabled for GPU 81000 / HCA 0 (distance 7 > 4)
r1t01:18003:18144 [0] NCCL INFO New proxy send connection 2 from local rank 0, transport 2
r1t01:18003:18144 [0] NCCL INFO proxyProgressAsync opId=0x2b24a76a4a30 op.type=1 op.reqBuff=0x2b249c002ec0 op.respSize=16 done
r1t01:18003:18144 [0] NCCL INFO Received and initiated operation=Init res=0
r1t01:18003:18142 [0] NCCL INFO ncclPollProxyResponse Received new opId=0x2b24a76a4a30
r1t01:18003:18142 [0] NCCL INFO resp.opId=0x2b24a76a4a30 matches expected opId=0x2b24a76a4a30
r1t01:18003:18142 [0] NCCL INFO Connected to proxy localRank 0 -> connection 0x2b249c006330
r1t01:18003:18144 [0] NCCL INFO proxyProgressAsync opId=0x2b24a76a4a30 op.type=3 op.reqBuff=0x2b249c002fa0 op.respSize=0 done
r1t01:18003:18144 [0] NCCL INFO Received and initiated operation=Setup res=0
r1t01:18003:18142 [0] NCCL INFO ncclPollProxyResponse Received new opId=0x2b24a76a4a30
r1t01:18003:18142 [0] NCCL INFO resp.opId=0x2b24a76a4a30 matches expected opId=0x2b24a76a4a30
r1t01:18003:18142 [0] NCCL INFO Channel 00/0 : 0[0] -> 1[0] [send] via NET/IB/0
r1t01:18003:18142 [0] NCCL INFO GPU Direct RDMA Disabled for GPU 81000 / HCA 0 (distance 7 > 4)
r1t01:18003:18144 [0] NCCL INFO New proxy send connection 3 from local rank 0, transport 2
r1t01:18003:18144 [0] NCCL INFO proxyProgressAsync opId=0x2b24a76a4a30 op.type=1 op.reqBuff=0x2b249c002f00 op.respSize=16 done
r1t01:18003:18144 [0] NCCL INFO Received and initiated operation=Init res=0
r1t01:18003:18142 [0] NCCL INFO ncclPollProxyResponse Received new opId=0x2b24a76a4a30
r1t01:18003:18142 [0] NCCL INFO resp.opId=0x2b24a76a4a30 matches expected opId=0x2b24a76a4a30
r1t01:18003:18142 [0] NCCL INFO Connected to proxy localRank 0 -> connection 0x2b249c0063a8
r1t01:18003:18144 [0] NCCL INFO proxyProgressAsync opId=0x2b24a76a4a30 op.type=3 op.reqBuff=0x2b249c002fa0 op.respSize=0 done
r1t01:18003:18144 [0] NCCL INFO Received and initiated operation=Setup res=0
r1t01:18003:18142 [0] NCCL INFO ncclPollProxyResponse Received new opId=0x2b24a76a4a30
r1t01:18003:18142 [0] NCCL INFO resp.opId=0x2b24a76a4a30 matches expected opId=0x2b24a76a4a30
r1t01:18003:18142 [0] NCCL INFO Channel 01/0 : 0[0] -> 1[0] [send] via NET/IB/0
r1t01:18003:18142 [0] NCCL INFO sendConnect ncclProxyCallAsync opId=0x2b24a7688ee8
r1t01:18003:18142 [0] NCCL INFO recvConnect ncclProxyCallAsync opId=0x2b24a76893d0 &recv->proxyConn=0x2b24a76893d8 connectInfo=0x2b24a76a2970
r1t01:18003:18142 [0] NCCL INFO sendConnect ncclProxyCallAsync opId=0x2b24a769de98
r1t01:18003:18142 [0] NCCL INFO recvConnect ncclProxyCallAsync opId=0x2b24a769e380 &recv->proxyConn=0x2b24a769e388 connectInfo=0x2b24a76a29f0
r1t01:18003:18144 [0] NCCL INFO transport/net_ib.cc:633 Ib Alloc Size 102424 pointer 0x2b249c024000
r1t01:18003:18144 [0] NCCL INFO NET/IB: Dev 0 Port 1 qpn 258921 mtu 5 LID 58
r1t01:18003:18144 [0] NCCL INFO transport/net_ib.cc:696 Ib Alloc Size 2600 pointer 0x2b249c084000
r1t01:18003:18144 [0] NCCL INFO Received and initiated operation=Connect res=0
r1t01:18003:18144 [0] NCCL INFO transport/net_ib.cc:765 Ib Alloc Size 85256 pointer 0x2b249c08b000
r1t01:18003:18144 [0] NCCL INFO transport/net_ib.cc:778 Ib Alloc Size 2600 pointer 0x2b249c0a1000
r1t01:18003:18144 [0] NCCL INFO transport/net_ib.cc:868 Ib Alloc Size 2600 pointer 0x2b249c0a1000
r1t01:18003:18144 [0] NCCL INFO Received and initiated operation=Connect res=0
r1t01:18003:18144 [0] NCCL INFO transport/net_ib.cc:633 Ib Alloc Size 102424 pointer 0x2b249c10d000
r1t01:18003:18144 [0] NCCL INFO NET/IB: Dev 0 Port 1 qpn 258924 mtu 5 LID 58
r1t01:18003:18144 [0] NCCL INFO transport/net_ib.cc:696 Ib Alloc Size 2600 pointer 0x2b249c163000
r1t01:18003:18144 [0] NCCL INFO Received and initiated operation=Connect res=0
r1t01:18003:18144 [0] NCCL INFO transport/net_ib.cc:765 Ib Alloc Size 85256 pointer 0x2b249c16a000
r1t01:18003:18144 [0] NCCL INFO transport/net_ib.cc:778 Ib Alloc Size 2600 pointer 0x2b249c180000
r1t01:18003:18144 [0] NCCL INFO transport/net_ib.cc:868 Ib Alloc Size 2600 pointer 0x2b249c180000
r1t01:18003:18144 [0] NCCL INFO Received and initiated operation=Connect res=0
r1t01:18003:18144 [0] NCCL INFO transport/net.cc:735 Cuda Host Alloc Size 9641984 pointer 0x2b24bc000000
r1t01:18003:18144 [0] NCCL INFO Mem Realloc old size 0, new size 768 pointer 0x2b249c140440
r1t01:18003:18144 [0] NCCL INFO proxyProgressAsync opId=0x2b24a7688ee8 op.type=4 op.reqBuff=0x2b249c009e50 op.respSize=21040 done
r1t01:18003:18144 [0] NCCL INFO transport/net.cc:883 Cuda Host Alloc Size 9641984 pointer 0x2b24bca00000
r1t01:18003:18142 [0] NCCL INFO ncclPollProxyResponse Received new opId=0x2b24a7688ee8
r1t01:18003:18142 [0] NCCL INFO Queuing opId=0x2b24a7688ee8 respBuff=0x2b24a76cfd50 respSize=21040
r1t01:18003:18142 [0] NCCL INFO ncclPollProxyResponse Dequeued cached opId=0x2b24a7688ee8
r1t01:18003:18142 [0] NCCL INFO sendConnect ncclPollProxyResponse opId=0x2b24a7688ee8
r1t01:18003:18144 [0] NCCL INFO proxyProgressAsync opId=0x2b24a76893d0 op.type=4 op.reqBuff=0x2b249c002ec0 op.respSize=21040 done
r1t01:18003:18142 [0] NCCL INFO ncclPollProxyResponse Received new opId=0x2b24a76893d0
r1t01:18003:18142 [0] NCCL INFO Queuing opId=0x2b24a76893d0 respBuff=0x2b24a76cfd50 respSize=21040
r1t01:18003:18142 [0] NCCL INFO ncclPollProxyResponse Dequeued cached opId=0x2b24a76893d0
r1t01:18003:18142 [0] NCCL INFO recvConnect ncclPollProxyResponse opId=0x2b24a76893d0
r1t01:18003:18144 [0] NCCL INFO transport/net.cc:735 Cuda Host Alloc Size 9641984 pointer 0x2b24bd400000
r1t01:18003:18144 [0] NCCL INFO proxyProgressAsync opId=0x2b24a769de98 op.type=4 op.reqBuff=0x2b249c059e60 op.respSize=21040 done
r1t01:18003:18144 [0] NCCL INFO transport/net.cc:883 Cuda Host Alloc Size 9641984 pointer 0x2b24be000000
r1t01:18003:18142 [0] NCCL INFO ncclPollProxyResponse Received new opId=0x2b24a769de98
r1t01:18003:18142 [0] NCCL INFO resp.opId=0x2b24a769de98 matches expected opId=0x2b24a769de98
r1t01:18003:18142 [0] NCCL INFO sendConnect ncclPollProxyResponse opId=0x2b24a769de98
r1t01:18003:18144 [0] NCCL INFO proxyProgressAsync opId=0x2b24a769e380 op.type=4 op.reqBuff=0x2b249c002f00 op.respSize=21040 done
r1t01:18003:18142 [0] NCCL INFO ncclPollProxyResponse Received new opId=0x2b24a769e380
r1t01:18003:18142 [0] NCCL INFO resp.opId=0x2b24a769e380 matches expected opId=0x2b24a769e380
r1t01:18003:18142 [0] NCCL INFO recvConnect ncclPollProxyResponse opId=0x2b24a769e380
r1t01:18003:18142 [0] NCCL INFO Connected all rings
r1t01:18003:18142 [0] NCCL INFO GPU Direct RDMA Disabled for GPU 81000 / HCA 0 (distance 7 > 4)
r1t01:18003:18144 [0] NCCL INFO New proxy recv connection 4 from local rank 0, transport 2
r1t01:18003:18144 [0] NCCL INFO proxyProgressAsync opId=0x2b24a76a4a30 op.type=1 op.reqBuff=0x2b249c002f00 op.respSize=16 done
r1t01:18003:18144 [0] NCCL INFO Received and initiated operation=Init res=0
r1t01:18003:18142 [0] NCCL INFO ncclPollProxyResponse Received new opId=0x2b24a76a4a30
r1t01:18003:18142 [0] NCCL INFO resp.opId=0x2b24a76a4a30 matches expected opId=0x2b24a76a4a30
r1t01:18003:18142 [0] NCCL INFO Connected to proxy localRank 0 -> connection 0x2b249c006420
r1t01:18003:18144 [0] NCCL INFO proxyProgressAsync opId=0x2b24a76a4a30 op.type=3 op.reqBuff=0x2b249c002fd0 op.respSize=128 done
r1t01:18003:18144 [0] NCCL INFO Received and initiated operation=Setup res=0
r1t01:18003:18142 [0] NCCL INFO ncclPollProxyResponse Received new opId=0x2b24a76a4a30
r1t01:18003:18142 [0] NCCL INFO resp.opId=0x2b24a76a4a30 matches expected opId=0x2b24a76a4a30
r1t01:18003:18142 [0] NCCL INFO Channel 01/0 : 1[0] -> 0[0] [receive] via NET/IB/0
r1t01:18003:18142 [0] NCCL INFO GPU Direct RDMA Disabled for GPU 81000 / HCA 0 (distance 7 > 4)
r1t01:18003:18144 [0] NCCL INFO New proxy send connection 5 from local rank 0, transport 2
r1t01:18003:18144 [0] NCCL INFO proxyProgressAsync opId=0x2b24a76a4a30 op.type=1 op.reqBuff=0x2b249c002f00 op.respSize=16 done
r1t01:18003:18144 [0] NCCL INFO Received and initiated operation=Init res=0
r1t01:18003:18142 [0] NCCL INFO ncclPollProxyResponse Received new opId=0x2b24a76a4a30
r1t01:18003:18142 [0] NCCL INFO resp.opId=0x2b24a76a4a30 matches expected opId=0x2b24a76a4a30
r1t01:18003:18142 [0] NCCL INFO Connected to proxy localRank 0 -> connection 0x2b249c006498
r1t01:18003:18144 [0] NCCL INFO proxyProgressAsync opId=0x2b24a76a4a30 op.type=3 op.reqBuff=0x2b249c023fd0 op.respSize=0 done
r1t01:18003:18144 [0] NCCL INFO Received and initiated operation=Setup res=0
r1t01:18003:18142 [0] NCCL INFO ncclPollProxyResponse Received new opId=0x2b24a76a4a30
r1t01:18003:18142 [0] NCCL INFO resp.opId=0x2b24a76a4a30 matches expected opId=0x2b24a76a4a30
r1t01:18003:18142 [0] NCCL INFO Channel 00/0 : 0[0] -> 2[0] [send] via NET/IB/0
r1t01:18003:18142 [0] NCCL INFO GPU Direct RDMA Disabled for GPU 81000 / HCA 0 (distance 7 > 4)
r1t01:18003:18144 [0] NCCL INFO New proxy send connection 6 from local rank 0, transport 2
r1t01:18003:18144 [0] NCCL INFO proxyProgressAsync opId=0x2b24a76a4a30 op.type=1 op.reqBuff=0x2b249c002f00 op.respSize=16 done
r1t01:18003:18144 [0] NCCL INFO Received and initiated operation=Init res=0
r1t01:18003:18142 [0] NCCL INFO ncclPollProxyResponse Received new opId=0x2b24a76a4a30
r1t01:18003:18142 [0] NCCL INFO resp.opId=0x2b24a76a4a30 matches expected opId=0x2b24a76a4a30
r1t01:18003:18142 [0] NCCL INFO Connected to proxy localRank 0 -> connection 0x2b249c006510
r1t01:18003:18144 [0] NCCL INFO proxyProgressAsync opId=0x2b24a76a4a30 op.type=3 op.reqBuff=0x2b249c169fd0 op.respSize=0 done
r1t01:18003:18144 [0] NCCL INFO Received and initiated operation=Setup res=0
r1t01:18003:18142 [0] NCCL INFO ncclPollProxyResponse Received new opId=0x2b24a76a4a30
r1t01:18003:18142 [0] NCCL INFO resp.opId=0x2b24a76a4a30 matches expected opId=0x2b24a76a4a30
r1t01:18003:18142 [0] NCCL INFO Channel 01/0 : 0[0] -> 2[0] [send] via NET/IB/0
r1t01:18003:18142 [0] NCCL INFO sendConnect ncclProxyCallAsync opId=0x2b24a7689230
r1t01:18003:18142 [0] NCCL INFO sendConnect ncclProxyCallAsync opId=0x2b24a769e1e0
r1t01:18003:18142 [0] NCCL INFO recvConnect ncclProxyCallAsync opId=0x2b24a769e038 &recv->proxyConn=0x2b24a769e040 connectInfo=0x2b24a76a4ae0
r1t01:18003:18144 [0] NCCL INFO transport/net_ib.cc:633 Ib Alloc Size 102424 pointer 0x2b249c1f1000
r1t01:18003:18144 [0] NCCL INFO NET/IB: Dev 0 Port 1 qpn 258927 mtu 5 LID 58
r1t01:18003:18144 [0] NCCL INFO transport/net_ib.cc:696 Ib Alloc Size 2600 pointer 0x2b249c23f000
r1t01:18003:18144 [0] NCCL INFO Received and initiated operation=Connect res=0
r1t01:18003:18144 [0] NCCL INFO transport/net_ib.cc:633 Ib Alloc Size 102424 pointer 0x2b249c246000
r1t01:18003:18144 [0] NCCL INFO NET/IB: Dev 0 Port 1 qpn 258928 mtu 5 LID 58
r1t01:18003:18144 [0] NCCL INFO transport/net_ib.cc:696 Ib Alloc Size 2600 pointer 0x2b249c29c000
r1t01:18003:18144 [0] NCCL INFO Received and initiated operation=Connect res=0
r1t01:18003:18144 [0] NCCL INFO transport/net_ib.cc:765 Ib Alloc Size 85256 pointer 0x2b249c2a3000
r1t01:18003:18144 [0] NCCL INFO Received and initiated operation=Connect res=0
r1t01:18003:18144 [0] NCCL INFO transport/net_ib.cc:778 Ib Alloc Size 2600 pointer 0x2b249c2b9000
r1t01:18003:18144 [0] NCCL INFO transport/net_ib.cc:868 Ib Alloc Size 2600 pointer 0x2b249c2b9000
r1t01:18003:18144 [0] NCCL INFO transport/net.cc:735 Cuda Host Alloc Size 9641984 pointer 0x2b24bea00000
r1t01:18003:18144 [0] NCCL INFO proxyProgressAsync opId=0x2b24a7689230 op.type=4 op.reqBuff=0x2b249c0a2e10 op.respSize=21040 done
r1t01:18003:18142 [0] NCCL INFO ncclPollProxyResponse Received new opId=0x2b24a7689230
r1t01:18003:18142 [0] NCCL INFO Queuing opId=0x2b24a7689230 respBuff=0x2b24a76df3e0 respSize=21040
r1t01:18003:18142 [0] NCCL INFO ncclPollProxyResponse Dequeued cached opId=0x2b24a7689230
r1t01:18003:18142 [0] NCCL INFO sendConnect ncclPollProxyResponse opId=0x2b24a7689230
r1t01:18003:18144 [0] NCCL INFO transport/net.cc:735 Cuda Host Alloc Size 9641984 pointer 0x2b24bf400000
r1t01:18003:18144 [0] NCCL INFO proxyProgressAsync opId=0x2b24a769e1e0 op.type=4 op.reqBuff=0x2b249c0a2f30 op.respSize=21040 done
r1t01:18003:18144 [0] NCCL INFO transport/net.cc:883 Cuda Host Alloc Size 9641984 pointer 0x2b24c0000000
r1t01:18003:18142 [0] NCCL INFO ncclPollProxyResponse Received new opId=0x2b24a769e1e0
r1t01:18003:18142 [0] NCCL INFO resp.opId=0x2b24a769e1e0 matches expected opId=0x2b24a769e1e0
r1t01:18003:18142 [0] NCCL INFO sendConnect ncclPollProxyResponse opId=0x2b24a769e1e0
r1t01:18003:18144 [0] NCCL INFO proxyProgressAsync opId=0x2b24a769e038 op.type=4 op.reqBuff=0x2b249c002f00 op.respSize=21040 done
r1t01:18003:18142 [0] NCCL INFO ncclPollProxyResponse Received new opId=0x2b24a769e038
r1t01:18003:18142 [0] NCCL INFO resp.opId=0x2b24a769e038 matches expected opId=0x2b24a769e038
r1t01:18003:18142 [0] NCCL INFO recvConnect ncclPollProxyResponse opId=0x2b24a769e038
r1t01:18003:18142 [0] NCCL INFO Connected all trees
r1t01:18003:18142 [0] NCCL INFO   Algorithm   |                            Tree                  |                            Ring                  |                   CollNetDirect                  |
r1t01:18003:18142 [0] NCCL INFO   Protocol    |             LL |          LL128 |         Simple |             LL |          LL128 |         Simple |             LL |          LL128 |         Simple |
r1t01:18003:18142 [0] NCCL INFO  Max NThreads |            512 |            640 |            512 |            512 |            640 |            256 |              0 |              0 |            640 |
r1t01:18003:18142 [0] NCCL INFO     Broadcast |     0.0/   0.0 |     0.0/   0.0 |     0.0/   0.0 |     9.3/   2.5 |    18.0/   0.0 |    22.4/  10.0 |     0.0/   0.0 |     0.0/   0.0 |     0.0/   0.0 |
r1t01:18003:18142 [0] NCCL INFO        Reduce |     0.0/   0.0 |     0.0/   0.0 |     0.0/   0.0 |     9.3/   2.5 |    18.0/   0.0 |    22.4/  10.0 |     0.0/   0.0 |     0.0/   0.0 |     0.0/   0.0 |
r1t01:18003:18142 [0] NCCL INFO     AllGather |     0.0/   0.0 |     0.0/   0.0 |     0.0/   0.0 |    12.0/   3.8 |    22.0/   0.0 |    36.4/  15.0 |     0.0/   0.0 |     0.0/   0.0 |     0.0/   0.0 |
r1t01:18003:18142 [0] NCCL INFO ReduceScatter |     0.0/   0.0 |     0.0/   0.0 |     0.0/   0.0 |    12.0/   3.8 |    22.0/   0.0 |    36.4/  15.0 |     0.0/   0.0 |     0.0/   0.0 |     0.0/   0.0 |
r1t01:18003:18142 [0] NCCL INFO     AllReduce |    16.8/   1.0 |    31.0/   0.0 |    56.0/   3.9 |    18.8/   1.9 |    33.0/   0.0 |    80.4/   7.5 |     0.0/   0.0 |     0.0/   0.0 |    31.0/   0.0 |
r1t01:18003:18142 [0] NCCL INFO   Algorithm   |                    CollNetChain                  |                            NVLS                  |                        NVLSTree                  |
r1t01:18003:18142 [0] NCCL INFO   Protocol    |             LL |          LL128 |         Simple |             LL |          LL128 |         Simple |             LL |          LL128 |         Simple |
r1t01:18003:18142 [0] NCCL INFO  Max NThreads |              0 |              0 |            640 |              0 |              0 |            640 |              0 |              0 |            640 |
r1t01:18003:18142 [0] NCCL INFO     Broadcast |     0.0/   0.0 |     0.0/   0.0 |     0.0/   0.0 |     0.0/   0.0 |     0.0/   0.0 |     0.0/   0.0 |     0.0/   0.0 |     0.0/   0.0 |     0.0/   0.0 |
r1t01:18003:18142 [0] NCCL INFO        Reduce |     0.0/   0.0 |     0.0/   0.0 |     0.0/   0.0 |     0.0/   0.0 |     0.0/   0.0 |     0.0/   0.0 |     0.0/   0.0 |     0.0/   0.0 |     0.0/   0.0 |
r1t01:18003:18142 [0] NCCL INFO     AllGather |     0.0/   0.0 |     0.0/   0.0 |     0.0/   0.0 |     0.0/   0.0 |     0.0/   0.0 |    18.0/   0.0 |     0.0/   0.0 |     0.0/   0.0 |     0.0/   0.0 |
r1t01:18003:18142 [0] NCCL INFO ReduceScatter |     0.0/   0.0 |     0.0/   0.0 |     0.0/   0.0 |     0.0/   0.0 |     0.0/   0.0 |    18.0/   0.0 |     0.0/   0.0 |     0.0/   0.0 |     0.0/   0.0 |
r1t01:18003:18142 [0] NCCL INFO     AllReduce |     0.0/   0.0 |     0.0/   0.0 |    30.0/   0.0 |     0.0/   0.0 |     0.0/   0.0 |    18.0/   0.0 |     0.0/   0.0 |     0.0/   0.0 |    28.0/   0.0 |
r1t01:18003:18142 [0] NCCL INFO threadThresholds 8/8/64 | 24/8/64 | 512 | 512
r1t01:18003:18142 [0] NCCL INFO 2 coll channels, 0 nvls channels, 2 p2p channels, 2 p2p channels per peer
r1t01:18003:18144 [0] NCCL INFO New proxy send connection 7 from local rank 0, transport 2
r1t01:18003:18144 [0] NCCL INFO proxyProgressAsync opId=0x2b24a76a2930 op.type=1 op.reqBuff=0x2b249c002f00 op.respSize=16 done
r1t01:18003:18144 [0] NCCL INFO Received and initiated operation=Init res=0
r1t01:18003:18142 [0] NCCL INFO ncclPollProxyResponse Received new opId=0x2b24a76a2930
r1t01:18003:18142 [0] NCCL INFO resp.opId=0x2b24a76a2930 matches expected opId=0x2b24a76a2930
r1t01:18003:18142 [0] NCCL INFO Connected to proxy localRank 0 -> connection 0x2b249c006588
r1t01:18003:18144 [0] NCCL INFO Allocated shareable buffer 0x2b24c0a00000 size 4194304 ipcDesc 0x2b249c21cab8
r1t01:18003:18144 [0] NCCL INFO proxyProgressAsync opId=0x2b24a76a2930 op.type=2 op.reqBuff=0x2b249c002f00 op.respSize=0 done
r1t01:18003:18144 [0] NCCL INFO Received and initiated operation=SharedInit res=0
r1t01:18003:18142 [0] NCCL INFO ncclPollProxyResponse Received new opId=0x2b24a76a2930
r1t01:18003:18142 [0] NCCL INFO resp.opId=0x2b24a76a2930 matches expected opId=0x2b24a76a2930
r1t01:18003:18142 [0] NCCL INFO init.cc:415 Cuda Alloc Size 7744 pointer 0x2b24c0e00000
r1t01:18003:18142 [0] NCCL INFO init.cc:441 Cuda Host Alloc Size 33554432 pointer 0x2b24c2000000
r1t01:18003:18142 [0] NCCL INFO init.cc:447 Cuda Host Alloc Size 128 pointer 0x2b2495400200
r1t01:18003:18142 [0] NCCL INFO Tuner: plugin load '(null)' returned error (11 : (null)), using default tuner instead.
r1t01:18003:18142 [0] NCCL INFO comm 0xb6f28e0 rank 0 nranks 3 cudaDev 0 nvmlDev 0 busId 81000 commId 0x8888937c245d04d6 - Init COMPLETE
r1t01:18003:18003 [0] NCCL INFO Broadcast: opCount 0 sendbuff 0x2b2495200400 recvbuff 0x2b2495200400 count 8 datatype 0 op 0 root 0 comm 0xb6f28e0 [nranks=3] stream 0xb6f6570
r1t01:18003:18003 [0] NCCL INFO misc/utils.cc:235 memory stack hunk malloc(65536)
r1t01:18003:18003 [0] NCCL INFO Broadcast: opCount 1 sendbuff 0x2b2495200000 recvbuff 0x2b2495200000 count 121 datatype 0 op 0 root 0 comm 0xb6f28e0 [nranks=3] stream 0xb6f6570
r1t01:18003:18003 [0] NCCL INFO AllReduce: opCount 2 sendbuff 0x2b2495200200 recvbuff 0x2b2495200200 count 1 datatype 1 op 0 root 0 comm 0xb6f28e0 [nranks=3] stream 0xb6f6570
r1t01:18003:18003 [0] NCCL INFO AllReduce: opCount 3 sendbuff 0x2b2495200000 recvbuff 0x2b2495200000 count 1 datatype 1 op 0 root 0 comm 0xb6f28e0 [nranks=3] stream 0xb6f6570
r1t01:18003:18003 [0] NCCL INFO AllGather: opCount 4 sendbuff 0x2b24cf400000 recvbuff 0x2b24cf400800 count 8 datatype 0 op 0 root 0 comm 0xb6f28e0 [nranks=3] stream 0xb6f6570
r1t01:18003:18003 [0] NCCL INFO Broadcast: opCount 5 sendbuff 0x2b24cf400800 recvbuff 0x2b24cf400800 count 5136 datatype 0 op 0 root 0 comm 0xb6f28e0 [nranks=3] stream 0xb6f6570
r1t01:18003:18003 [0] NCCL INFO Broadcast: opCount 6 sendbuff 0x2b24d0000000 recvbuff 0x2b24d0000000 count 94295848 datatype 0 op 0 root 0 comm 0xb6f28e0 [nranks=3] stream 0xb6f6570
r1t01:18003:18003 [0] NCCL INFO Broadcast: opCount 7 sendbuff 0x2b24cf400000 recvbuff 0x2b24cf400000 count 424 datatype 0 op 0 root 0 comm 0xb6f28e0 [nranks=3] stream 0xb6f6570
r1t01:18003:18003 [0] NCCL INFO AllReduce: opCount 8 sendbuff 0x2b2495200200 recvbuff 0x2b2495200200 count 1 datatype 1 op 0 root 0 comm 0xb6f28e0 [nranks=3] stream 0xb6f6570
r1t01:18003:18003 [0] NCCL INFO AllReduce: opCount 9 sendbuff 0x2b24c11f8600 recvbuff 0x2b24c11f8600 count 1 datatype 1 op 0 root 0 comm 0xb6f28e0 [nranks=3] stream 0xb6f6570
r1t01:18003:18003 [0] NCCL INFO AllReduce: opCount a sendbuff 0x2b2495200200 recvbuff 0x2b2495200200 count 1 datatype 1 op 0 root 0 comm 0xb6f28e0 [nranks=3] stream 0xb6f6570
r1t01:18003:18003 [0] NCCL INFO AllReduce: opCount b sendbuff 0x2b24c11f8600 recvbuff 0x2b24c11f8600 count 1 datatype 1 op 0 root 0 comm 0xb6f28e0 [nranks=3] stream 0xb6f6570
r1t01:18003:18003 [0] NCCL INFO AllReduce: opCount c sendbuff 0x2b2495200200 recvbuff 0x2b2495200200 count 1 datatype 4 op 0 root 0 comm 0xb6f28e0 [nranks=3] stream 0xb6f6570
r1t01:18003:18003 [0] NCCL INFO Broadcast: opCount d sendbuff 0x2b24c1580000 recvbuff 0x2b24c1580000 count 212480 datatype 0 op 0 root 0 comm 0xb6f28e0 [nranks=3] stream 0xb6f6570
r1t01:18003:18003 [0] NCCL INFO Broadcast: opCount e sendbuff 0x2b2495200200 recvbuff 0x2b2495200200 count 424 datatype 0 op 0 root 0 comm 0xb6f28e0 [nranks=3] stream 0xb6f6570
r1t01:18003:18003 [0] NCCL INFO AllReduce: opCount f sendbuff 0x2b24c11fb400 recvbuff 0x2b24c11fb400 count 1 datatype 1 op 0 root 0 comm 0xb6f28e0 [nranks=3] stream 0xb6f6570
r1t01:18003:18003 [0] NCCL INFO AllReduce: opCount 10 sendbuff 0x2b2495200200 recvbuff 0x2b2495200200 count 1 datatype 7 op 4 root 0 comm 0xb6f28e0 [nranks=3] stream 0xb6f6570
r1t01:18003:18003 [0] NCCL INFO AllReduce: opCount 11 sendbuff 0x2b24c11f8000 recvbuff 0x2b24c11f8000 count 1 datatype 1 op 0 root 0 comm 0xb6f28e0 [nranks=3] stream 0xb6f6570
r1t01:18003:18003 [0] NCCL INFO AllReduce: opCount 12 sendbuff 0x2b24c11fb000 recvbuff 0x2b24c11fb000 count 1 datatype 4 op 4 root 0 comm 0xb6f28e0 [nranks=3] stream 0xb6f6570
r1t01:18003:18003 [0] NCCL INFO AllReduce: opCount 13 sendbuff 0x2b24c11fb400 recvbuff 0x2b24c11fb400 count 1 datatype 1 op 0 root 0 comm 0xb6f28e0 [nranks=3] stream 0xb6f6570
r1t01:18003:18003 [0] NCCL INFO AllGather: opCount 14 sendbuff 0x2b24c11fb400 recvbuff 0x2b24c11fc000 count 8 datatype 0 op 0 root 0 comm 0xb6f28e0 [nranks=3] stream 0xb6f6570
r1t01:18003:18003 [0] NCCL INFO AllGather: opCount 15 sendbuff 0x2b24c11fb800 recvbuff 0x2b24c11f8a00 count 8 datatype 0 op 0 root 0 comm 0xb6f28e0 [nranks=3] stream 0xb6f6570
r1t01:18003:18003 [0] NCCL INFO AllReduce: opCount 16 sendbuff 0x2b2495200200 recvbuff 0x2b2495200200 count 1 datatype 1 op 0 root 0 comm 0xb6f28e0 [nranks=3] stream 0xb6f6570
r1t01:18003:18003 [0] NCCL INFO AllGather: opCount 17 sendbuff 0x2b2495200200 recvbuff 0x2b24c11fbe00 count 8 datatype 0 op 0 root 0 comm 0xb6f28e0 [nranks=3] stream 0xb6f6570
r1t01:18003:18003 [0] NCCL INFO AllGather: opCount 18 sendbuff 0x2b24c11f7400 recvbuff 0x2b24c11f9000 count 8 datatype 0 op 0 root 0 comm 0xb6f28e0 [nranks=3] stream 0xb6f6570
r1t01:18003:18003 [0] NCCL INFO AllReduce: opCount 19 sendbuff 0x2b24c11f8600 recvbuff 0x2b24c11f8600 count 1 datatype 1 op 0 root 0 comm 0xb6f28e0 [nranks=3] stream 0xb6f6570
r1t01:18003:18003 [0] NCCL INFO AllGather: opCount 1a sendbuff 0x2b24c11f8600 recvbuff 0x2b24c11fbc00 count 8 datatype 0 op 0 root 0 comm 0xb6f28e0 [nranks=3] stream 0xb6f6570
r1t01:18003:18003 [0] NCCL INFO AllGather: opCount 1b sendbuff 0x2b24c11fae00 recvbuff 0x2b24c11f9600 count 8 datatype 0 op 0 root 0 comm 0xb6f28e0 [nranks=3] stream 0xb6f6570
r1t01:18003:18003 [0] NCCL INFO AllReduce: opCount 1c sendbuff 0x2b2495200200 recvbuff 0x2b2495200200 count 1 datatype 1 op 0 root 0 comm 0xb6f28e0 [nranks=3] stream 0xb6f6570
r1t01:18003:18003 [0] NCCL INFO AllGather: opCount 1d sendbuff 0x2b2495200200 recvbuff 0x2b24c11fba00 count 8 datatype 0 op 0 root 0 comm 0xb6f28e0 [nranks=3] stream 0xb6f6570
r1t01:18003:18003 [0] NCCL INFO AllGather: opCount 1e sendbuff 0x2b24c11fb200 recvbuff 0x2b24c11f9c00 count 8 datatype 0 op 0 root 0 comm 0xb6f28e0 [nranks=3] stream 0xb6f6570
r1t01:18003:18003 [0] NCCL INFO AllReduce: opCount 1f sendbuff 0x2b24c11fbc00 recvbuff 0x2b24c11fbc00 count 1 datatype 1 op 0 root 0 comm 0xb6f28e0 [nranks=3] stream 0xb6f6570
r1t01:18003:18003 [0] NCCL INFO AllReduce: opCount 20 sendbuff 0x2b24c11fb800 recvbuff 0x2b24c11fb800 count 1 datatype 1 op 0 root 0 comm 0xb6f28e0 [nranks=3] stream 0xb6f6570
r1t01:18003:18003 [0] NCCL INFO AllReduce: opCount 21 sendbuff 0x2b24c11fbc00 recvbuff 0x2b24c11fbc00 count 1 datatype 4 op 0 root 0 comm 0xb6f28e0 [nranks=3] stream 0xb6f6570
r1t01:18003:18003 [0] NCCL INFO AllReduce: opCount 22 sendbuff 0x2b24c11fbe00 recvbuff 0x2b24c11fbe00 count 1 datatype 1 op 0 root 0 comm 0xb6f28e0 [nranks=3] stream 0xb6f6570
r1t01:18003:18003 [0] NCCL INFO AllReduce: opCount 23 sendbuff 0x2b24c11fb800 recvbuff 0x2b24c11fb800 count 1 datatype 4 op 0 root 0 comm 0xb6f28e0 [nranks=3] stream 0xb6f6570
r1t01:18003:18200 [0] NCCL INFO AllReduce: opCount 24 sendbuff 0x2b24d6000000 recvbuff 0x2b24d6000000 count 23520842 datatype 7 op 0 root 0 comm 0xb6f28e0 [nranks=3] stream 0xb6f6570
r1t01:18003:18003 [0] NCCL INFO AllReduce: opCount 25 sendbuff 0x2b24c11fbc00 recvbuff 0x2b24c11fbc00 count 1 datatype 1 op 0 root 0 comm 0xb6f28e0 [nranks=3] stream 0xb6f6570
r1t01:18003:18003 [0] NCCL INFO AllGather: opCount 26 sendbuff 0x2b24c11f8400 recvbuff 0x2b26e19fa400 count 4 datatype 0 op 0 root 0 comm 0xb6f28e0 [nranks=3] stream 0xb6f6570
r1t01:18003:18003 [0] NCCL INFO Broadcast: opCount 27 sendbuff 0x2b26e19fac00 recvbuff 0x2b26e19fac00 count 648 datatype 0 op 0 root 0 comm 0xb6f28e0 [nranks=3] stream 0xb6f6570
r1t01:18003:18003 [0] NCCL INFO Broadcast: opCount 28 sendbuff 0x2b24c11f7000 recvbuff 0x2b24c11f7000 count 20 datatype 0 op 0 root 0 comm 0xb6f28e0 [nranks=3] stream 0xb6f6570
r1t01:18003:18003 [0] NCCL INFO Broadcast: opCount 29 sendbuff 0x2b26e1b40000 recvbuff 0x2b26e1b40000 count 212480 datatype 0 op 0 root 0 comm 0xb6f28e0 [nranks=3] stream 0xb6f6570
r1t01:18003:18003 [0] NCCL INFO Broadcast: opCount 2a sendbuff 0x2b24c11f7000 recvbuff 0x2b24c11f7000 count 424 datatype 0 op 0 root 0 comm 0xb6f28e0 [nranks=3] stream 0xb6f6570
r1t01:18003:18200 [0] NCCL INFO AllReduce: opCount 2b sendbuff 0x2b24c4000000 recvbuff 0x2b24c4000000 count 1073162 datatype 7 op 0 root 0 comm 0xb6f28e0 [nranks=3] stream 0xb6f6570
r1t01:18003:18200 [0] NCCL INFO AllReduce: opCount 2c sendbuff 0x2b24c4418200 recvbuff 0x2b24c4418200 count 6822912 datatype 7 op 0 root 0 comm 0xb6f28e0 [nranks=3] stream 0xb6f6570
r1t01:18003:18200 [0] NCCL INFO AllReduce: opCount 2d sendbuff 0x2b2666000000 recvbuff 0x2b2666000000 count 6563840 datatype 7 op 0 root 0 comm 0xb6f28e0 [nranks=3] stream 0xb6f6570
r1t01:18003:18200 [0] NCCL INFO AllReduce: opCount 2e sendbuff 0x2b26e6000000 recvbuff 0x2b26e6000000 count 6637568 datatype 7 op 0 root 0 comm 0xb6f28e0 [nranks=3] stream 0xb6f6570
r1t01:18003:18200 [0] NCCL INFO AllReduce: opCount 2f sendbuff 0x2b26e8000000 recvbuff 0x2b26e8000000 count 2423360 datatype 7 op 0 root 0 comm 0xb6f28e0 [nranks=3] stream 0xb6f6570
r1t01:18003:18003 [0] NCCL INFO AllReduce: opCount 30 sendbuff 0x2b24c11f6400 recvbuff 0x2b24c11f6400 count 1 datatype 1 op 0 root 0 comm 0xb6f28e0 [nranks=3] stream 0xb6f6570
r1t01:18003:18003 [0] NCCL INFO AllGather: opCount 31 sendbuff 0x2b24c11fbc00 recvbuff 0x2b24c15c4c00 count 4 datatype 0 op 0 root 0 comm 0xb6f28e0 [nranks=3] stream 0xb6f6570
r1t01:18003:18003 [0] NCCL INFO Broadcast: opCount 32 sendbuff 0x2b26c9954000 recvbuff 0x2b26c9954000 count 212480 datatype 0 op 0 root 0 comm 0xb6f28e0 [nranks=3] stream 0xb6f6570
r1t01:18003:18003 [0] NCCL INFO Broadcast: opCount 33 sendbuff 0x2b24c11fa400 recvbuff 0x2b24c11fa400 count 424 datatype 0 op 0 root 0 comm 0xb6f28e0 [nranks=3] stream 0xb6f6570
r1t01:18003:18200 [0] NCCL INFO AllReduce: opCount 34 sendbuff 0x2b24c4000000 recvbuff 0x2b24c4000000 count 1073162 datatype 7 op 0 root 0 comm 0xb6f28e0 [nranks=3] stream 0xb6f6570
r1t01:18003:18200 [0] NCCL INFO AllReduce: opCount 35 sendbuff 0x2b24c4418200 recvbuff 0x2b24c4418200 count 6822912 datatype 7 op 0 root 0 comm 0xb6f28e0 [nranks=3] stream 0xb6f6570
r1t01:18003:18200 [0] NCCL INFO AllReduce: opCount 36 sendbuff 0x2b2666000000 recvbuff 0x2b2666000000 count 6563840 datatype 7 op 0 root 0 comm 0xb6f28e0 [nranks=3] stream 0xb6f6570
r1t01:18003:18200 [0] NCCL INFO AllReduce: opCount 37 sendbuff 0x2b26e6000000 recvbuff 0x2b26e6000000 count 6637568 datatype 7 op 0 root 0 comm 0xb6f28e0 [nranks=3] stream 0xb6f6570
r1t01:18003:18200 [0] NCCL INFO AllReduce: opCount 38 sendbuff 0x2b26e8000000 recvbuff 0x2b26e8000000 count 2423360 datatype 7 op 0 root 0 comm 0xb6f28e0 [nranks=3] stream 0xb6f6570
r1t01:18003:18003 [0] NCCL INFO AllReduce: opCount 39 sendbuff 0x2b24c11f7000 recvbuff 0x2b24c11f7000 count 1 datatype 1 op 0 root 0 comm 0xb6f28e0 [nranks=3] stream 0xb6f6570
r1t01:18003:18003 [0] NCCL INFO AllGather: opCount 3a sendbuff 0x2b24c11f6400 recvbuff 0x2b26e19faa00 count 4 datatype 0 op 0 root 0 comm 0xb6f28e0 [nranks=3] stream 0xb6f6570
r1t01:18003:18003 [0] NCCL INFO Broadcast: opCount 3b sendbuff 0x2b26c9940000 recvbuff 0x2b26c9940000 count 212480 datatype 0 op 0 root 0 comm 0xb6f28e0 [nranks=3] stream 0xb6f6570
r1t01:18003:18003 [0] NCCL INFO Broadcast: opCount 3c sendbuff 0x2b24c11f6400 recvbuff 0x2b24c11f6400 count 424 datatype 0 op 0 root 0 comm 0xb6f28e0 [nranks=3] stream 0xb6f6570
r1t01:18003:18200 [0] NCCL INFO AllReduce: opCount 3d sendbuff 0x2b24c4000000 recvbuff 0x2b24c4000000 count 1073162 datatype 7 op 0 root 0 comm 0xb6f28e0 [nranks=3] stream 0xb6f6570
r1t01:18003:18200 [0] NCCL INFO AllReduce: opCount 3e sendbuff 0x2b24c4418200 recvbuff 0x2b24c4418200 count 6822912 datatype 7 op 0 root 0 comm 0xb6f28e0 [nranks=3] stream 0xb6f6570
r1t01:18003:18200 [0] NCCL INFO AllReduce: opCount 3f sendbuff 0x2b2666000000 recvbuff 0x2b2666000000 count 6563840 datatype 7 op 0 root 0 comm 0xb6f28e0 [nranks=3] stream 0xb6f6570
r1t01:18003:18200 [0] NCCL INFO AllReduce: opCount 40 sendbuff 0x2b26e6000000 recvbuff 0x2b26e6000000 count 6637568 datatype 7 op 0 root 0 comm 0xb6f28e0 [nranks=3] stream 0xb6f6570
r1t01:18003:18200 [0] NCCL INFO AllReduce: opCount 41 sendbuff 0x2b26e8000000 recvbuff 0x2b26e8000000 count 2423360 datatype 7 op 0 root 0 comm 0xb6f28e0 [nranks=3] stream 0xb6f6570
r1t01:18003:18003 [0] NCCL INFO AllReduce: opCount 42 sendbuff 0x2b24c11fa400 recvbuff 0x2b24c11fa400 count 1 datatype 1 op 0 root 0 comm 0xb6f28e0 [nranks=3] stream 0xb6f6570
r1t01:18003:18003 [0] NCCL INFO AllGather: opCount 43 sendbuff 0x2b24c11f7000 recvbuff 0x2b26c99ffe00 count 4 datatype 0 op 0 root 0 comm 0xb6f28e0 [nranks=3] stream 0xb6f6570
r1t01:18003:18003 [0] NCCL INFO Broadcast: opCount 44 sendbuff 0x2b26c9790000 recvbuff 0x2b26c9790000 count 212480 datatype 0 op 0 root 0 comm 0xb6f28e0 [nranks=3] stream 0xb6f6570
r1t01:18003:18003 [0] NCCL INFO Broadcast: opCount 45 sendbuff 0x2b24c11f7000 recvbuff 0x2b24c11f7000 count 424 datatype 0 op 0 root 0 comm 0xb6f28e0 [nranks=3] stream 0xb6f6570
r1t01:18003:18200 [0] NCCL INFO AllReduce: opCount 46 sendbuff 0x2b24c4000000 recvbuff 0x2b24c4000000 count 1073162 datatype 7 op 0 root 0 comm 0xb6f28e0 [nranks=3] stream 0xb6f6570
r1t01:18003:18200 [0] NCCL INFO AllReduce: opCount 47 sendbuff 0x2b24c4418200 recvbuff 0x2b24c4418200 count 6822912 datatype 7 op 0 root 0 comm 0xb6f28e0 [nranks=3] stream 0xb6f6570
r1t01:18003:18200 [0] NCCL INFO AllReduce: opCount 48 sendbuff 0x2b2666000000 recvbuff 0x2b2666000000 count 6563840 datatype 7 op 0 root 0 comm 0xb6f28e0 [nranks=3] stream 0xb6f6570
r1t01:18003:18200 [0] NCCL INFO AllReduce: opCount 49 sendbuff 0x2b26e6000000 recvbuff 0x2b26e6000000 count 6637568 datatype 7 op 0 root 0 comm 0xb6f28e0 [nranks=3] stream 0xb6f6570
r1t01:18003:18200 [0] NCCL INFO AllReduce: opCount 4a sendbuff 0x2b26e8000000 recvbuff 0x2b26e8000000 count 2423360 datatype 7 op 0 root 0 comm 0xb6f28e0 [nranks=3] stream 0xb6f6570
r1t01:18003:18003 [0] NCCL INFO AllReduce: opCount 4b sendbuff 0x2b24c11f6400 recvbuff 0x2b24c11f6400 count 1 datatype 1 op 0 root 0 comm 0xb6f28e0 [nranks=3] stream 0xb6f6570
r1t01:18003:18003 [0] NCCL INFO AllGather: opCount 4c sendbuff 0x2b24c11fa400 recvbuff 0x2b26c995ae00 count 4 datatype 0 op 0 root 0 comm 0xb6f28e0 [nranks=3] stream 0xb6f6570
r1t01:18003:18003 [0] NCCL INFO Broadcast: opCount 4d sendbuff 0x2b24c15c4c00 recvbuff 0x2b24c15c4c00 count 212480 datatype 0 op 0 root 0 comm 0xb6f28e0 [nranks=3] stream 0xb6f6570
r1t01:18003:18003 [0] NCCL INFO Broadcast: opCount 4e sendbuff 0x2b24c11fbc00 recvbuff 0x2b24c11fbc00 count 424 datatype 0 op 0 root 0 comm 0xb6f28e0 [nranks=3] stream 0xb6f6570
r1t01:18003:18200 [0] NCCL INFO AllReduce: opCount 4f sendbuff 0x2b24c4000000 recvbuff 0x2b24c4000000 count 1073162 datatype 7 op 0 root 0 comm 0xb6f28e0 [nranks=3] stream 0xb6f6570
r1t01:18003:18200 [0] NCCL INFO AllReduce: opCount 50 sendbuff 0x2b24c4418200 recvbuff 0x2b24c4418200 count 6822912 datatype 7 op 0 root 0 comm 0xb6f28e0 [nranks=3] stream 0xb6f6570
r1t01:18003:18200 [0] NCCL INFO AllReduce: opCount 51 sendbuff 0x2b2666000000 recvbuff 0x2b2666000000 count 6563840 datatype 7 op 0 root 0 comm 0xb6f28e0 [nranks=3] stream 0xb6f6570
r1t01:18003:18200 [0] NCCL INFO AllReduce: opCount 52 sendbuff 0x2b26e6000000 recvbuff 0x2b26e6000000 count 6637568 datatype 7 op 0 root 0 comm 0xb6f28e0 [nranks=3] stream 0xb6f6570
r1t01:18003:18200 [0] NCCL INFO AllReduce: opCount 53 sendbuff 0x2b26e8000000 recvbuff 0x2b26e8000000 count 2423360 datatype 7 op 0 root 0 comm 0xb6f28e0 [nranks=3] stream 0xb6f6570
r1t01:18003:18003 [0] NCCL INFO AllReduce: opCount 54 sendbuff 0x2b24c11f7000 recvbuff 0x2b24c11f7000 count 1 datatype 1 op 0 root 0 comm 0xb6f28e0 [nranks=3] stream 0xb6f6570
r1t01:18003:18003 [0] NCCL INFO AllGather: opCount 55 sendbuff 0x2b24c11f6400 recvbuff 0x2b24c1587600 count 4 datatype 0 op 0 root 0 comm 0xb6f28e0 [nranks=3] stream 0xb6f6570
r1t01:18003:18003 [0] NCCL INFO Broadcast: opCount 56 sendbuff 0x2b26c9790000 recvbuff 0x2b26c9790000 count 212480 datatype 0 op 0 root 0 comm 0xb6f28e0 [nranks=3] stream 0xb6f6570
r1t01:18003:18003 [0] NCCL INFO Broadcast: opCount 57 sendbuff 0x2b24c11f6400 recvbuff 0x2b24c11f6400 count 424 datatype 0 op 0 root 0 comm 0xb6f28e0 [nranks=3] stream 0xb6f6570
r1t01:18003:18200 [0] NCCL INFO AllReduce: opCount 58 sendbuff 0x2b24c4000000 recvbuff 0x2b24c4000000 count 1073162 datatype 7 op 0 root 0 comm 0xb6f28e0 [nranks=3] stream 0xb6f6570
r1t01:18003:18200 [0] NCCL INFO AllReduce: opCount 59 sendbuff 0x2b24c4418200 recvbuff 0x2b24c4418200 count 6822912 datatype 7 op 0 root 0 comm 0xb6f28e0 [nranks=3] stream 0xb6f6570
r1t01:18003:18200 [0] NCCL INFO AllReduce: opCount 5a sendbuff 0x2b2666000000 recvbuff 0x2b2666000000 count 6563840 datatype 7 op 0 root 0 comm 0xb6f28e0 [nranks=3] stream 0xb6f6570
r1t01:18003:18200 [0] NCCL INFO AllReduce: opCount 5b sendbuff 0x2b26e6000000 recvbuff 0x2b26e6000000 count 6637568 datatype 7 op 0 root 0 comm 0xb6f28e0 [nranks=3] stream 0xb6f6570
r1t01:18003:18200 [0] NCCL INFO AllReduce: opCount 5c sendbuff 0x2b26e8000000 recvbuff 0x2b26e8000000 count 2423360 datatype 7 op 0 root 0 comm 0xb6f28e0 [nranks=3] stream 0xb6f6570
r1t01:18003:18003 [0] NCCL INFO AllReduce: opCount 5d sendbuff 0x2b24c11fbc00 recvbuff 0x2b24c11fbc00 count 1 datatype 1 op 0 root 0 comm 0xb6f28e0 [nranks=3] stream 0xb6f6570
r1t01:18003:18003 [0] NCCL INFO AllGather: opCount 5e sendbuff 0x2b24c11f7000 recvbuff 0x2b26e19fa000 count 4 datatype 0 op 0 root 0 comm 0xb6f28e0 [nranks=3] stream 0xb6f6570
r1t01:18003:18003 [0] NCCL INFO Broadcast: opCount 5f sendbuff 0x2b26c9790000 recvbuff 0x2b26c9790000 count 212480 datatype 0 op 0 root 0 comm 0xb6f28e0 [nranks=3] stream 0xb6f6570
r1t01:18003:18003 [0] NCCL INFO Broadcast: opCount 60 sendbuff 0x2b24c11f7000 recvbuff 0x2b24c11f7000 count 424 datatype 0 op 0 root 0 comm 0xb6f28e0 [nranks=3] stream 0xb6f6570
r1t01:18003:18200 [0] NCCL INFO AllReduce: opCount 61 sendbuff 0x2b24c4000000 recvbuff 0x2b24c4000000 count 1073162 datatype 7 op 0 root 0 comm 0xb6f28e0 [nranks=3] stream 0xb6f6570
r1t01:18003:18200 [0] NCCL INFO AllReduce: opCount 62 sendbuff 0x2b24c4418200 recvbuff 0x2b24c4418200 count 6822912 datatype 7 op 0 root 0 comm 0xb6f28e0 [nranks=3] stream 0xb6f6570
r1t01:18003:18200 [0] NCCL INFO AllReduce: opCount 63 sendbuff 0x2b2666000000 recvbuff 0x2b2666000000 count 6563840 datatype 7 op 0 root 0 comm 0xb6f28e0 [nranks=3] stream 0xb6f6570
r1t01:18003:18200 [0] NCCL INFO AllReduce: opCount 64 sendbuff 0x2b26e6000000 recvbuff 0x2b26e6000000 count 6637568 datatype 7 op 0 root 0 comm 0xb6f28e0 [nranks=3] stream 0xb6f6570
r1t01:18003:18200 [0] NCCL INFO AllReduce: opCount 65 sendbuff 0x2b26e8000000 recvbuff 0x2b26e8000000 count 2423360 datatype 7 op 0 root 0 comm 0xb6f28e0 [nranks=3] stream 0xb6f6570
r1t01:18003:18003 [0] NCCL INFO AllReduce: opCount 66 sendbuff 0x2b24c11f6400 recvbuff 0x2b24c11f6400 count 1 datatype 1 op 0 root 0 comm 0xb6f28e0 [nranks=3] stream 0xb6f6570
r1t01:18003:18003 [0] NCCL INFO AllGather: opCount 67 sendbuff 0x2b24c11fbc00 recvbuff 0x2b26e19fa600 count 4 datatype 0 op 0 root 0 comm 0xb6f28e0 [nranks=3] stream 0xb6f6570
r1t01:18003:18003 [0] NCCL INFO Broadcast: opCount 68 sendbuff 0x2b26c9790000 recvbuff 0x2b26c9790000 count 212480 datatype 0 op 0 root 0 comm 0xb6f28e0 [nranks=3] stream 0xb6f6570
r1t01:18003:18003 [0] NCCL INFO Broadcast: opCount 69 sendbuff 0x2b24c11fbc00 recvbuff 0x2b24c11fbc00 count 424 datatype 0 op 0 root 0 comm 0xb6f28e0 [nranks=3] stream 0xb6f6570
r1t01:18003:18200 [0] NCCL INFO AllReduce: opCount 6a sendbuff 0x2b24c4000000 recvbuff 0x2b24c4000000 count 1073162 datatype 7 op 0 root 0 comm 0xb6f28e0 [nranks=3] stream 0xb6f6570
r1t01:18003:18200 [0] NCCL INFO AllReduce: opCount 6b sendbuff 0x2b24c4418200 recvbuff 0x2b24c4418200 count 6822912 datatype 7 op 0 root 0 comm 0xb6f28e0 [nranks=3] stream 0xb6f6570
r1t01:18003:18200 [0] NCCL INFO AllReduce: opCount 6c sendbuff 0x2b2666000000 recvbuff 0x2b2666000000 count 6563840 datatype 7 op 0 root 0 comm 0xb6f28e0 [nranks=3] stream 0xb6f6570
r1t01:18003:18200 [0] NCCL INFO AllReduce: opCount 6d sendbuff 0x2b26e6000000 recvbuff 0x2b26e6000000 count 6637568 datatype 7 op 0 root 0 comm 0xb6f28e0 [nranks=3] stream 0xb6f6570
r1t01:18003:18200 [0] NCCL INFO AllReduce: opCount 6e sendbuff 0x2b26e8000000 recvbuff 0x2b26e8000000 count 2423360 datatype 7 op 0 root 0 comm 0xb6f28e0 [nranks=3] stream 0xb6f6570
r1t01:18003:18003 [0] NCCL INFO AllReduce: opCount 6f sendbuff 0x2b24c11f7000 recvbuff 0x2b24c11f7000 count 1 datatype 1 op 0 root 0 comm 0xb6f28e0 [nranks=3] stream 0xb6f6570
r1t01:18003:18003 [0] NCCL INFO AllGather: opCount 70 sendbuff 0x2b24c11f6400 recvbuff 0x2b26c99ffe00 count 4 datatype 0 op 0 root 0 comm 0xb6f28e0 [nranks=3] stream 0xb6f6570
r1t01:18003:18003 [0] NCCL INFO Broadcast: opCount 71 sendbuff 0x2b26c9790000 recvbuff 0x2b26c9790000 count 212480 datatype 0 op 0 root 0 comm 0xb6f28e0 [nranks=3] stream 0xb6f6570
r1t01:18003:18003 [0] NCCL INFO Broadcast: opCount 72 sendbuff 0x2b24c11f6400 recvbuff 0x2b24c11f6400 count 424 datatype 0 op 0 root 0 comm 0xb6f28e0 [nranks=3] stream 0xb6f6570
r1t01:18003:18200 [0] NCCL INFO AllReduce: opCount 73 sendbuff 0x2b24c4000000 recvbuff 0x2b24c4000000 count 1073162 datatype 7 op 0 root 0 comm 0xb6f28e0 [nranks=3] stream 0xb6f6570
r1t01:18003:18200 [0] NCCL INFO AllReduce: opCount 74 sendbuff 0x2b24c4418200 recvbuff 0x2b24c4418200 count 6822912 datatype 7 op 0 root 0 comm 0xb6f28e0 [nranks=3] stream 0xb6f6570
r1t01:18003:18200 [0] NCCL INFO AllReduce: opCount 75 sendbuff 0x2b2666000000 recvbuff 0x2b2666000000 count 6563840 datatype 7 op 0 root 0 comm 0xb6f28e0 [nranks=3] stream 0xb6f6570
r1t01:18003:18200 [0] NCCL INFO AllReduce: opCount 76 sendbuff 0x2b26e6000000 recvbuff 0x2b26e6000000 count 6637568 datatype 7 op 0 root 0 comm 0xb6f28e0 [nranks=3] stream 0xb6f6570
r1t01:18003:18200 [0] NCCL INFO AllReduce: opCount 77 sendbuff 0x2b26e8000000 recvbuff 0x2b26e8000000 count 2423360 datatype 7 op 0 root 0 comm 0xb6f28e0 [nranks=3] stream 0xb6f6570
r1t01:18003:18003 [0] NCCL INFO AllReduce: opCount 78 sendbuff 0x2b24c11fbc00 recvbuff 0x2b24c11fbc00 count 1 datatype 1 op 0 root 0 comm 0xb6f28e0 [nranks=3] stream 0xb6f6570
r1t01:18003:18003 [0] NCCL INFO AllGather: opCount 79 sendbuff 0x2b24c11f7000 recvbuff 0x2b26fdcc2200 count 4 datatype 0 op 0 root 0 comm 0xb6f28e0 [nranks=3] stream 0xb6f6570
r1t01:18003:18003 [0] NCCL INFO Broadcast: opCount 7a sendbuff 0x2b26c9790000 recvbuff 0x2b26c9790000 count 212480 datatype 0 op 0 root 0 comm 0xb6f28e0 [nranks=3] stream 0xb6f6570
r1t01:18003:18003 [0] NCCL INFO Broadcast: opCount 7b sendbuff 0x2b24c11f7000 recvbuff 0x2b24c11f7000 count 424 datatype 0 op 0 root 0 comm 0xb6f28e0 [nranks=3] stream 0xb6f6570
r1t01:18003:18200 [0] NCCL INFO AllReduce: opCount 7c sendbuff 0x2b24c4000000 recvbuff 0x2b24c4000000 count 1073162 datatype 7 op 0 root 0 comm 0xb6f28e0 [nranks=3] stream 0xb6f6570
r1t01:18003:18200 [0] NCCL INFO AllReduce: opCount 7d sendbuff 0x2b24c4418200 recvbuff 0x2b24c4418200 count 6822912 datatype 7 op 0 root 0 comm 0xb6f28e0 [nranks=3] stream 0xb6f6570
r1t01:18003:18200 [0] NCCL INFO AllReduce: opCount 7e sendbuff 0x2b2666000000 recvbuff 0x2b2666000000 count 6563840 datatype 7 op 0 root 0 comm 0xb6f28e0 [nranks=3] stream 0xb6f6570
r1t01:18003:18200 [0] NCCL INFO AllReduce: opCount 7f sendbuff 0x2b26e6000000 recvbuff 0x2b26e6000000 count 6637568 datatype 7 op 0 root 0 comm 0xb6f28e0 [nranks=3] stream 0xb6f6570
r1t01:18003:18200 [0] NCCL INFO AllReduce: opCount 80 sendbuff 0x2b26e8000000 recvbuff 0x2b26e8000000 count 2423360 datatype 7 op 0 root 0 comm 0xb6f28e0 [nranks=3] stream 0xb6f6570
r1t01:18003:18003 [0] NCCL INFO AllReduce: opCount 81 sendbuff 0x2b24c11f6400 recvbuff 0x2b24c11f6400 count 1 datatype 1 op 0 root 0 comm 0xb6f28e0 [nranks=3] stream 0xb6f6570
r1t01:18003:18003 [0] NCCL INFO AllGather: opCount 82 sendbuff 0x2b24c11fbc00 recvbuff 0x2b26c995b800 count 4 datatype 0 op 0 root 0 comm 0xb6f28e0 [nranks=3] stream 0xb6f6570
r1t01:18003:18003 [0] NCCL INFO Broadcast: opCount 83 sendbuff 0x2b26c9774000 recvbuff 0x2b26c9774000 count 212480 datatype 0 op 0 root 0 comm 0xb6f28e0 [nranks=3] stream 0xb6f6570
r1t01:18003:18003 [0] NCCL INFO Broadcast: opCount 84 sendbuff 0x2b24c11fbc00 recvbuff 0x2b24c11fbc00 count 424 datatype 0 op 0 root 0 comm 0xb6f28e0 [nranks=3] stream 0xb6f6570
r1t01:18003:18200 [0] NCCL INFO AllReduce: opCount 85 sendbuff 0x2b24c4000000 recvbuff 0x2b24c4000000 count 1073162 datatype 7 op 0 root 0 comm 0xb6f28e0 [nranks=3] stream 0xb6f6570
r1t01:18003:18200 [0] NCCL INFO AllReduce: opCount 86 sendbuff 0x2b24c4418200 recvbuff 0x2b24c4418200 count 6822912 datatype 7 op 0 root 0 comm 0xb6f28e0 [nranks=3] stream 0xb6f6570
r1t01:18003:18200 [0] NCCL INFO AllReduce: opCount 87 sendbuff 0x2b2666000000 recvbuff 0x2b2666000000 count 6563840 datatype 7 op 0 root 0 comm 0xb6f28e0 [nranks=3] stream 0xb6f6570
r1t01:18003:18200 [0] NCCL INFO AllReduce: opCount 88 sendbuff 0x2b26e6000000 recvbuff 0x2b26e6000000 count 6637568 datatype 7 op 0 root 0 comm 0xb6f28e0 [nranks=3] stream 0xb6f6570
r1t01:18003:18200 [0] NCCL INFO AllReduce: opCount 89 sendbuff 0x2b26e8000000 recvbuff 0x2b26e8000000 count 2423360 datatype 7 op 0 root 0 comm 0xb6f28e0 [nranks=3] stream 0xb6f6570
r1t01:18003:18003 [0] NCCL INFO AllReduce: opCount 8a sendbuff 0x2b24c11f7000 recvbuff 0x2b24c11f7000 count 1 datatype 1 op 0 root 0 comm 0xb6f28e0 [nranks=3] stream 0xb6f6570
r1t01:18003:18003 [0] NCCL INFO AllGather: opCount 8b sendbuff 0x2b24c11f6400 recvbuff 0x2b26e19fa600 count 4 datatype 0 op 0 root 0 comm 0xb6f28e0 [nranks=3] stream 0xb6f6570
r1t01:18003:18003 [0] NCCL INFO Broadcast: opCount 8c sendbuff 0x2b26c9750000 recvbuff 0x2b26c9750000 count 212480 datatype 0 op 0 root 0 comm 0xb6f28e0 [nranks=3] stream 0xb6f6570
r1t01:18003:18003 [0] NCCL INFO Broadcast: opCount 8d sendbuff 0x2b24c11f6400 recvbuff 0x2b24c11f6400 count 424 datatype 0 op 0 root 0 comm 0xb6f28e0 [nranks=3] stream 0xb6f6570
r1t01:18003:18200 [0] NCCL INFO AllReduce: opCount 8e sendbuff 0x2b24c4000000 recvbuff 0x2b24c4000000 count 1073162 datatype 7 op 0 root 0 comm 0xb6f28e0 [nranks=3] stream 0xb6f6570
r1t01:18003:18200 [0] NCCL INFO AllReduce: opCount 8f sendbuff 0x2b24c4418200 recvbuff 0x2b24c4418200 count 6822912 datatype 7 op 0 root 0 comm 0xb6f28e0 [nranks=3] stream 0xb6f6570
r1t01:18003:18200 [0] NCCL INFO AllReduce: opCount 90 sendbuff 0x2b2666000000 recvbuff 0x2b2666000000 count 6563840 datatype 7 op 0 root 0 comm 0xb6f28e0 [nranks=3] stream 0xb6f6570
