r1t00:506:506 [0] NCCL INFO AllGather: opCount 9a sendbuff 0x2acf1d3f6a00 recvbuff 0x2acf1d3f8400 count 4 datatype 0 op 0 root 0 comm 0xbec2200 [nranks=3] stream 0xbec5f30
r1t00:506:506 [0] NCCL INFO AllGather: opCount 9b sendbuff 0x2acf6c000000 recvbuff 0x2acf82000000 count 31361124 datatype 0 op 0 root 0 comm 0xbec2200 [nranks=3] stream 0xbec5f30
r1t00:506:827 [0] NCCL INFO ReduceScatter: opCount 9c sendbuff 0x2ad208000000 recvbuff 0x2ad20e000000 count 7840281 datatype 7 op 0 root 0 comm 0xbec2200 [nranks=3] stream 0xbec5f30
r1t00:506:506 [0] NCCL INFO AllReduce: opCount 9d sendbuff 0x2acf1d3f8200 recvbuff 0x2acf1d3f8200 count 1 datatype 1 op 0 root 0 comm 0xbec2200 [nranks=3] stream 0xbec5f30
r1t00:506:506 [0] NCCL INFO AllGather: opCount 9e sendbuff 0x2acf1d3fc000 recvbuff 0x2acf1d3f8600 count 4 datatype 0 op 0 root 0 comm 0xbec2200 [nranks=3] stream 0xbec5f30
r1t00:506:506 [0] NCCL INFO AllGather: opCount 9f sendbuff 0x2acf6c000000 recvbuff 0x2acf82000000 count 31361124 datatype 0 op 0 root 0 comm 0xbec2200 [nranks=3] stream 0xbec5f30
r1t00:506:827 [0] NCCL INFO ReduceScatter: opCount a0 sendbuff 0x2ad208000000 recvbuff 0x2ad20e000000 count 7840281 datatype 7 op 0 root 0 comm 0xbec2200 [nranks=3] stream 0xbec5f30
r1t00:506:506 [0] NCCL INFO AllReduce: opCount a1 sendbuff 0x2acf1d3f6a00 recvbuff 0x2acf1d3f6a00 count 1 datatype 1 op 0 root 0 comm 0xbec2200 [nranks=3] stream 0xbec5f30
r1t00:506:506 [0] NCCL INFO AllGather: opCount a2 sendbuff 0x2acf1d3f8200 recvbuff 0x2acf693dfc00 count 4 datatype 0 op 0 root 0 comm 0xbec2200 [nranks=3] stream 0xbec5f30
r1t00:506:506 [0] NCCL INFO AllGather: opCount a3 sendbuff 0x2acf6c000000 recvbuff 0x2acf82000000 count 31361124 datatype 0 op 0 root 0 comm 0xbec2200 [nranks=3] stream 0xbec5f30
r1t00:506:827 [0] NCCL INFO ReduceScatter: opCount a4 sendbuff 0x2ad208000000 recvbuff 0x2ad20e000000 count 7840281 datatype 7 op 0 root 0 comm 0xbec2200 [nranks=3] stream 0xbec5f30
r1t00:506:506 [0] NCCL INFO AllReduce: opCount a5 sendbuff 0x2acf1d3f8600 recvbuff 0x2acf1d3f8600 count 1 datatype 1 op 0 root 0 comm 0xbec2200 [nranks=3] stream 0xbec5f30
r1t00:506:506 [0] NCCL INFO AllGather: opCount a6 sendbuff 0x2acf1d3f6a00 recvbuff 0x2acf1d3f8600 count 4 datatype 0 op 0 root 0 comm 0xbec2200 [nranks=3] stream 0xbec5f30
r1t00:506:506 [0] NCCL INFO AllGather: opCount a7 sendbuff 0x2acf6c000000 recvbuff 0x2acf82000000 count 31361124 datatype 0 op 0 root 0 comm 0xbec2200 [nranks=3] stream 0xbec5f30
r1t00:506:827 [0] NCCL INFO ReduceScatter: opCount a8 sendbuff 0x2ad208000000 recvbuff 0x2ad20e000000 count 7840281 datatype 7 op 0 root 0 comm 0xbec2200 [nranks=3] stream 0xbec5f30
r1t00:506:506 [0] NCCL INFO AllReduce: opCount a9 sendbuff 0x2acf1d3f8600 recvbuff 0x2acf1d3f8600 count 1 datatype 1 op 0 root 0 comm 0xbec2200 [nranks=3] stream 0xbec5f30
r1t00:506:506 [0] NCCL INFO AllGather: opCount aa sendbuff 0x2acf1d3f8200 recvbuff 0x2acf693d9800 count 4 datatype 0 op 0 root 0 comm 0xbec2200 [nranks=3] stream 0xbec5f30
r1t00:506:506 [0] NCCL INFO AllGather: opCount ab sendbuff 0x2acf6c000000 recvbuff 0x2acf82000000 count 31361124 datatype 0 op 0 root 0 comm 0xbec2200 [nranks=3] stream 0xbec5f30
r1t00:506:827 [0] NCCL INFO ReduceScatter: opCount ac sendbuff 0x2ad208000000 recvbuff 0x2ad20e000000 count 7840281 datatype 7 op 0 root 0 comm 0xbec2200 [nranks=3] stream 0xbec5f30
r1t00:506:506 [0] NCCL INFO AllReduce: opCount ad sendbuff 0x2acf1d3f6a00 recvbuff 0x2acf1d3f6a00 count 1 datatype 1 op 0 root 0 comm 0xbec2200 [nranks=3] stream 0xbec5f30
r1t00:506:506 [0] NCCL INFO AllGather: opCount ae sendbuff 0x2acf1d3f8600 recvbuff 0x2acf1d244400 count 4 datatype 0 op 0 root 0 comm 0xbec2200 [nranks=3] stream 0xbec5f30
r1t00:506:506 [0] NCCL INFO AllGather: opCount af sendbuff 0x2acf6c000000 recvbuff 0x2acf82000000 count 31361124 datatype 0 op 0 root 0 comm 0xbec2200 [nranks=3] stream 0xbec5f30
r1t00:506:827 [0] NCCL INFO ReduceScatter: opCount b0 sendbuff 0x2ad208000000 recvbuff 0x2ad20e000000 count 7840281 datatype 7 op 0 root 0 comm 0xbec2200 [nranks=3] stream 0xbec5f30
r1t00:506:506 [0] NCCL INFO AllReduce: opCount b1 sendbuff 0x2acf1d3f8600 recvbuff 0x2acf1d3f8600 count 1 datatype 1 op 0 root 0 comm 0xbec2200 [nranks=3] stream 0xbec5f30
r1t00:506:506 [0] NCCL INFO AllGather: opCount b2 sendbuff 0x2acf1d3f6a00 recvbuff 0x2acf693dfc00 count 4 datatype 0 op 0 root 0 comm 0xbec2200 [nranks=3] stream 0xbec5f30
r1t00:506:506 [0] NCCL INFO AllGather: opCount b3 sendbuff 0x2acf6c000000 recvbuff 0x2acf82000000 count 31361124 datatype 0 op 0 root 0 comm 0xbec2200 [nranks=3] stream 0xbec5f30
r1t00:506:827 [0] NCCL INFO ReduceScatter: opCount b4 sendbuff 0x2ad208000000 recvbuff 0x2ad20e000000 count 7840281 datatype 7 op 0 root 0 comm 0xbec2200 [nranks=3] stream 0xbec5f30
r1t00:506:506 [0] NCCL INFO AllReduce: opCount b5 sendbuff 0x2acf693dca00 recvbuff 0x2acf693dca00 count 1 datatype 1 op 0 root 0 comm 0xbec2200 [nranks=3] stream 0xbec5f30
r1t00:506:506 [0] NCCL INFO AllGather: opCount b6 sendbuff 0x2acf1d3f8600 recvbuff 0x2acf1d3f8400 count 4 datatype 0 op 0 root 0 comm 0xbec2200 [nranks=3] stream 0xbec5f30
r1t00:506:506 [0] NCCL INFO AllGather: opCount b7 sendbuff 0x2acf6c000000 recvbuff 0x2acf82000000 count 31361124 datatype 0 op 0 root 0 comm 0xbec2200 [nranks=3] stream 0xbec5f30
r1t00:506:827 [0] NCCL INFO ReduceScatter: opCount b8 sendbuff 0x2ad208000000 recvbuff 0x2ad20e000000 count 7840281 datatype 7 op 0 root 0 comm 0xbec2200 [nranks=3] stream 0xbec5f30
r1t00:506:506 [0] NCCL INFO AllReduce: opCount b9 sendbuff 0x2acf1d3f6a00 recvbuff 0x2acf1d3f6a00 count 1 datatype 1 op 0 root 0 comm 0xbec2200 [nranks=3] stream 0xbec5f30
r1t00:506:506 [0] NCCL INFO AllGather: opCount ba sendbuff 0x2acf693dca00 recvbuff 0x2acf1d3f8400 count 4 datatype 0 op 0 root 0 comm 0xbec2200 [nranks=3] stream 0xbec5f30
r1t00:506:506 [0] NCCL INFO AllGather: opCount bb sendbuff 0x2acf6c000000 recvbuff 0x2acf82000000 count 31361124 datatype 0 op 0 root 0 comm 0xbec2200 [nranks=3] stream 0xbec5f30
r1t00:506:827 [0] NCCL INFO ReduceScatter: opCount bc sendbuff 0x2ad208000000 recvbuff 0x2ad20e000000 count 7840281 datatype 7 op 0 root 0 comm 0xbec2200 [nranks=3] stream 0xbec5f30
r1t00:506:506 [0] NCCL INFO AllReduce: opCount bd sendbuff 0x2acf1d3f8200 recvbuff 0x2acf1d3f8200 count 1 datatype 1 op 0 root 0 comm 0xbec2200 [nranks=3] stream 0xbec5f30
r1t00:506:506 [0] NCCL INFO AllGather: opCount be sendbuff 0x2acf1d3f6a00 recvbuff 0x2acf1d3f8600 count 4 datatype 0 op 0 root 0 comm 0xbec2200 [nranks=3] stream 0xbec5f30
r1t00:506:506 [0] NCCL INFO AllGather: opCount bf sendbuff 0x2acf6c000000 recvbuff 0x2acf82000000 count 31361124 datatype 0 op 0 root 0 comm 0xbec2200 [nranks=3] stream 0xbec5f30
r1t00:506:827 [0] NCCL INFO ReduceScatter: opCount c0 sendbuff 0x2ad208000000 recvbuff 0x2ad20e000000 count 7840281 datatype 7 op 0 root 0 comm 0xbec2200 [nranks=3] stream 0xbec5f30
r1t00:506:506 [0] NCCL INFO AllReduce: opCount c1 sendbuff 0x2acf1d3f8600 recvbuff 0x2acf1d3f8600 count 1 datatype 1 op 0 root 0 comm 0xbec2200 [nranks=3] stream 0xbec5f30
r1t00:506:506 [0] NCCL INFO AllGather: opCount c2 sendbuff 0x2acf1d3f8200 recvbuff 0x2ad1c97fce00 count 4 datatype 0 op 0 root 0 comm 0xbec2200 [nranks=3] stream 0xbec5f30
r1t00:506:506 [0] NCCL INFO AllGather: opCount c3 sendbuff 0x2acf6c000000 recvbuff 0x2acf82000000 count 31361124 datatype 0 op 0 root 0 comm 0xbec2200 [nranks=3] stream 0xbec5f30
r1t00:506:506 [0] NCCL INFO AllReduce: opCount c4 sendbuff 0x2acf1d3f6a00 recvbuff 0x2acf1d3f6a00 count 1 datatype 1 op 0 root 0 comm 0xbec2200 [nranks=3] stream 0xbec5f30
r1t00:506:506 [0] NCCL INFO AllReduce: opCount c5 sendbuff 0x2acf1d244e00 recvbuff 0x2acf1d244e00 count 1 datatype 7 op 4 root 0 comm 0xbec2200 [nranks=3] stream 0xbec5f30
r1t00:506:506 [0] NCCL INFO AllReduce: opCount c6 sendbuff 0x2acf1d245600 recvbuff 0x2acf1d245600 count 1 datatype 1 op 0 root 0 comm 0xbec2200 [nranks=3] stream 0xbec5f30
r1t00:506:506 [0] NCCL INFO AllReduce: opCount c7 sendbuff 0x2acf1d244400 recvbuff 0x2acf1d244400 count 1 datatype 4 op 4 root 0 comm 0xbec2200 [nranks=3] stream 0xbec5f30
r1t00:506:506 [0] NCCL INFO AllReduce: opCount c8 sendbuff 0x2acf1d3f6a00 recvbuff 0x2acf1d3f6a00 count 1 datatype 1 op 0 root 0 comm 0xbec2200 [nranks=3] stream 0xbec5f30
r1t00:506:506 [0] NCCL INFO AllGather: opCount c9 sendbuff 0x2acf1d3f6a00 recvbuff 0x2acf1d3fc200 count 8 datatype 0 op 0 root 0 comm 0xbec2200 [nranks=3] stream 0xbec5f30
r1t00:506:506 [0] NCCL INFO AllGather: opCount ca sendbuff 0x2acf1d244800 recvbuff 0x2acf693dac00 count 8 datatype 0 op 0 root 0 comm 0xbec2200 [nranks=3] stream 0xbec5f30
r1t00:506:506 [0] NCCL INFO AllReduce: opCount cb sendbuff 0x2acf1d244e00 recvbuff 0x2acf1d244e00 count 1 datatype 1 op 0 root 0 comm 0xbec2200 [nranks=3] stream 0xbec5f30
r1t00:506:506 [0] NCCL INFO AllGather: opCount cc sendbuff 0x2acf1d244e00 recvbuff 0x2acf1d3fbe00 count 8 datatype 0 op 0 root 0 comm 0xbec2200 [nranks=3] stream 0xbec5f30
r1t00:506:506 [0] NCCL INFO AllGather: opCount cd sendbuff 0x2acf1d244a00 recvbuff 0x2ad1c97fd200 count 8 datatype 0 op 0 root 0 comm 0xbec2200 [nranks=3] stream 0xbec5f30
r1t00:506:506 [0] NCCL INFO AllReduce: opCount ce sendbuff 0x2acf1d3f6a00 recvbuff 0x2acf1d3f6a00 count 1 datatype 1 op 0 root 0 comm 0xbec2200 [nranks=3] stream 0xbec5f30
r1t00:506:506 [0] NCCL INFO AllGather: opCount cf sendbuff 0x2acf1d3f6a00 recvbuff 0x2acf693dac00 count 8 datatype 0 op 0 root 0 comm 0xbec2200 [nranks=3] stream 0xbec5f30
r1t00:506:506 [0] NCCL INFO AllGather: opCount d0 sendbuff 0x2acf1d3f8400 recvbuff 0x2acf1d3f8e00 count 8 datatype 0 op 0 root 0 comm 0xbec2200 [nranks=3] stream 0xbec5f30
r1t00:506:506 [0] NCCL INFO AllReduce: opCount d1 sendbuff 0x2acf1d244e00 recvbuff 0x2acf1d244e00 count 1 datatype 1 op 0 root 0 comm 0xbec2200 [nranks=3] stream 0xbec5f30
r1t00:506:506 [0] NCCL INFO AllGather: opCount d2 sendbuff 0x2acf1d244e00 recvbuff 0x2ad1c97fd200 count 8 datatype 0 op 0 root 0 comm 0xbec2200 [nranks=3] stream 0xbec5f30
r1t00:506:506 [0] NCCL INFO AllGather: opCount d3 sendbuff 0x2acf1d3f8800 recvbuff 0x2acf1d3f9400 count 8 datatype 0 op 0 root 0 comm 0xbec2200 [nranks=3] stream 0xbec5f30
r1t00:506:506 [0] NCCL INFO AllReduce: opCount d4 sendbuff 0x2acf1d3f6a00 recvbuff 0x2acf1d3f6a00 count 1 datatype 1 op 0 root 0 comm 0xbec2200 [nranks=3] stream 0xbec5f30
r1t00:506:506 [0] NCCL INFO AllGather: opCount d5 sendbuff 0x2acf1d3f6a00 recvbuff 0x2acf1d3fc000 count 8 datatype 0 op 0 root 0 comm 0xbec2200 [nranks=3] stream 0xbec5f30
r1t00:506:506 [0] NCCL INFO AllGather: opCount d6 sendbuff 0x2acf693da400 recvbuff 0x2acf693dac00 count 8 datatype 0 op 0 root 0 comm 0xbec2200 [nranks=3] stream 0xbec5f30
r1t00:506:506 [0] NCCL INFO AllReduce: opCount d7 sendbuff 0x2acf1d3f8800 recvbuff 0x2acf1d3f8800 count 1 datatype 1 op 0 root 0 comm 0xbec2200 [nranks=3] stream 0xbec5f30
r1t00:506:506 [0] NCCL INFO AllGather: opCount d8 sendbuff 0x2acf1d3f8800 recvbuff 0x2acf1d3f8200 count 8 datatype 0 op 0 root 0 comm 0xbec2200 [nranks=3] stream 0xbec5f30
r1t00:506:506 [0] NCCL INFO AllGather: opCount d9 sendbuff 0x2ad1c97fcc00 recvbuff 0x2ad1c97fd200 count 8 datatype 0 op 0 root 0 comm 0xbec2200 [nranks=3] stream 0xbec5f30
r1t00:506:506 [0] NCCL INFO AllReduce: opCount da sendbuff 0x2acf1d3f6a00 recvbuff 0x2acf1d3f6a00 count 1 datatype 1 op 0 root 0 comm 0xbec2200 [nranks=3] stream 0xbec5f30
r1t00:506:506 [0] NCCL INFO AllGather: opCount db sendbuff 0x2acf1d3f6a00 recvbuff 0x2acf693dac00 count 8 datatype 0 op 0 root 0 comm 0xbec2200 [nranks=3] stream 0xbec5f30
r1t00:506:506 [0] NCCL INFO AllGather: opCount dc sendbuff 0x2acf693d9e00 recvbuff 0x2acf1d3f8e00 count 8 datatype 0 op 0 root 0 comm 0xbec2200 [nranks=3] stream 0xbec5f30
r1t00:506:506 [0] NCCL INFO AllReduce: opCount dd sendbuff 0x2acf1d3f8400 recvbuff 0x2acf1d3f8400 count 1 datatype 1 op 0 root 0 comm 0xbec2200 [nranks=3] stream 0xbec5f30
r1t00:506:506 [0] NCCL INFO AllGather: opCount de sendbuff 0x2acf1d3f8400 recvbuff 0x2ad1c97fd200 count 8 datatype 0 op 0 root 0 comm 0xbec2200 [nranks=3] stream 0xbec5f30
r1t00:506:506 [0] NCCL INFO AllGather: opCount df sendbuff 0x2acf693da000 recvbuff 0x2acf1d3f9400 count 8 datatype 0 op 0 root 0 comm 0xbec2200 [nranks=3] stream 0xbec5f30
r1t00:506:827 [0] NCCL INFO ReduceScatter: opCount e0 sendbuff 0x2ad208000000 recvbuff 0x2ad20e000000 count 7840281 datatype 7 op 0 root 0 comm 0xbec2200 [nranks=3] stream 0xbec5f30
r1t00:506:506 [0] NCCL INFO AllReduce: opCount e1 sendbuff 0x2acf1d3f6a00 recvbuff 0x2acf1d3f6a00 count 1 datatype 1 op 0 root 0 comm 0xbec2200 [nranks=3] stream 0xbec5f30
r1t00:506:506 [0] NCCL INFO AllGather: opCount e2 sendbuff 0x2acf1d3f8600 recvbuff 0x2acf693d7a00 count 4 datatype 0 op 0 root 0 comm 0xbec2200 [nranks=3] stream 0xbec5f30
r1t00:506:506 [0] NCCL INFO AllGather: opCount e3 sendbuff 0x2acf6c000000 recvbuff 0x2acf82000000 count 31361124 datatype 0 op 0 root 0 comm 0xbec2200 [nranks=3] stream 0xbec5f30
r1t00:506:827 [0] NCCL INFO ReduceScatter: opCount e4 sendbuff 0x2ad208000000 recvbuff 0x2ad20e000000 count 7840281 datatype 7 op 0 root 0 comm 0xbec2200 [nranks=3] stream 0xbec5f30
r1t00:506:506 [0] NCCL INFO AllReduce: opCount e5 sendbuff 0x2acf1d244c00 recvbuff 0x2acf1d244c00 count 1 datatype 1 op 0 root 0 comm 0xbec2200 [nranks=3] stream 0xbec5f30
r1t00:506:506 [0] NCCL INFO AllGather: opCount e6 sendbuff 0x2acf1d3f6a00 recvbuff 0x2acf1d3f8600 count 4 datatype 0 op 0 root 0 comm 0xbec2200 [nranks=3] stream 0xbec5f30
r1t00:506:506 [0] NCCL INFO AllGather: opCount e7 sendbuff 0x2acf6c000000 recvbuff 0x2acf82000000 count 31361124 datatype 0 op 0 root 0 comm 0xbec2200 [nranks=3] stream 0xbec5f30
r1t00:506:827 [0] NCCL INFO ReduceScatter: opCount e8 sendbuff 0x2ad208000000 recvbuff 0x2ad20e000000 count 7840281 datatype 7 op 0 root 0 comm 0xbec2200 [nranks=3] stream 0xbec5f30
r1t00:506:506 [0] NCCL INFO AllReduce: opCount e9 sendbuff 0x2acf1d3f6e00 recvbuff 0x2acf1d3f6e00 count 1 datatype 1 op 0 root 0 comm 0xbec2200 [nranks=3] stream 0xbec5f30
r1t00:506:506 [0] NCCL INFO AllGather: opCount ea sendbuff 0x2acf1d244c00 recvbuff 0x2acf693d8000 count 4 datatype 0 op 0 root 0 comm 0xbec2200 [nranks=3] stream 0xbec5f30
r1t00:506:506 [0] NCCL INFO AllGather: opCount eb sendbuff 0x2acf6c000000 recvbuff 0x2acf82000000 count 31361124 datatype 0 op 0 root 0 comm 0xbec2200 [nranks=3] stream 0xbec5f30
r1t00:506:827 [0] NCCL INFO ReduceScatter: opCount ec sendbuff 0x2ad208000000 recvbuff 0x2ad20e000000 count 7840281 datatype 7 op 0 root 0 comm 0xbec2200 [nranks=3] stream 0xbec5f30
r1t00:506:506 [0] NCCL INFO AllReduce: opCount ed sendbuff 0x2acf1d3f6a00 recvbuff 0x2acf1d3f6a00 count 1 datatype 1 op 0 root 0 comm 0xbec2200 [nranks=3] stream 0xbec5f30
r1t00:506:506 [0] NCCL INFO AllGather: opCount ee sendbuff 0x2acf1d3f6e00 recvbuff 0x2acf1d3fbe00 count 4 datatype 0 op 0 root 0 comm 0xbec2200 [nranks=3] stream 0xbec5f30
r1t00:506:506 [0] NCCL INFO AllGather: opCount ef sendbuff 0x2acf6c000000 recvbuff 0x2acf82000000 count 31361124 datatype 0 op 0 root 0 comm 0xbec2200 [nranks=3] stream 0xbec5f30
r1t00:506:827 [0] NCCL INFO ReduceScatter: opCount f0 sendbuff 0x2ad208000000 recvbuff 0x2ad20e000000 count 7840281 datatype 7 op 0 root 0 comm 0xbec2200 [nranks=3] stream 0xbec5f30
r1t00:506:506 [0] NCCL INFO AllReduce: opCount f1 sendbuff 0x2acf1d244c00 recvbuff 0x2acf1d244c00 count 1 datatype 1 op 0 root 0 comm 0xbec2200 [nranks=3] stream 0xbec5f30
r1t00:506:506 [0] NCCL INFO AllGather: opCount f2 sendbuff 0x2acf1d3f6a00 recvbuff 0x2acf693d8000 count 4 datatype 0 op 0 root 0 comm 0xbec2200 [nranks=3] stream 0xbec5f30
r1t00:506:506 [0] NCCL INFO AllGatherot 0 comm 0xc92dfc0 [nranks=3] stream 0xc931cd0
r1t04:33908:33908 [0] NCCL INFO AllGather: opCount 107 sendbuff 0x2add0e000000 recvbuff 0x2add10000000 count 31361124 datatype 0 op 0 root 0 comm 0xc92dfc0 [nranks=3] stream 0xc931cd0
r1t04:33908:34177 [0] NCCL INFO ReduceScatter: opCount 108 sendbuff 0x2adf94000000 recvbuff 0x2adf9a000000 count 7840281 datatype 7 op 0 root 0 comm 0xc92dfc0 [nranks=3] stream 0xc931cd0
r1t04:33908:33908 [0] NCCL INFO AllReduce: opCount 109 sendbuff 0x2adcd1237000 recvbuff 0x2adcd1237000 count 1 datatype 1 op 0 root 0 comm 0xc92dfc0 [nranks=3] stream 0xc931cd0
r1t04:33908:33908 [0] NCCL INFO AllGather: opCount 10a sendbuff 0x2adcd1237400 recvbuff 0x2adcd13f8600 count 4 datatype 0 op 0 root 0 comm 0xc92dfc0 [nranks=3] stream 0xc931cd0
r1t04:33908:33908 [0] NCCL INFO AllGather: opCount 10b sendbuff 0x2add0e000000 recvbuff 0x2add10000000 count 31361124 datatype 0 op 0 root 0 comm 0xc92dfc0 [nranks=3] stream 0xc931cd0
r1t04:33908:34177 [0] NCCL INFO ReduceScatter: opCount 10c sendbuff 0x2adf94000000 recvbuff 0x2adf9a000000 count 7840281 datatype 7 op 0 root 0 comm 0xc92dfc0 [nranks=3] stream 0xc931cd0
r1t04:33908:33908 [0] NCCL INFO AllReduce: opCount 10d sendbuff 0x2adcd1237400 recvbuff 0x2adcd1237400 count 1 datatype 1 op 0 root 0 comm 0xc92dfc0 [nranks=3] stream 0xc931cd0
r1t04:33908:33908 [0] NCCL INFO AllGather: opCount 10e sendbuff 0x2adcd1237000 recvbuff 0x2adcd13f8600 count 4 datatype 0 op 0 root 0 comm 0xc92dfc0 [nranks=3] stream 0xc931cd0
r1t04:33908:33908 [0] NCCL INFO AllGather: opCount 10f sendbuff 0x2add0e000000 recvbuff 0x2add10000000 count 31361124 datatype 0 op 0 root 0 comm 0xc92dfc0 [nranks=3] stream 0xc931cd0
r1t04:33908:34177 [0] NCCL INFO ReduceScatter: opCount 110 sendbuff 0x2adf94000000 recvbuff 0x2adf9a000000 count 7840281 datatype 7 op 0 root 0 comm 0xc92dfc0 [nranks=3] stream 0xc931cd0
r1t04:33908:33908 [0] NCCL INFO AllReduce: opCount 111 sendbuff 0x2adcd122c800 recvbuff 0x2adcd122c800 count 1 datatype 1 op 0 root 0 comm 0xc92dfc0 [nranks=3] stream 0xc931cd0
r1t04:33908:33908 [0] NCCL INFO AllGather: opCount 112 sendbuff 0x2adcd1237400 recvbuff 0x2adcd13f7e00 count 4 datatype 0 op 0 root 0 comm 0xc92dfc0 [nranks=3] stream 0xc931cd0
r1t04:33908:33908 [0] NCCL INFO AllGather: opCount 113 sendbuff 0x2add0e000000 recvbuff 0x2add10000000 count 31361124 datatype 0 op 0 root 0 comm 0xc92dfc0 [nranks=3] stream 0xc931cd0
r1t04:33908:34177 [0] NCCL INFO ReduceScatter: opCount 114 sendbuff 0x2adf94000000 recvbuff 0x2adf9a000000 count 7840281 datatype 7 op 0 root 0 comm 0xc92dfc0 [nranks=3] stream 0xc931cd0
r1t04:33908:33908 [0] NCCL INFO AllReduce: opCount 115 sendbuff 0x2adcd1237000 recvbuff 0x2adcd1237000 count 1 datatype 1 op 0 root 0 comm 0xc92dfc0 [nranks=3] stream 0xc931cd0
r1t04:33908:33908 [0] NCCL INFO AllGather: opCount 116 sendbuff 0x2adcd1244e00 recvbuff 0x2adcd13f7e00 count 4 datatype 0 op 0 root 0 comm 0xc92dfc0 [nranks=3] stream 0xc931cd0
r1t04:33908:33908 [0] NCCL INFO AllGather: opCount 117 sendbuff 0x2add0e000000 recvbuff 0x2add10000000 count 31361124 datatype 0 op 0 root 0 comm 0xc92dfc0 [nranks=3] stream 0xc931cd0
r1t04:33908:34177 [0] NCCL INFO ReduceScatter: opCount 118 sendbuff 0x2adf94000000 recvbuff 0x2adf9a000000 count 7840281 datatype 7 op 0 root 0 comm 0xc92dfc0 [nranks=3] stream 0xc931cd0
r1t04:33908:33908 [0] NCCL INFO AllReduce: opCount 119 sendbuff 0x2adcd1237400 recvbuff 0x2adcd1237400 count 1 datatype 1 op 0 root 0 comm 0xc92dfc0 [nranks=3] stream 0xc931cd0
r1t04:33908:33908 [0] NCCL INFO AllGather: opCount 11a sendbuff 0x2adcd1237000 recvbuff 0x2adcd13f8600 count 4 datatype 0 op 0 root 0 comm 0xc92dfc0 [nranks=3] stream 0xc931cd0
r1t04:33908:33908 [0] NCCL INFO AllGather: opCount 11b sendbuff 0x2add0e000000 recvbuff 0x2add10000000 count 31361124 datatype 0 op 0 root 0 comm 0xc92dfc0 [nranks=3] stream 0xc931cd0
r1t04:33908:34177 [0] NCCL INFO ReduceScatter: opCount 11c sendbuff 0x2adf94000000 recvbuff 0x2adf9a000000 count 7840281 datatype 7 op 0 root 0 comm 0xc92dfc0 [nranks=3] stream 0xc931cd0
r1t04:33908:33908 [0] NCCL INFO AllReduce: opCount 160
r1t06:32049:32049 [0] NCCL INFO AllGather: opCount 112 sendbuff 0x2aaecd244c00 recvbuff 0x2aaecd264400 count 4 datatype 0 op 0 root 0 comm 0xc706250 [nranks=3] stream 0xc709f60
r1t06:32049:32049 [0] NCCL INFO AllGather: opCount 113 sendbuff 0x2aaf08000000 recvbuff 0x2aaf0a000000 count 31361124 datatype 0 op 0 root 0 comm 0xc706250 [nranks=3] stream 0xc709f60
r1t06:32049:32314 [0] NCCL INFO ReduceScatter: opCount 114 sendbuff 0x2ab188000000 recvbuff 0x2ab18e000000 count 7840281 datatype 7 op 0 root 0 comm 0xc706250 [nranks=3] stream 0xc709f60
r1t06:32049:32049 [0] NCCL INFO AllReduce: opCount 115 sendbuff 0x2aaecd258e00 recvbuff 0x2aaecd258e00 count 1 datatype 1 op 0 root 0 comm 0xc706250 [nranks=3] stream 0xc709f60
r1t06:32049:32049 [0] NCCL INFO AllGather: opCount 116 sendbuff 0x2aaecd26ea00 recvbuff 0x2aaecd259400 count 4 datatype 0 op 0 root 0 comm 0xc706250 [nranks=3] stream 0xc709f60
r1t06:32049:32049 [0] NCCL INFO AllGather: opCount 117 sendbuff 0x2aaf08000000 recvbuff 0x2aaf0a000000 count 31361124 datatype 0 op 0 root 0 comm 0xc706250 [nranks=3] stream 0xc709f60
r1t06:32049:32314 [0] NCCL INFO ReduceScatter: opCount 118 sendbuff 0x2ab188000000 recvbuff 0x2ab18e000000 count 7840281 datatype 7 op 0 root 0 comm 0xc706250 [nranks=3] stream 0xc709f60
r1t06:32049:32049 [0] NCCL INFO AllReduce: opCount 119 sendbuff 0x2aaecd244c00 recvbuff 0x2aaecd244c00 count 1 datatype 1 op 0 root 0 comm 0xc706250 [nranks=3] stream 0xc709f60
r1t06:32049:32049 [0] NCCL INFO AllGather: opCount 11a sendbuff 0x2aaecd258e00 recvbuff 0x2aaecd253c00 count 4 datatype 0 op 0 root 0 comm 0xc706250 [nranks=3] stream 0xc709f60
r1t06:32049:32049 [0] NCCL INFO AllGather: opCount 11b sendbuff 0x2aaf08000000 recvbuff 0x2aaf0a000000 count 31361124 datatype 0 op 0 root 0 comm 0xc706250 [nranks=3] stream 0xc709f60
r1t06:32049:32314 [0] NCCL INFO ReduceScatter: opCount 11c sendbuff 0x2ab188000000 recvbuff 0x2ab18e000000 count 7840281 datatype 7 op 0 root 0 comm 0xc706250 [nranks=3] stream 0xc709f60
r1t06:32049:32049 [0] NCCL INFO AllReduce: opCount 11d sendbuff 0x2aaecd254000 recvbuff 0x2aaecd254000 count 1 datatype 1 op 0 root 0 comm 0xc706250 [nranks=3] stream 0xc709f60
r1t06:32049:32049 [0] NCCL INFO AllGather: opCount 11e sendbuff 0x2aaecd244c00 recvbuff 0x2aaecd269c00 count 4 datatype 0 op 0 root 0 comm 0xc706250 [nranks=3] stream 0xc709f60
r1t06:32049:32049 [0] NCCL INFO AllGather: opCount 11f sendbuff 0x2aaf08000000 recvbuff 0x2aaf0a000000 count 31361124 datatype 0 op 0 root 0 comm 0xc706250 [nranks=3] stream 0xc709f60
r1t06:32049:32314 [0] NCCL INFO ReduceScatter: opCount 120 sendbuff 0x2ab188000000 recvbuff 0x2ab18e000000 count 7840281 datatype 7 op 0 root 0 comm 0xc706250 [nranks=3] stream 0xc709f60
r1t06:32049:32049 [0] NCCL INFO AllReduce: opCount 121 sendbuff 0x2aaecd244800 recvbuff 0x2aaecd244800 count 1 datatype 1 op 0 root 0 comm 0xc706250 [nranks=3] stream 0xc709f60
r1t06:32049:32049 [0] NCCL INFO AllGather: opCount 122 sendbuff 0x2aaecd26ea00 recvbuff 0x2aaecd3f8c00 count 4 datatype 0 op 0 root 0 comm 0xc706250 [nranks=3] stream 0xc709f60
r1t06:32049:32049 [0] NCCL INFO AllGather: opCount 123 sendbuff 0x2aaf08000000 recvbuff 0x2aaf0a000000 count 31361124 datatype 0 op 0 root 0 comm 0xc706250 [nranks=3] stream 0xc709f60
r1t06:32049:32049 [0] NCCL INFO AllReduce: opCount 124 sendbuff 0x2aaecd244a00 recvbuff 0x2aaecd244a00 count 1 datatype 1 op 0 root 0 comm 0xc706250 [nranks=3] stream 0xc709f60
r1t06:32049:32049 [0] NCCL INFO AllReduce: opCount 125 sendbuff 0x2aaecd26f000 recvbuff 0x2aaecd26f000 count 1 datatype 7 op 4 root 0 comm 0xc706250 [nranks=3] stream 0xc709f60
r1t06:32049:32049 [0] NCCL INFO AllReduce: opCount 126 sendbuff 0x2aaecd244c00 recvbuff 0x2aaecd244c00 count 1 datatype 1 op 0 root 0 comm 0xc706250 [nranks=3] stream 0xc709f60
r1t06:32049:32049 [0] NCCL INFO AllReduce: opCount 127 sendbuff 0x2aaecd3f7200 recvbuff 0x2aaecd3f7200 count 1 datatype 4 op 4 root 0 comm 0xc706250 [nranks=3] stream 0xc709f60
r1t06:32049:32049 [0] NCCL INFO AllReduce: opCount 128 sendbuff 0x2aaecd244a00 recvbuff 0x2aaecd244a00 count 1 datatype 1 op 0 root 0 comm 0xc706250 [nranks=3] stream 0xc709f60
r1t06:32049:32049 [0] NCCL INFO AllGather: opCount 129 sendbuff 0x2aaecd244a00 recvbuff 0x2aaecd3fc200 count 8 datatype 0 op 0 root 0 comm 0xc706250 [nranks=3] stream 0xc709f60
r1t06:32049:32049 [0] NCCL INFO AllGather: opCount 12a sendbuff 0x2aaecd3f8400 recvbuff 0x2aaecd268c00 count 8 datatype 0 op 0 root 0 comm 0xc706250 [nranks=3] stream 0xc709f60
r1t06:32049:32049 [0] NCCL INFO AllReduce: opCount 12b sendbuff 0x2aaecd26f000 recvbuff 0x2aaecd26f000 count 1 datatype 1 op 0 root 0 comm 0xc706250 [nranks=3] stream 0xc709f60
r1t06:32049:32049 [0] NCCL INFO AllGather: opCount 12c sendbuff 0x2aaecd26f000 recvbuff 0x2aaecd3fc000 count 8 datatype 0 op 0 root 0 comm 0xc706250 [nranks=3] stream 0xc709f60
r1t06:32049:32049 [0] NCCL INFO AllGather: opCount 12d sendbuff 0x2aaecd244e00 recvbuff 0x2aaecd269200 count 8 datatype 0 op 0 root 0 comm 0xc706250 [nranks=3] stream 0xc709f60
r1t06:32049:32049 [0] NCCL INFO AllReduce: opCount 12e sendbuff 0x2aaecd244a00 recvbuff 0x2aaecd244a00 count 1 datatype 1 op 0 root 0 comm 0xc706250 [nranks=3] stream 0xc709f60
r1t06:32049:32049 [0] NCCL INFO AllGather: opCount 12f sendbuff 0x2aaecd244a00 recvbuff 0x2aaecd3fc400 count 8 datatype 0 op 0 root 0 comm 0xc706250 [nranks=3] stream 0xc709f60
r1t06:32049:32049 [0] NCCL INFO AllGather: opCount 130 sendbuff 0x2aaecd3f6e00 recvbuff 0x2aaecd3f9000 count 8 datatype 0 op 0 root 0 comm 0xc706250 [nranks=3] stream 0xc709f60
r1t06:32049:32049 [0] NCCL INFO AllReduce: opCount 131 sendbuff 0x2aaecd268c00 recvbuff 0x2aaecd268c00 count 1 datatype 1 op 0 root 0 comm 0xc706250 [nranks=3] stream 0xc709f60
r1t06:32049:32049 [0] NCCL INFO AllGather: opCount 132 sendbuff 0x2aaecd268c00 recvbuff 0x2aaecd3fbe00 count 8 datatype 0 op 0 root 0 comm 0xc706250 [nranks=3] stream 0xc709f60
r1t06:32049:32049 [0] NCCL INFO AllGather: opCount 133 sendbuff 0x2aaecd3f8600 recvbuff 0x2aaecd3f9600 count 8 datatype 0 op 0 root 0 comm 0xc706250 [nranks=3] stream 0xc709f60
r1t06:32049:32049 [0] NCCL INFO AllReduce: opCount 134 sendbuff 0x2aaecd244a00 recvbuff 0x2aaecd244a00 count 1 datatype 1 op 0 root 0 comm 0xc706250 [nranks=3] stream 0xc709f60
r1t06:32049:32049 [0] NCCL INFO AllGather: opCount 135 sendbuff 0x2aaecd244a00 recvbuff 0x2aaecd3fc200 count 8 datatype 0 op 0 root 0 comm 0xc706250 [nranks=3] stream 0xc709f60
r1t06:32049:32049 [0] NCCL INFO AllGather: opCount 136 sendbuff 0x2aaecd268600 recvbuff 0x2aaecd268c00 count 8 datatype 0 op 0 root 0 comm 0xc706250 [nranks=3] stream 0xc709f60
r1t06:32049:32049 [0] NCCL INFO AllReduce: opCount 137 sendbuff 0x2aaecd3f8600 recvbuff 0x2aaecd3f8600 count 1 datatype 1 op 0 root 0 comm 0xc706250 [nranks=3] stream 0xc709f60
r1t06:32049:32049 [0] NCCL INFO AllGather: opCount 138 sendbuff 0x2aaecd3f8600 recvbuff 0x2aaecd3fc000 count 8 datatype 0 op 0 root 0 comm 0xc706250 [nranks=3] stream 0xc709f60
r1t06:32049:32049 [0] NCCL INFO AllGather: opCount 139 sendbuff 0x2aaecd267e00 recvbuff 0x2aaecd269200 count 8 datatype 0 op 0 root 0 comm 0xc706250 [nranks=3] stream 0xc709f60
r1t06:32049:32049 [0] NCCL INFO AllReduce: opCount 13a sendbuff 0x2aaecd244a00 recvbuff 0x2aaecd244a00 count 1 datatype 1 op 0 root 0 comm 0xc706250 [nranks=3] stream 0xc709f60
r1t06:32049:32049 [0] NCCL INFO AllGather: opCount 13b sendbuff 0x2aaecd244a00 recvbuff 0x2aaecd3fc400 count 8 datatype 0 op 0 root 0 comm 0xc706250 [nranks=3] stream 0xc709f60
r1t06:32049:32049 [0] NCCL INFO AllGather: opCount 13c sendbuff 0x2aaecd268000 recvbuff 0x2aaecd3f9200 count 8 datatype 0 op 0 root 0 comm 0xc706250 [nranks=3] stream 0xc709f60
r1t06:32049:32049 [0] NCCL INFO AllReduce: opCount 13d sendbuff 0x2aaecd268c00 recvbuff 0x2aaecd268c00 count 1 datatype 1 op 0 root 0 comm 0xc706250 [nranks=3] stream 0xc709f60
r1t06:32049:32049 [0] NCCL INFO AllGather: opCount 13e sendbuff 0x2aaecd268c00 recvbuff 0x2aaecd3fbe00 count 8 datatype 0 op 0 root 0 comm 0xc706250 [nranks=3] stream 0xc709f60
r1t06:32049:32049 [0] NCCL INFO AllGather: opCount 13f sendbuff 0x2aaecd268200 recvbuff 0x2aaecd3f9800 count 8 datatype 0 op 0 root 0 comm 0xc706250  NCCL INFO AllGather: opCount 139 sendbuff 0x2ad1c97f7400 recvbuff 0x2acf1d3f8e00 count 8 datatype 0 op 0 root 0 comm 0xbec2200 [nranks=3] stream 0xbec5f30
r1t00:506:506 [0] NCCL INFO AllReduce: opCount 13a sendbuff 0x2acf1d3f6e00 recvbuff 0x2acf1d3f6e00 count 1 datatype 1 op 0 root 0 comm 0xbec2200 [nranks=3] stream 0xbec5f30
r1t00:506:506 [0] NCCL INFO AllGather: opCount 13b sendbuff 0x2acf1d3f6e00 recvbuff 0x2ad1c97f7a00 count 8 datatype 0 op 0 root 0 comm 0xbec2200 [nranks=3] stream 0xbec5f30
r1t00:506:506 [0] NCCL INFO AllGather: opCount 13c sendbuff 0x2ad1c97f7600 recvbuff 0x2acf1d3f9400 count 8 datatype 0 op 0 root 0 comm 0xbec2200 [nranks=3] stream 0xbec5f30
r1t00:506:506 [0] NCCL INFO AllReduce: opCount 13d sendbuff 0x2acf1d244400 recvbuff 0x2acf1d244400 count 1 datatype 1 op 0 root 0 comm 0xbec2200 [nranks=3] stream 0xbec5f30
r1t00:506:506 [0] NCCL INFO AllGather: opCount 13e sendbuff 0x2acf1d244400 recvbuff 0x2acf1d3fc200 count 8 datatype 0 op 0 root 0 comm 0xbec2200 [nranks=3] stream 0xbec5f30
r1t00:506:506 [0] NCCL INFO AllGather: opCount 13f sendbuff 0x2ad1c97f7800 recvbuff 0x2acf1d3f9a00 count 8 datatype 0 op 0 root 0 comm 0xbec2200 [nranks=3] stream 0xbec5f30
r1t00:506:827 [0] NCCL INFO ReduceScatter: opCount 140 sendbuff 0x2ad208000000 recvbuff 0x2ad20e000000 count 7840281 datatype 7 op 0 root 0 comm 0xbec2200 [nranks=3] stream 0xbec5f30
r1t00:506:506 [0] NCCL INFO AllReduce: opCount 141 sendbuff 0x2acf1d3f6e00 recvbuff 0x2acf1d3f6e00 count 1 datatype 1 op 0 root 0 comm 0xbec2200 [nranks=3] stream 0xbec5f30
r1t00:506:506 [0] NCCL INFO AllGather: opCount 142 sendbuff 0x2acf1d244c00 recvbuff 0x2acf1d3f8600 count 4 datatype 0 op 0 root 0 comm 0xbec2200 [nranks=3] stream 0xbec5f30
r1t00:506:506 [0] NCCL INFO AllGather: opCount 143 sendbuff 0x2acf6c000000 recvbuff 0x2acf82000000 count 31361124 datatype 0 op 0 root 0 comm 0xbec2200 [nranks=3] stream 0xbec5f30
r1t00:506:827 [0] NCCL INFO ReduceScatter: opCount 144 sendbuff 0x2ad208000000 recvbuff 0x2ad20e000000 count 7840281 datatype 7 op 0 root 0 comm 0xbec2200 [nranks=3] stream 0xbec5f30
r1t00:506:506 [0] NCCL INFO AllReduce: opCount 145 sendbuff 0x2acf693e8800 recvbuff 0x2acf693e8800 count 1 datatype 1 op 0 root 0 comm 0xbec2200 [nranks=3] stream 0xbec5f30
r1t00:506:506 [0] NCCL INFO AllGather: opCount 146 sendbuff 0x2acf1d3f6e00 recvbuff 0x2acf1d3f8600 count 4 datatype 0 op 0 root 0 comm 0xbec2200 [nranks=3] stream 0xbec5f30
r1t00:506:506 [0] NCCL INFO AllGather: opCount 147 sendbuff 0x2acf6c000000 recvbuff 0x2acf82000000 count 31361124 datatype 0 op 0 root 0 comm 0xbec2200 [nranks=3] stream 0xbec5f30
r1t00:506:827 [0] NCCL INFO ReduceScatter: opCount 148 sendbuff 0x2ad208000000 recvbuff 0x2ad20e000000 count 7840281 datatype 7 op 0 root 0 comm 0xbec2200 [nranks=3] stream 0xbec5f30
r1t00:506:506 [0] NCCL INFO AllReduce: opCount 149 sendbuff 0x2acf1d244c00 recvbuff 0x2acf1d244c00 count 1 datatype 1 op 0 root 0 comm 0xbec2200 [nranks=3] stream 0xbec5f30
r1t00:506:506 [0] NCCL INFO AllGather: opCount 14a sendbuff 0x2acf693e8800 recvbuff 0x2acf693eb600 count 4 datatype 0 op 0 root 0 comm 0xbec2200 [nranks=3] stream 0xbec5f30
r1t00:506:506 [0] NCCL INFO AllGather: opCount 14b sendbuff 0x2acf6c000000 recvbuff 0x2acf82000000 count 31361124 datatype 0 op 0 root 0 comm 0xbec2200 [nranks=3] stream 0xbec5f30
r1t00:506:827 [0] NCCL INFO ReduceScatter: opCount 14c sendbuff 0x2ad208000000 recvbuff 0x2ad20e000000 count 7840281 datatype 7 op 0 root 0 comm 0xbec2200 [nranks=3] stream 0xbec5f30
r1t00:506:506 [0] NCCL INFO AllReduce: opCount 14d sendbuff 0x2acf1d3f6e00 recvbuff 0x2acf1d3f6e00 count 1 datatype 1 op 0 root 0 comm 0xbec2200 [nranks=3] stream 0xbec5f30
r1t00:506:506 [0] NCCL INFO AllGather: opCount 14e sendbuff 0x2acf1d244c00 recvbuff 0x2ad1c97f8200 count 4 datatype 0 op 0 root 0 comm 0xbec2200 [nranks=3] stream 0xbec5f30
r1t00:506:506 [0] NCCL INFO AllGather: opCount 14f sendbuff 0x2acf6c000000 recvbuff 0x2acf82000000 count 31361124 datatype 0 op 0 root 0 comm 0xbec2200 [nranks=3] stream 0xbec5f30
r1t00:506:827 [0] NCCL INFO ReduceScatter: opCount 150 sendbuff 0x2ad208000000 recvbuff 0x2ad20e000000 count 7840281 datatype 7 op 0 root 0 comm 0xbec2200 [nranks=3] stream 0xbec5f30
r1t00:506:506 [0] NCCL INFO AllReduce: opCount 151 sendbuff 0x2acf1d3f8e00 recvbuff 0x2acf1d3f8e00 count 1 datatype 1 op 0 root 0 comm 0xbec2200 [nranks=3] stream 0xbec5f30
r1t00:506:506 [0] NCCL INFO AllGather: opCount 152 sendbuff 0x2acf1d3f6e00 recvbuff 0x2ad1c97f8200 count 4 datatype 0 op 0 root 0 comm 0xbec2200 [nranks=3] stream 0xbec5f30
r1t00:506:506 [0] NCCL INFO AllGather: opCount 153 sendbuff 0x2acf6c000000 recvbuff 0x2acf82000000 count 31361124 datatype 0 op 0 root 0 comm 0xbec2200 [nranks=3] stream 0xbec5f30
r1t00:506:827 [0] NCCL INFO ReduceScatter: opCount 154 sendbuff 0x2ad208000000 recvbuff 0x2ad20e000000 count 7840281 datatype 7 op 0 root 0 comm 0xbec2200 [nranks=3] stream 0xbec5f30
r1t00:506:506 [0] NCCL INFO AllReduce: opCount 155 sendbuff 0x2acf1d244c00 recvbuff 0x2acf1d244c00 count 1 datatype 1 op 0 root 0 comm 0xbec2200 [nranks=3] stream 0xbec5f30
r1t00:506:506 [0] NCCL INFO AllGather: opCount 156 sendbuff 0x2acf1d3f8e00 recvbuff 0x2ad1c97f8200 count 4 datatype 0 op 0 root 0 comm 0xbec2200 [nranks=3] stream 0xbec5f30
r1t00:506:506 [0] NCCL INFO AllGather: opCount 157 sendbuff 0x2acf6c000000 recvbuff 0x2acf82000000 count 31361124 datatype 0 op 0 root 0 comm 0xbec2200 [nranks=3] stream 0xbec5f30
r1t00:506:827 [0] NCCL INFO ReduceScatter: opCount 158 sendbuff 0x2ad208000000 recvbuff 0x2ad20e000000 count 7840281 datatype 7 op 0 root 0 comm 0xbec2200 [nranks=3] stream 0xbec5f30
r1t00:506:506 [0] NCCL INFO AllReduce: opCount 159 sendbuff 0x2acf1d3f6e00 recvbuff 0x2acf1d3f6e00 count 1 datatype 1 op 0 root 0 comm 0xbec2200 [nranks=3] stream 0xbec5f30
r1t00:506:506 [0] NCCL INFO AllGather: opCount 15a sendbuff 0x2acf1d244c00 recvbuff 0x2ad1c97ffe00 count 4 datatype 0 op 0 root 0 comm 0xbec2200 [nranks=3] stream 0xbec5f30
r1t00:506:506 [0] NCCL INFO AllGather: opCount 15b sendbuff 0x2acf6c000000 recvbuff 0x2acf82000000 count 31361124 datatype 0 op 0 root 0 comm 0xbec2200 [nranks=3] stream 0xbec5f30
r1t00:506:827 [0] NCCL INFO ReduceScatter: opCount 15c sendbuff 0x2ad208000000 recvbuff 0x2ad20e000000 count 7840281 datatype 7 op 0 root 0 comm 0xbec2200 [nranks=3] stream 0xbec5f30
r1t00:506:506 [0] NCCL INFO AllReduce: opCount 15d sendbuff 0x2acf1d3f8e00 recvbuff 0x2acf1d3f8e00 count 1 datatype 1 op 0 root 0 comm 0xbec2200 [nranks=3] stream 0xbec5f30
r1t00:506:506 [0] NCCL INFO AllGather: opCount 15e sendbuff 0x2acf1d3f6e00 recvbuff 0x2acf693dc600 count 4 datatype 0 op 0 root 0 comm 0xbec2200 [nranks=3] stream 0xbec5f30
r1t00:506:506 [0] NCCL INFO AllGather: opCount 15f sendbuff 0x2acf6c000000 recvbuff 0x2acf82000000 count 31361124 datatype 0 op 0 root 0 comm 0xbec2200 [nranks=3] stream 0xbec5f30
r1t00:506:827 [0] NCCL INFO ReduceScatter: opCount 160 sendbuff 0x2ad208000000 recvbuff 0x2ad20e000000 count 7840281 datatype 7 op 0 root 0 comm 0xbec2200 [nranks=3] stream 0xbec5f30
r1t00:506:506 [0] NCCL INFO AllReduce: opCount 161 sendbuff 0x2acf1d244c00 recvbuff 0x2acf1d244c00 count 1 datatype 1 op 0 root 0 comm 0xbec2200 [nranks=3] stream 0xbec5f30
r1t00:506:506 [0] NCCL INFO AllGather: opCount 162 sendbuff 0x2acf1d3f8e00 recvbuff 0x2ad1c97f8200 count 4 datatype 0 op 0 root 0 comm 0xbec2200 [nranks=3] stream 0xbec5f30
r1t00:506:506 [0] NCCL INFO AllGather: opCount 163 sendbuff 0x2acf6c000000 recvbuff 0x2acf82000000 count 31361124 datatype 0 op 0 root 0 comm 0xbec2200 [nranks=3] stream 0xbec5f30
r1t00:506:827 [0] NCCL INFO ReduceScatter: opCount 164 sendbuff 0x2ad208000000 recvbuff 0x2ad20e000000 count 7840281 datatype 7 op 0 root 0 comm 0xbec2200 [nranks=3] stream 0xbec5f30
r1t00:506:506 [0] NCCL INFO AllReduce: opCount 165 sendbuff 0x2acf1d3f6e00 recvbuff 0x2acf1d3f6e00 count 1 datatype 1 op 0 root 0 comm 0xbec2200 [nranks=3] stream 0xbec5f30
r1t00:506:506 [0] NCCL INFO AllGather: opCount 166 sendbuff 0x2acf1d244c00 recvbuff 0x2acf693d6600 count 4 datatype 0 op 0 root 0 comm 0xbec2200 [nranks=3] stream 0xbec5f30
r1t00:506:506 [0] NCCL INFO AllGather: opCount 167 sendbuff 0x2acf6c000000 recvbuff 0x2acf82000000 count 31361124 datatype 0 op 0 root 0 comm 0xbec2200 [nranks=3] stream 0xbec5f30
r1t00:506:827 [0] NCCL INFO ReduceScatter: opCount 168 sendbuff 0x2ad208000000 recvbuff 0x2ad20e000000 count 7840281 datatype 7 op 0 root 0 comm 0xbec2200 [nranks=3] stream 0xbec5f30
r1t00:506:506 [0] NCCL INFO AllReduce: opCount 169 sendbuff 0x2acf1d3f8e00 recvbuff 0x2acf1d3f8e00 count 1 datatype 1 op 0 root 0 comm 0xbec2200 [nranks=3] stream 0xbec5f30
r1t00:506:506 [0] NCCL INFO AllGather: opCount 16a sendbuff 0x2acf1d3f6e00 recvbuff 0x2ad1c97f8200 count 4 datatype 0 op 0 root 0 comm 0xbec2200 [nranks=3] stream 0xbec5f30
r1t00:506:506 [0] NCCL INFO AllGather: opCount 16b sendbuff 0x2acf6c000000 recvbuff 0x2acf82000000 count 31361124 datatype 0 op 0 root 0 comm 0xbec2200 [nranks=3] stream 0xbec5f30
r1t00:506:827 [0] NCCL INFO ReduceScatter: opCount 16c sendbuff 0x2ad208000000 recvbuff 0x2ad20e000000 count 7840281 datatype 7 op 0 root 0 comm 0xbec2200 [nranks=3] stream 0xbec5f30
r1t00:506:506 [0] NCCL INFO AllReduce: opCount 16d sendbuff 0x2acf1d244c00 recvbuff 0x2acf1d244c00 count 1 datatype 1 op 0 root 0 comm 0xbec2200 [nranks=3] stream 0xbec5f30
r1t00:506:506 [0] NCCL INFO AllGather: opCount 16e sendbuff 0x2acf1d3f8e00 recvbuff 0x2acf693eb000 count 4 datatype 0 op 0 root 0 comm 0xbec2200 [nranks=3] stream 0xbec5f30
r1t00:506:506 [0] NCCL INFO AllGather: opCount 16f sendbuff 0x2acf6c000000 recvbuff 0x2acf82000000 count 31361124 datatype 0 op 0 root 0 comm 0xbec2200 [nranks=3] stream 0xbec5f30
r1t00:506:827 [0] NCCL INFO ReduceScatter: opCount 170 sendbuff 0x2ad208000000 recvbuff 0x2ad20e000000 count 7840281 datatype 7 op 0 root 0 comm 0xbec2200 [nranks=3] stream 0xbec5f30
r1t00:506:506 [0] NCCL INFO AllReduce: opCount 171 sendbuff 0x2acf1d3f6e00 recvbuff 0x2acf1d3f6e00 count 1 datatype 1 op 0 root 0 comm 0xbec2200 [nranks=3] stream 0xbec5f30
r1t00:506:506 [0] NCCL INFO AllGather: opCount 172 sendbuff 0x2acf1d244c00 recvbuff 0x2acf1d3f8600 count 4 datatype 0 op 0 root 0 comm 0xbec2200 [nranks=3] stream 0xbec5f30
r1t00:506:506 [0] NCCL INFO AllGather: opCount 173 sendbuff 0x2acf6c000000 recvbuff 0x2acf82000000 count 31361124 datatype 0 op 0 root 0 comm 0xbec2200 [nranks=3] stream 0xbec5f30
r1t00:506:827 [0] NCCL INFO ReduceScatter: opCount 174 sendbuff 0x2ad208000000 recvbuff 0x2ad20e000000 count 7840281 datatype 7 op 0 root 0 comm 0xbec2200 [nranks=3] stream 0xbec5f30
r1t00:506:506 [0] NCCL INFO AllReduce: opCount 175 sendbuff 0x2acf1d3f8200 recvbuff 0x2acf1d3f8200 count 1 datatype 1 op 0 root 0 comm 0xbec2200 [nranks=3] stream 0xbec5f30
r1t00:506:506 [0] NCCL INFO AllGather: opCount 176 sendbuff 0x2acf1d3f6e00 recvbuff 0x2acf1d3f8600 count 4 datatype 0 op 0 root 0 comm 0xbec2200 [nranks=3] stream 0xbec5f30
r1t00:506:506 [0] NCCL INFO AllGather: opCount 177 sendbuff 0x2acf6c000000 recvbuff 0x2acf82000000 count 31361124 datatype 0 op 0 root 0 comm 0xbec2200 [nranks=3] stream 0xbec5f30
r1t00:506:827 [0] NCCL INFO ReduceScatter: opCount 178 sendbuff 0x2ad208000000 recvbuff 0x2ad20e000000 count 7840281 datatype 7 op 0 root 0 comm 0xbec2200 [nranks=3] stream 0xbec5f30
r1t00:506:506 [0] NCCL INFO AllReduce: opCount 179 sendbuff 0x2acf1d244c00 recvbuff 0x2acf1d244c00 count 1 datatype 1 op 0 root 0 comm 0xbec2200 [nranks=3] stream 0xbec5f30
r1t00:506:506 [0] NCCL INFO AllGather: opCount 17a sendbuff 0x2acf1d3f8200 recvbuff 0x2acf1d3f8600 count 4 datatype 0 op 0 root 0 comm 0xbec2200 [nranks=3] stream 0xbec5f30
r1t00:506:506 [0] NCCL INFO AllGather: opCount 17b sendbuff 0x2acf6c000000 recvbuff 0x2acf82000000 count 31361124 datatype 0 op 0 root 0 comm 0xbec2200 [nranks=3] stream 0xbec5f30
r1t00:506:827 [0] NCCL INFO ReduceScatter: opCount 17c sendbuff 0x2ad208000000 recvbuff 0x2ad20e000000 count 7840281 datatype 7 op 0 root 0 comm 0xbec2200 [nranks=3] stream 0xbec5f30
r1t00:506:506 [0] NCCL INFO AllReduce: opCount 17d sendbuff 0x2acf1d3f6e00 recvbuff 0x2acf1d3f6e00 count 1 datatype 1 op 0 root 0 comm 0xbec2200 [nranks=3] stream 0xbec5f30
r1t00:506:506 [0] NCCL INFO AllGather: opCount 17e sendbuff 0x2acf1d244c00 recvbuff 0x2ad1c97f8200 count 4 datatype 0 op 0 root 0 comm 0xbec2200 [nranks=3] stream 0xbec5f30
r1t00:506:506 [0] NCCL INFO AllGather: opCount 17f sendbuff 0x2acf6c000000 recvbuff 0x2acf82000000 count 31361124 datatype 0 op 0 root 0 comm 0xbec2200 [nranks=3] stream 0xbec5f30
r1t00:506:827 [0] NCCL INFO ReduceScatter: opCount 180 sendbuff 0x2ad208000000 recvbuff 0x2ad20e000000 count 7840281 datatype 7 op 0 root 0 comm 0xbec2200 [nranks=3] stream 0xbec5f30
r1t00:506:506 [0] NCCL INFO AllReduce: opCount 181 sendbuff 0x2acf1d3f8200 recvbuff 0x2acf1d3f8200 count 1 datatype 1 op 0 root 0 comm 0xbec2200 [nranks=3] stream 0xbec5f30
r1t00:506:506 [0] NCCL INFO AllGather: opCount 182 sendbuff 0x2acf1d3f6e00 recvbuff 0x2ad1c97f8200 count 4 datatype 0 op 0 root 0 comm 0xbec2200 [nranks=3] stream 0xbec5f30
r1t00:506:506 [0] NCCL INFO AllGather: opCount 183 sendbuff 0x2acf6c000000 recvbuff 0x2acf82000000 count 31361124 datatype 0 op 0 root 0 comm 0xbec2200 [nranks=3] stream 0xbec5f30
r1t00:506:506 [0] NCCL INFO AllReduce: opCount 184 sendbuff 0x2acf1d244c00 recvbuff 0x2acf1d244c00 count 1 datatype 1 op 0 root 0 comm 0xbec2200 [nranks=3] stream 0xbec5f30
r1t00:506:506 [0] NCCL INFO AllReduce: opCount 185 sendbuff 0x2acf1d244a00 recvbuff 0x2acf1d244a00 count 1 datatype 7 op 4 root 0 comm 0xbec2200 [nranks=3] stream 0xbec5f30
r1t00:506:506 [0] NCCL INFO AllReduce: opCount 186 sendbuff 0x2acf1d244e00 recvbuff 0x2acf1d244e00 count 1 datatype 1 op 0 root 0 comm 0xbec2200 [nranks=3] stream 0xbec5f30
r1t00:506:506 [0] NCCL INFO AllReduce: opCount 187 sendbuff 0x2acf1d245600 recvbuff 0x2acf1d245600 count 1 datatype 4 op 4 root 0 comm 0xbec2200 [nranks=3] stream 0xbec5f30
r1t00:506:506 [0] NCCL INFO AllReduce: opCount 188 sendbuff 0x2acf1d244c00 recvbuff 0x2acf1d244c00 count 1 datatype 1 op 0 root 0 comm 0xbec2200 [nranks=3] stream 0xbec5f30
r1t00:506:506 [0] NCCL INFO AllGather: opCount 189 sendbuff 0x2acf1d244c00 recvbuff 0x2acf1d3fbe00 count 8 datatype 0 op 0 root 0 comm 0xbec2200 [nranks=3] stream 0xbec5f30
r1t00:506:506 [0] NCCL INFO AllGather: opCount 18a sendbuff 0x2acf1d3f8400 recvbuff 0x2acf1d3f9400 count 8 datatype 0 op 0 root 0 comm 0xbec2200 [nranks=3] stream 0xbec5f30
r1t00:506:506 [0] NCCL INFO AllReduce: opCount 18b sendbuff 0x2acf1d244a00 recvbuff 0x2acf1d244a00 count 1 datatype 1 op 0 root 0 comm 0xbec2200 [nranks=3] stream 0xbec5f30
r1t00:506:506 [0] NCCL INFO AllGather: opCount 18c sendbuff 0x2acf1d244a00 recvbuff 0x2acf1d3fc000 count 8 datatype 0 op 0 root 0 comm 0xbec2200 [nranks=3] stream 0xbec5f30
r1t00:506:506 [0] NCCL INFO AllGather: opCount 18d sendbuff 0x2acf1d3f8600 recvbuff 0x2acf1d3f9a00 count 8 datatype 0 op 0 root 0 comm 0xbec2200 [nranks=3] stream 0xbec5f30
r1t00:506:506 [0] NCCL INFO AllReduce: opCount 18e sendbuff 0x2acf1d244c00 recvbuff 0x2acf1d244c00 count 1 datatype 1 op 0 root 0 comm 0xbec2200 [nranks=3] stream 0xbec5f30
r1t00:506:506 [0] NCCL INFO AllGather: opCount 18f sendbuff 0x2acf1d244c00 recvbuff 0x2acf1d3f9400 count 8 datatype 0 op 0 root 0 comm 0xbec2200 [nranks=3] stream 0xbec5f30
r1t00:506:506 [0] NCCL INFO AllGather: opCount 190 sendbuff 0x2acf1d244600 recvbuff 0x2acf1d3fa000 count 8 datatype 0 op 0 root 0 comm 0xbec2200 [nranks=3] stream 0xbec5f30
r1t00:506:506 [0] NCCL INFO AllReduce: opCount 191 sendbuff 0x2acf1d244a00 recvbuff 0x2acf1d244a00 count 1 datatype 1 op 0 root 0 comm 0xbec2200 [nranks=3] stream 0xbec5f30
r1t00:506:506 [0] NCCL INFO AllGather: opCount 192 sendbuff 0x2acf1d244a00 recvbuff 0x2acf1d3f9a00 count 8 datatype 0 op 0 root 0 comm 0xbec2200 [nranks=3] stream 0xbec5f30
r1t00:506:506 [0] NCCL INFO AllGather: opCount 193 sendbuff 0x2acf1d244800 recvbuff 0x2acf1d3fa600 count 8 datatype 0 op 0 root 0 comm 0xbec2200 [nranks=3] stream 0xbec5f30
r1t00:506:506 [0] NCCL INFO AllReduce: opCount 194 sendbuff 0x2acf1d244c00 recvbuff 0x2acf1d244c00 count 1 datatype 1 op 0 root 0 comm 0xbec2200 [nranks=3] stream 0xbec5f30
r1t00:506:506 [0] NCCL INFO AllGather: opCount 195 sendbuff 0x2acf1d244c00 recvbuff 0x2acf1d3fc000 count 8 datatype 0 op 0 root 0 comm 0xbec2200 [nranks=3] stream 0xbec5f30
r1t00:506:506 [0] NCCL er: opCount 1a6 sendbuff 0x2adcd122a800 recvbuff 0x2adcd13f8600 count 4 datatype 0 op 0 root 0 comm 0xc92dfc0 [nranks=3] stream 0xc931cd0
r1t04:33908:33908 [0] NCCL INFO AllGather: opCount 1a7 sendbuff 0x2add0e000000 recvbuff 0x2add10000000 count 31361124 datatype 0 op 0 root 0 comm 0xc92dfc0 [nranks=3] stream 0xc931cd0
r1t04:33908:34177 [0] NCCL INFO ReduceScatter: opCount 1a8 sendbuff 0x2adf94000000 recvbuff 0x2adf9a000000 count 7840281 datatype 7 op 0 root 0 comm 0xc92dfc0 [nranks=3] stream 0xc931cd0
r1t04:33908:33908 [0] NCCL INFO AllReduce: opCount 1a9 sendbuff 0x2adcd122a400 recvbuff 0x2adcd122a400 count 1 datatype 1 op 0 root 0 comm 0xc92dfc0 [nranks=3] stream 0xc931cd0
r1t04:33908:33908 [0] NCCL INFO AllGather: opCount 1aa sendbuff 0x2adcd1245400 recvbuff 0x2adcd13f8600 count 4 datatype 0 op 0 root 0 comm 0xc92dfc0 [nranks=3] stream 0xc931cd0
r1t04:33908:33908 [0] NCCL INFO AllGather: opCount 1ab sendbuff 0x2add0e000000 recvbuff 0x2add10000000 count 31361124 datatype 0 op 0 root 0 comm 0xc92dfc0 [nranks=3] stream 0xc931cd0
r1t04:33908:34177 [0] NCCL INFO ReduceScatter: opCount 1ac sendbuff 0x2adf94000000 recvbuff 0x2adf9a000000 count 7840281 datatype 7 op 0 root 0 comm 0xc92dfc0 [nranks=3] stream 0xc931cd0
r1t04:33908:33908 [0] NCCL INFO AllReduce: opCount 1ad sendbuff 0x2adcd1222a00 recvbuff 0x2adcd1222a00 count 1 datatype 1 op 0 root 0 comm 0xc92dfc0 [nranks=3] stream 0xc931cd0
r1t04:33908:33908 [0] NCCL INFO AllGather: opCount 1ae sendbuff 0x2adcd122a800 recvbuff 0x2adcd1245600 count 4 datatype 0 op 0 root 0 comm 0xc92dfc0 [nranks=3] stream 0xc931cd0
r1t04:33908:33908 [0] NCCL INFO AllGather: opCount 1af sendbuff 0x2add0e000000 recvbuff 0x2add10000000 count 31361124 datatype 0 op 0 root 0 comm 0xc92dfc0 [nranks=3] stream 0xc931cd0
r1t04:33908:34177 [0] NCCL INFO ReduceScatter: opCount 1b0 sendbuff 0x2adf94000000 recvbuff 0x2adf9a000000 count 7840281 datatype 7 op 0 root 0 comm 0xc92dfc0 [nranks=3] stream 0xc931cd0
r1t04:33908:33908 [0] NCCL INFO AllReduce: opCount 1b1 sendbuff 0x2adcd122a800 recvbuff 0x2adcd122a800 count 1 datatype 1 op 0 root 0 comm 0xc92dfc0 [nranks=3] stream 0xc931cd0
r1t04:33908:33908 [0] NCCL INFO AllGather: opCount 1b2 sendbuff 0x2adcd1222a00 recvbuff 0x2adcd13f8200 count 4 datatype 0 op 0 root 0 comm 0xc92dfc0 [nranks=3] stream 0xc931cd0
r1t04:33908:33908 [0] NCCL INFO AllGather: opCount 1b3 sendbuff 0x2add0e000000 recvbuff 0x2add10000000 count 31361124 datatype 0 op 0 root 0 comm 0xc92dfc0 [nranks=3] stream 0xc931cd0
r1t04:33908:34177 [0] NCCL INFO ReduceScatter: opCount 1b4 sendbuff 0x2adf94000000 recvbuff 0x2adf9a000000 count 7840281 datatype 7 op 0 root 0 comm 0xc92dfc0 [nranks=3] stream 0xc931cd0
r1t04:33908:33908 [0] NCCL INFO AllReduce: opCount 1b5 sendbuff 0x2adcd1222800 recvbuff 0x2adcd1222800 count 1 datatype 1 op 0 root 0 comm 0xc92dfc0 [nranks=3] stream 0xc931cd0
r1t04:33908:33908 [0] NCCL INFO AllGather: opCount 1b6 sendbuff 0x2adcd122a800 recvbuff 0x2adcd13f8600 count 4 datatype 0 op 0 root 0 comm 0xc92dfc0 [nranks=3] stream 0xc931cd0
r1t04:33908:33908 [0] NCCL INFO AllGather: opCount 1b7 sendbuff 0x2add0e000000 recvbuff 0x2add10000000 count 31361124 datatype 0 op 0 root 0 comm 0xc92dfc0 [nranks=3] stream 0xc931cd0
r1t04:33908:34177 [0] NCCL INFO ReduceScatter: opCount 1b8 sendbuff 0x2adf94000000 recvbuff 0x2adf9a000000 count 7840281 datatype 7 op 0 root 0 comm 0xc92dfc0 [nranks=3] stream 0xc931cd0
r1t04:33908:33908 [0] NCCL INFO AllReduce: opCount 1b9 sendbuff 0x2adcd1222200 recvbuff 0x2adcd1222200 count 1 datatype 1 op 0 root 0 comm 0xc92dfc0 [nranks=3] stream 0xc931cd0
r1t04:33908:33908 [0] NCCL INFO AllGather: opCount 1ba sendbuff 0x2adcd1245400 recvbuff 0x2adcd13f8600 count 4 datatype 0 op 0 root 0 comm 0xc92dfc0 [nranks=3] stream 0xc931cd0
r1t04:33908:33908 [0] NCCL INFO AllGather: opCount 1bb sendbuff 0x2add0e000000 recvbuff 0x2add10000000 count 31361124 datatype 0 op 0 root 0 comm 0xc92dfc0 [nranks=3] stream 0xc931cd0
r1t04:33908:34177 [0] NCCL INFO ReduceScatter: opCount 1bc sendbuff 0x2adf94000000 recvbuff 0x2adf9a000000 count 7840281 datatype 7 op 0 root 0 comm buff 0x2acf1d244c00 count 1 datatype 1 op 0 root 0 comm 0xbec2200 [nranks=3] stream 0xbec5f30
r1t00:506:506 [0] NCCL INFO AllGather: opCount 1ae sendbuff 0x2acf1d3f8c00 recvbuff 0x2acf1d3f9400 count 4 datatype 0 op 0 root 0 comm 0xbec2200 [nranks=3] stream 0xbec5f30
r1t00:506:506 [0] NCCL INFO AllGather: opCount 1af sendbuff 0x2acf6c000000 recvbuff 0x2acf82000000 count 31361124 datatype 0 op 0 root 0 comm 0xbec2200 [nranks=3] stream 0xbec5f30
r1t00:506:827 [0] NCCL INFO ReduceScatter: opCount 1b0 sendbuff 0x2ad208000000 recvbuff 0x2ad20e000000 count 7840281 datatype 7 op 0 root 0 comm 0xbec2200 [nranks=3] stream 0xbec5f30
r1t00:506:506 [0] NCCL INFO AllReduce: opCount 1b1 sendbuff 0x2acf1d244400 recvbuff 0x2acf1d244400 count 1 datatype 1 op 0 root 0 comm 0xbec2200 [nranks=3] stream 0xbec5f30
r1t00:506:506 [0] NCCL INFO AllGather: opCount 1b2 sendbuff 0x2acf1d244c00 recvbuff 0x2acf693e8600 count 4 datatype 0 op 0 root 0 comm 0xbec2200 [nranks=3] stream 0xbec5f30
r1t00:506:506 [0] NCCL INFO AllGather: opCount 1b3 sendbuff 0x2acf6c000000 recvbuff 0x2acf82000000 count 31361124 datatype 0 op 0 root 0 comm 0xbec2200 [nranks=3] stream 0xbec5f30
r1t00:506:827 [0] NCCL INFO ReduceScatter: opCount 1b4 sendbuff 0x2ad208000000 recvbuff 0x2ad20e000000 count 7840281 datatype 7 op 0 root 0 comm 0xbec2200 [nranks=3] stream 0xbec5f30
r1t00:506:506 [0] NCCL INFO AllReduce: opCount 1b5 sendbuff 0x2acf693e5400 recvbuff 0x2acf693e5400 count 1 datatype 1 op 0 root 0 comm 0xbec2200 [nranks=3] stream 0xbec5f30
