r1t00:506:506 [0] NCCL INFO Bootstrap : Using ib0:10.65.2.68<0>
r1t00:506:506 [0] NCCL INFO NET/Plugin : dlerror=dlopen hook: 'libnccl-net.so': cannot open shared object file: No such file or directory No plugin found (libnccl-net.so), using internal implementation
r1t00:506:506 [0] NCCL INFO cudaDriverVersion 12030
r1t00:506:506 [0] NCCL INFO NCCL version 2.19.3+cuda12.3
r1t00:506:506 [0] NCCL INFO init.cc:1627 Cuda Host Alloc Size 4 pointer 0x2acf1d400000
r1t00:506:506 [0] NCCL INFO Comm config Blocking set to 0
r1t00:506:628 [0] NCCL INFO NET/IB : Using [0]mlx5_0:1/IB [RO]; OOB ib0:10.65.2.68<0>
r1t00:506:628 [0] NCCL INFO Using non-device net plugin version 0
r1t00:506:628 [0] NCCL INFO Using network IB
r1t00:506:628 [0] NCCL INFO comm 0xbec2200 rank 0 nranks 3 cudaDev 0 nvmlDev 0 busId 81000 commId 0x27e89c9914939e91 - Init START
r1t00:506:628 [0] NCCL INFO NET/IB : GPU Direct RDMA Enabled for HCA 0 'mlx5_0'
r1t00:506:628 [0] NCCL INFO GPU Direct RDMA Disabled for GPU 81000 / HCA 0 (distance 7 > 4)
r1t00:506:628 [0] NCCL INFO GPU Direct RDMA Disabled for GPU 81000 / HCA 0 (distance 7 > 4)
r1t00:506:628 [0] NCCL INFO === System : maxBw 12.0 totalBw 12.0 ===
r1t00:506:628 [0] NCCL INFO CPU/7 (1/2/-1)
r1t00:506:628 [0] NCCL INFO + SYS[16.0] - CPU/5
r1t00:506:628 [0] NCCL INFO + PCI[12.0] - GPU/81000 (0)
r1t00:506:628 [0] NCCL INFO CPU/5 (1/2/-1)
r1t00:506:628 [0] NCCL INFO + SYS[16.0] - CPU/7
r1t00:506:628 [0] NCCL INFO + PCI[12.0] - NIC/C1000
r1t00:506:628 [0] NCCL INFO               + NET[12.5] - NET/0 (34f5270003a1420c/1/12.500000)
r1t00:506:628 [0] NCCL INFO ==========================================
r1t00:506:628 [0] NCCL INFO GPU/81000 :GPU/81000 (0/5000.000000/LOC) CPU/7 (1/12.000000/PHB) CPU/5 (2/12.000000/SYS) NET/0 (4/12.000000/SYS) 
r1t00:506:628 [0] NCCL INFO NET/0 :GPU/81000 (4/12.000000/SYS) CPU/7 (3/12.000000/SYS) CPU/5 (2/12.000000/PHB) NET/0 (0/5000.000000/LOC) 
r1t00:506:628 [0] NCCL INFO Pattern 4, crossNic 0, nChannels 1, bw 10.000000/10.000000, type LOC/SYS, sameChannels 1
r1t00:506:628 [0] NCCL INFO  0 : NET/0 GPU/0 NET/0
r1t00:506:628 [0] NCCL INFO Pattern 3, crossNic 0, nChannels 1, bw 20.000000/10.000000, type LOC/SYS, sameChannels 1
r1t00:506:628 [0] NCCL INFO  0 : NET/0 GPU/0 NET/0
r1t00:506:628 [0] NCCL INFO Tree 0 : -1 -> 0 -> 2/-1/-1
r1t00:506:628 [0] NCCL INFO Tree 1 : 1 -> 0 -> 2/-1/-1
r1t00:506:628 [0] NCCL INFO Channel 00/02 :    0   1   2
r1t00:506:628 [0] NCCL INFO Channel 01/02 :    0   1   2
r1t00:506:628 [0] NCCL INFO Ring 00 : 2 -> 0 -> 1
r1t00:506:628 [0] NCCL INFO Ring 01 : 2 -> 0 -> 1
r1t00:506:628 [0] NCCL INFO Trees [0] 2/-1/-1->0->-1 [1] 2/-1/-1->0->1
r1t00:506:628 [0] NCCL INFO P2P Chunksize set to 131072
r1t00:506:628 [0] NCCL INFO misc/utils.cc:235 memory stack hunk malloc(65536)
r1t00:506:628 [0] NCCL INFO channel.cc:40 Cuda Alloc Size 1824 pointer 0x2acf58c00000
r1t00:506:628 [0] NCCL INFO channel.cc:43 Cuda Alloc Size 40 pointer 0x2acf58e00000
r1t00:506:628 [0] NCCL INFO channel.cc:54 Cuda Alloc Size 12 pointer 0x2acf59000000
r1t00:506:628 [0] NCCL INFO channel.cc:40 Cuda Alloc Size 1824 pointer 0x2acf59200000
r1t00:506:628 [0] NCCL INFO channel.cc:43 Cuda Alloc Size 40 pointer 0x2acf59400000
r1t00:506:628 [0] NCCL INFO channel.cc:54 Cuda Alloc Size 12 pointer 0x2acf59600000
r1t00:506:628 [0] NCCL INFO GPU Direct RDMA Disabled for GPU 81000 / HCA 0 (distance 7 > 4)
r1t00:506:631 [0] NCCL INFO Mem Realloc old size 0, new size 8 pointer 0x2acf44002f20
r1t00:506:631 [0] NCCL INFO Allocated 4194660 bytes of shared memory in /dev/shm/nccl-nWu7Ca
r1t00:506:631 [0] NCCL INFO New proxy recv connection 0 from local rank 0, transport 2
r1t00:506:631 [0] NCCL INFO proxyProgressAsync opId=0x2acf4f6a4e10 op.type=1 op.reqBuff=0x2acf44002ec0 op.respSize=16 done
r1t00:506:631 [0] NCCL INFO Received and initiated operation=Init res=0
r1t00:506:628 [0] NCCL INFO ncclPollProxyResponse Received new opId=0x2acf4f6a4e10
r1t00:506:628 [0] NCCL INFO resp.opId=0x2acf4f6a4e10 matches expected opId=0x2acf4f6a4e10
r1t00:506:628 [0] NCCL INFO Connected to proxy localRank 0 -> connection 0x2acf44006240
r1t00:506:631 [0] NCCL INFO proxyProgressAsync opId=0x2acf4f6a4e10 op.type=3 op.reqBuff=0x2acf44002fa0 op.respSize=128 done
r1t00:506:631 [0] NCCL INFO Received and initiated operation=Setup res=0
r1t00:506:628 [0] NCCL INFO ncclPollProxyResponse Received new opId=0x2acf4f6a4e10
r1t00:506:628 [0] NCCL INFO resp.opId=0x2acf4f6a4e10 matches expected opId=0x2acf4f6a4e10
r1t00:506:628 [0] NCCL INFO Channel 00/0 : 2[0] -> 0[0] [receive] via NET/IB/0
r1t00:506:628 [0] NCCL INFO GPU Direct RDMA Disabled for GPU 81000 / HCA 0 (distance 7 > 4)
r1t00:506:631 [0] NCCL INFO New proxy recv connection 1 from local rank 0, transport 2
r1t00:506:631 [0] NCCL INFO proxyProgressAsync opId=0x2acf4f6a4e10 op.type=1 op.reqBuff=0x2acf44002f00 op.respSize=16 done
r1t00:506:631 [0] NCCL INFO Received and initiated operation=Init res=0
r1t00:506:628 [0] NCCL INFO ncclPollProxyResponse Received new opId=0x2acf4f6a4e10
r1t00:506:628 [0] NCCL INFO resp.opId=0x2acf4f6a4e10 matches expected opId=0x2acf4f6a4e10
r1t00:506:628 [0] NCCL INFO Connected to proxy localRank 0 -> connection 0x2acf440062b8
r1t00:506:631 [0] NCCL INFO proxyProgressAsync opId=0x2acf4f6a4e10 op.type=3 op.reqBuff=0x2acf44002fa0 op.respSize=128 done
r1t00:506:631 [0] NCCL INFO Received and initiated operation=Setup res=0
r1t00:506:628 [0] NCCL INFO ncclPollProxyResponse Received new opId=0x2acf4f6a4e10
r1t00:506:628 [0] NCCL INFO resp.opId=0x2acf4f6a4e10 matches expected opId=0x2acf4f6a4e10
r1t00:506:628 [0] NCCL INFO Channel 01/0 : 2[0] -> 0[0] [receive] via NET/IB/0
r1t00:506:628 [0] NCCL INFO GPU Direct RDMA Disabled for GPU 81000 / HCA 0 (distance 7 > 4)
r1t00:506:631 [0] NCCL INFO New proxy send connection 2 from local rank 0, transport 2
r1t00:506:631 [0] NCCL INFO proxyProgressAsync opId=0x2acf4f6a4e10 op.type=1 op.reqBuff=0x2acf44002ec0 op.respSize=16 done
r1t00:506:631 [0] NCCL INFO Received and initiated operation=Init res=0
r1t00:506:628 [0] NCCL INFO ncclPollProxyResponse Received new opId=0x2acf4f6a4e10
r1t00:506:628 [0] NCCL INFO resp.opId=0x2acf4f6a4e10 matches expected opId=0x2acf4f6a4e10
r1t00:506:628 [0] NCCL INFO Connected to proxy localRank 0 -> connection 0x2acf44006330
r1t00:506:631 [0] NCCL INFO proxyProgressAsync opId=0x2acf4f6a4e10 op.type=3 op.reqBuff=0x2acf44002fa0 op.respSize=0 done
r1t00:506:631 [0] NCCL INFO Received and initiated operation=Setup res=0
r1t00:506:628 [0] NCCL INFO ncclPollProxyResponse Received new opId=0x2acf4f6a4e10
r1t00:506:628 [0] NCCL INFO resp.opId=0x2acf4f6a4e10 matches expected opId=0x2acf4f6a4e10
r1t00:506:628 [0] NCCL INFO Channel 00/0 : 0[0] -> 1[0] [send] via NET/IB/0
r1t00:506:628 [0] NCCL INFO GPU Direct RDMA Disabled for GPU 81000 / HCA 0 (distance 7 > 4)
r1t00:506:631 [0] NCCL INFO New proxy send connection 3 from local rank 0, transport 2
r1t00:506:631 [0] NCCL INFO proxyProgressAsync opId=0x2acf4f6a4e10 op.type=1 op.reqBuff=0x2acf44002f00 op.respSize=16 done
r1t00:506:631 [0] NCCL INFO Received and initiated operation=Init res=0
r1t00:506:628 [0] NCCL INFO ncclPollProxyResponse Received new opId=0x2acf4f6a4e10
r1t00:506:628 [0] NCCL INFO resp.opId=0x2acf4f6a4e10 matches expected opId=0x2acf4f6a4e10
r1t00:506:628 [0] NCCL INFO Connected to proxy localRank 0 -> connection 0x2acf440063a8
r1t00:506:631 [0] NCCL INFO proxyProgressAsync opId=0x2acf4f6a4e10 op.type=3 op.reqBuff=0x2acf44002fa0 op.respSize=0 done
r1t00:506:631 [0] NCCL INFO Received and initiated operation=Setup res=0
r1t00:506:628 [0] NCCL INFO ncclPollProxyResponse Received new opId=0x2acf4f6a4e10
r1t00:506:628 [0] NCCL INFO resp.opId=0x2acf4f6a4e10 matches expected opId=0x2acf4f6a4e10
r1t00:506:628 [0] NCCL INFO Channel 01/0 : 0[0] -> 1[0] [send] via NET/IB/0
r1t00:506:628 [0] NCCL INFO sendConnect ncclProxyCallAsync opId=0x2acf4f6892c8
r1t00:506:628 [0] NCCL INFO recvConnect ncclProxyCallAsync opId=0x2acf4f6897b0 &recv->proxyConn=0x2acf4f6897b8 connectInfo=0x2acf4f6a2d50
r1t00:506:628 [0] NCCL INFO sendConnect ncclProxyCallAsync opId=0x2acf4f69e278
r1t00:506:628 [0] NCCL INFO recvConnect ncclProxyCallAsync opId=0x2acf4f69e760 &recv->proxyConn=0x2acf4f69e768 connectInfo=0x2acf4f6a2dd0
r1t00:506:631 [0] NCCL INFO transport/net_ib.cc:633 Ib Alloc Size 102424 pointer 0x2acf44025000
r1t00:506:631 [0] NCCL INFO NET/IB: Dev 0 Port 1 qpn 231020 mtu 5 LID 53
r1t00:506:631 [0] NCCL INFO transport/net_ib.cc:696 Ib Alloc Size 2600 pointer 0x2acf44085000
r1t00:506:631 [0] NCCL INFO Received and initiated operation=Connect res=0
r1t00:506:631 [0] NCCL INFO transport/net_ib.cc:765 Ib Alloc Size 85256 pointer 0x2acf4408c000
r1t00:506:631 [0] NCCL INFO Received and initiated operation=Connect res=0
r1t00:506:631 [0] NCCL INFO transport/net_ib.cc:633 Ib Alloc Size 102424 pointer 0x2acf440a7000
r1t00:506:631 [0] NCCL INFO NET/IB: Dev 0 Port 1 qpn 231021 mtu 5 LID 53
r1t00:506:631 [0] NCCL INFO transport/net_ib.cc:696 Ib Alloc Size 2600 pointer 0x2acf440fd000
r1t00:506:631 [0] NCCL INFO Received and initiated operation=Connect res=0
r1t00:506:631 [0] NCCL INFO transport/net_ib.cc:765 Ib Alloc Size 85256 pointer 0x2acf44104000
r1t00:506:631 [0] NCCL INFO Received and initiated operation=Connect res=0
r1t00:506:631 [0] NCCL INFO transport/net.cc:735 Cuda Host Alloc Size 9641984 pointer 0x2acf64000000
r1t00:506:631 [0] NCCL INFO Mem Realloc old size 0, new size 768 pointer 0x2acf44103a70
r1t00:506:631 [0] NCCL INFO proxyProgressAsync opId=0x2acf4f6892c8 op.type=4 op.reqBuff=0x2acf4400a2b0 op.respSize=21040 done
r1t00:506:631 [0] NCCL INFO transport/net_ib.cc:778 Ib Alloc Size 2600 pointer 0x2acf44020000
r1t00:506:628 [0] NCCL INFO ncclPollProxyResponse Received new opId=0x2acf4f6892c8
r1t00:506:628 [0] NCCL INFO Queuing opId=0x2acf4f6892c8 respBuff=0x2acf4f6d0130 respSize=21040
r1t00:506:628 [0] NCCL INFO ncclPollProxyResponse Dequeued cached opId=0x2acf4f6892c8
r1t00:506:628 [0] NCCL INFO sendConnect ncclPollProxyResponse opId=0x2acf4f6892c8
r1t00:506:631 [0] NCCL INFO transport/net_ib.cc:868 Ib Alloc Size 2600 pointer 0x2acf4417d000
r1t00:506:631 [0] NCCL INFO transport/net.cc:735 Cuda Host Alloc Size 9641984 pointer 0x2acf64a00000
r1t00:506:631 [0] NCCL INFO proxyProgressAsync opId=0x2acf4f69e278 op.type=4 op.reqBuff=0x2acf44024b90 op.respSize=21040 done
r1t00:506:631 [0] NCCL INFO transport/net_ib.cc:778 Ib Alloc Size 2600 pointer 0x2acf440a2000
r1t00:506:628 [0] NCCL INFO ncclPollProxyResponse Received new opId=0x2acf4f69e278
r1t00:506:628 [0] NCCL INFO Queuing opId=0x2acf4f69e278 respBuff=0x2acf4f6d0130 respSize=21040
r1t00:506:628 [0] NCCL INFO ncclPollProxyResponse Dequeued cached opId=0x2acf4f69e278
r1t00:506:628 [0] NCCL INFO sendConnect ncclPollProxyResponse opId=0x2acf4f69e278
r1t00:506:631 [0] NCCL INFO transport/net_ib.cc:868 Ib Alloc Size 2600 pointer 0x2acf441e2000
r1t00:506:631 [0] NCCL INFO transport/net.cc:883 Cuda Host Alloc Size 9641984 pointer 0x2acf65400000
r1t00:506:631 [0] NCCL INFO proxyProgressAsync opId=0x2acf4f6897b0 op.type=4 op.reqBuff=0x2acf44002ec0 op.respSize=21040 done
r1t00:506:631 [0] NCCL INFO transport/net.cc:883 Cuda Host Alloc Size 9641984 pointer 0x2acf66000000
r1t00:506:628 [0] NCCL INFO ncclPollProxyResponse Received new opId=0x2acf4f6897b0
r1t00:506:628 [0] NCCL INFO resp.opId=0x2acf4f6897b0 matches expected opId=0x2acf4f6897b0
r1t00:506:628 [0] NCCL INFO recvConnect ncclPollProxyResponse opId=0x2acf4f6897b0
r1t00:506:631 [0] NCCL INFO proxyProgressAsync opId=0x2acf4f69e760 op.type=4 op.reqBuff=0x2acf44002f00 op.respSize=21040 done
r1t00:506:628 [0] NCCL INFO ncclPollProxyResponse Received new opId=0x2acf4f69e760
r1t00:506:628 [0] NCCL INFO resp.opId=0x2acf4f69e760 matches expected opId=0x2acf4f69e760
r1t00:506:628 [0] NCCL INFO recvConnect ncclPollProxyResponse opId=0x2acf4f69e760
r1t00:506:628 [0] NCCL INFO Connected all rings
r1t00:506:628 [0] NCCL INFO GPU Direct RDMA Disabled for GPU 81000 / HCA 0 (distance 7 > 4)
r1t00:506:631 [0] NCCL INFO New proxy recv connection 4 from local rank 0, transport 2
r1t00:506:631 [0] NCCL INFO proxyProgressAsync opId=0x2acf4f6a4e10 op.type=1 op.reqBuff=0x2acf44002f00 op.respSize=16 done
r1t00:506:631 [0] NCCL INFO Received and initiated operation=Init res=0
r1t00:506:628 [0] NCCL INFO ncclPollProxyResponse Received new opId=0x2acf4f6a4e10
r1t00:506:628 [0] NCCL INFO resp.opId=0x2acf4f6a4e10 matches expected opId=0x2acf4f6a4e10
r1t00:506:628 [0] NCCL INFO Connected to proxy localRank 0 -> connection 0x2acf44006420
r1t00:506:631 [0] NCCL INFO proxyProgressAsync opId=0x2acf4f6a4e10 op.type=3 op.reqBuff=0x2acf44002fd0 op.respSize=128 done
r1t00:506:631 [0] NCCL INFO Received and initiated operation=Setup res=0
r1t00:506:628 [0] NCCL INFO ncclPollProxyResponse Received new opId=0x2acf4f6a4e10
r1t00:506:628 [0] NCCL INFO resp.opId=0x2acf4f6a4e10 matches expected opId=0x2acf4f6a4e10
r1t00:506:628 [0] NCCL INFO Channel 01/0 : 1[0] -> 0[0] [receive] via NET/IB/0
r1t00:506:628 [0] NCCL INFO GPU Direct RDMA Disabled for GPU 81000 / HCA 0 (distance 7 > 4)
r1t00:506:631 [0] NCCL INFO New proxy send connection 5 from local rank 0, transport 2
r1t00:506:631 [0] NCCL INFO proxyProgressAsync opId=0x2acf4f6a4e10 op.type=1 op.reqBuff=0x2acf44002f00 op.respSize=16 done
r1t00:506:631 [0] NCCL INFO Received and initiated operation=Init res=0
r1t00:506:628 [0] NCCL INFO ncclPollProxyResponse Received new opId=0x2acf4f6a4e10
r1t00:506:628 [0] NCCL INFO resp.opId=0x2acf4f6a4e10 matches expected opId=0x2acf4f6a4e10
r1t00:506:628 [0] NCCL INFO Connected to proxy localRank 0 -> connection 0x2acf44006498
r1t00:506:631 [0] NCCL INFO proxyProgressAsync opId=0x2acf4f6a4e10 op.type=3 op.reqBuff=0x2acf44002fd0 op.respSize=0 done
r1t00:506:631 [0] NCCL INFO Received and initiated operation=Setup res=0
r1t00:506:628 [0] NCCL INFO ncclPollProxyResponse Received new opId=0x2acf4f6a4e10
r1t00:506:628 [0] NCCL INFO resp.opId=0x2acf4f6a4e10 matches expected opId=0x2acf4f6a4e10
r1t00:506:628 [0] NCCL INFO Channel 00/0 : 0[0] -> 2[0] [send] via NET/IB/0
r1t00:506:628 [0] NCCL INFO GPU Direct RDMA Disabled for GPU 81000 / HCA 0 (distance 7 > 4)
r1t00:506:631 [0] NCCL INFO New proxy send connection 6 from local rank 0, transport 2
r1t00:506:631 [0] NCCL INFO proxyProgressAsync opId=0x2acf4f6a4e10 op.type=1 op.reqBuff=0x2acf44002f00 op.respSize=16 done
r1t00:506:631 [0] NCCL INFO Received and initiated operation=Init res=0
r1t00:506:628 [0] NCCL INFO ncclPollProxyResponse Received new opId=0x2acf4f6a4e10
r1t00:506:628 [0] NCCL INFO resp.opId=0x2acf4f6a4e10 matches expected opId=0x2acf4f6a4e10
r1t00:506:628 [0] NCCL INFO Connected to proxy localRank 0 -> connection 0x2acf44006510
r1t00:506:631 [0] NCCL INFO proxyProgressAsync opId=0x2acf4f6a4e10 op.type=3 op.reqBuff=0x2acf44002fd0 op.respSize=0 done
r1t00:506:631 [0] NCCL INFO Received and initiated operation=Setup res=0
r1t00:506:628 [0] NCCL INFO ncclPollProxyResponse Received new opId=0x2acf4f6a4e10
r1t00:506:628 [0] NCCL INFO resp.opId=0x2acf4f6a4e10 matches expected opId=0x2acf4f6a4e10
r1t00:506:628 [0] NCCL INFO Channel 01/0 : 0[0] -> 2[0] [send] via NET/IB/0
r1t00:506:628 [0] NCCL INFO sendConnect ncclProxyCallAsync opId=0x2acf4f689610
r1t00:506:628 [0] NCCL INFO sendConnect ncclProxyCallAsync opId=0x2acf4f69e5c0
r1t00:506:628 [0] NCCL INFO recvConnect ncclProxyCallAsync opId=0x2acf4f69e418 &recv->proxyConn=0x2acf4f69e420 connectInfo=0x2acf4f6a4ec0
r1t00:506:631 [0] NCCL INFO transport/net_ib.cc:633 Ib Alloc Size 102424 pointer 0x2acf441ee000
r1t00:506:631 [0] NCCL INFO NET/IB: Dev 0 Port 1 qpn 231026 mtu 5 LID 53
r1t00:506:631 [0] NCCL INFO transport/net_ib.cc:696 Ib Alloc Size 2600 pointer 0x2acf44244000
r1t00:506:631 [0] NCCL INFO Received and initiated operation=Connect res=0
r1t00:506:631 [0] NCCL INFO transport/net_ib.cc:633 Ib Alloc Size 102424 pointer 0x2acf4424b000
r1t00:506:631 [0] NCCL INFO NET/IB: Dev 0 Port 1 qpn 231027 mtu 5 LID 53
r1t00:506:631 [0] NCCL INFO transport/net_ib.cc:696 Ib Alloc Size 2600 pointer 0x2acf442a1000
r1t00:506:631 [0] NCCL INFO Received and initiated operation=Connect res=0
r1t00:506:631 [0] NCCL INFO transport/net_ib.cc:765 Ib Alloc Size 85256 pointer 0x2acf442a8000
r1t00:506:631 [0] NCCL INFO Received and initiated operation=Connect res=0
r1t00:506:631 [0] NCCL INFO transport/net_ib.cc:778 Ib Alloc Size 2600 pointer 0x2acf442be000
r1t00:506:631 [0] NCCL INFO transport/net_ib.cc:868 Ib Alloc Size 2600 pointer 0x2acf442be000
r1t00:506:631 [0] NCCL INFO transport/net.cc:735 Cuda Host Alloc Size 9641984 pointer 0x2acf66a00000
r1t00:506:631 [0] NCCL INFO proxyProgressAsync opId=0x2acf4f689610 op.type=4 op.reqBuff=0x2acf441950c0 op.respSize=21040 done
r1t00:506:628 [0] NCCL INFO ncclPollProxyResponse Received new opId=0x2acf4f689610
r1t00:506:628 [0] NCCL INFO Queuing opId=0x2acf4f689610 respBuff=0x2acf4f6df7c0 respSize=21040
r1t00:506:628 [0] NCCL INFO ncclPollProxyResponse Dequeued cached opId=0x2acf4f689610
r1t00:506:628 [0] NCCL INFO sendConnect ncclPollProxyResponse opId=0x2acf4f689610
r1t00:506:631 [0] NCCL INFO transport/net.cc:735 Cuda Host Alloc Size 9641984 pointer 0x2acf67400000
r1t00:506:631 [0] NCCL INFO proxyProgressAsync opId=0x2acf4f69e5c0 op.type=4 op.reqBuff=0x2acf441edd10 op.respSize=21040 done
r1t00:506:631 [0] NCCL INFO transport/net.cc:883 Cuda Host Alloc Size 9641984 pointer 0x2acf68000000
r1t00:506:628 [0] NCCL INFO ncclPollProxyResponse Received new opId=0x2acf4f69e5c0
r1t00:506:628 [0] NCCL INFO Queuing opId=0x2acf4f69e5c0 respBuff=0x2acf4f6c0a10 respSize=21040
r1t00:506:628 [0] NCCL INFO ncclPollProxyResponse Dequeued cached opId=0x2acf4f69e5c0
r1t00:506:628 [0] NCCL INFO sendConnect ncclPollProxyResponse opId=0x2acf4f69e5c0
r1t00:506:631 [0] NCCL INFO proxyProgressAsync opId=0x2acf4f69e418 op.type=4 op.reqBuff=0x2acf44002f00 op.respSize=21040 done
r1t00:506:628 [0] NCCL INFO ncclPollProxyResponse Received new opId=0x2acf4f69e418
r1t00:506:628 [0] NCCL INFO resp.opId=0x2acf4f69e418 matches expected opId=0x2acf4f69e418
r1t00:506:628 [0] NCCL INFO recvConnect ncclPollProxyResponse opId=0x2acf4f69e418
r1t00:506:628 [0] NCCL INFO Connected all trees
r1t00:506:628 [0] NCCL INFO   Algorithm   |                            Tree                  |                            Ring                  |                   CollNetDirect                  |
r1t00:506:628 [0] NCCL INFO   Protocol    |             LL |          LL128 |         Simple |             LL |          LL128 |         Simple |             LL |          LL128 |         Simple |
r1t00:506:628 [0] NCCL INFO  Max NThreads |            512 |            640 |            512 |            512 |            640 |            256 |              0 |              0 |            640 |
r1t00:506:628 [0] NCCL INFO     Broadcast |     0.0/   0.0 |     0.0/   0.0 |     0.0/   0.0 |     9.3/   2.5 |    18.0/   0.0 |    22.4/  10.0 |     0.0/   0.0 |     0.0/   0.0 |     0.0/   0.0 |
r1t00:506:628 [0] NCCL INFO        Reduce |     0.0/   0.0 |     0.0/   0.0 |     0.0/   0.0 |     9.3/   2.5 |    18.0/   0.0 |    22.4/  10.0 |     0.0/   0.0 |     0.0/   0.0 |     0.0/   0.0 |
r1t00:506:628 [0] NCCL INFO     AllGather |     0.0/   0.0 |     0.0/   0.0 |     0.0/   0.0 |    12.0/   3.8 |    22.0/   0.0 |    36.4/  15.0 |     0.0/   0.0 |     0.0/   0.0 |     0.0/   0.0 |
r1t00:506:628 [0] NCCL INFO ReduceScatter |     0.0/   0.0 |     0.0/   0.0 |     0.0/   0.0 |    12.0/   3.8 |    22.0/   0.0 |    36.4/  15.0 |     0.0/   0.0 |     0.0/   0.0 |     0.0/   0.0 |
r1t00:506:628 [0] NCCL INFO     AllReduce |    16.8/   1.0 |    31.0/   0.0 |    56.0/   3.9 |    18.8/   1.9 |    33.0/   0.0 |    80.4/   7.5 |     0.0/   0.0 |     0.0/   0.0 |    31.0/   0.0 |
r1t00:506:628 [0] NCCL INFO   Algorithm   |                    CollNetChain                  |                            NVLS                  |                        NVLSTree                  |
r1t00:506:628 [0] NCCL INFO   Protocol    |             LL |          LL128 |         Simple |             LL |          LL128 |         Simple |             LL |          LL128 |         Simple |
r1t00:506:628 [0] NCCL INFO  Max NThreads |              0 |              0 |            640 |              0 |              0 |            640 |              0 |              0 |            640 |
r1t00:506:628 [0] NCCL INFO     Broadcast |     0.0/   0.0 |     0.0/   0.0 |     0.0/   0.0 |     0.0/   0.0 |     0.0/   0.0 |     0.0/   0.0 |     0.0/   0.0 |     0.0/   0.0 |     0.0/   0.0 |
r1t00:506:628 [0] NCCL INFO        Reduce |     0.0/   0.0 |     0.0/   0.0 |     0.0/   0.0 |     0.0/   0.0 |     0.0/   0.0 |     0.0/   0.0 |     0.0/   0.0 |     0.0/   0.0 |     0.0/   0.0 |
r1t00:506:628 [0] NCCL INFO     AllGather |     0.0/   0.0 |     0.0/   0.0 |     0.0/   0.0 |     0.0/   0.0 |     0.0/   0.0 |    18.0/   0.0 |     0.0/   0.0 |     0.0/   0.0 |     0.0/   0.0 |
r1t00:506:628 [0] NCCL INFO ReduceScatter |     0.0/   0.0 |     0.0/   0.0 |     0.0/   0.0 |     0.0/   0.0 |     0.0/   0.0 |    18.0/   0.0 |     0.0/   0.0 |     0.0/   0.0 |     0.0/   0.0 |
r1t00:506:628 [0] NCCL INFO     AllReduce |     0.0/   0.0 |     0.0/   0.0 |    30.0/   0.0 |     0.0/   0.0 |     0.0/   0.0 |    18.0/   0.0 |     0.0/   0.0 |     0.0/   0.0 |    28.0/   0.0 |
r1t00:506:628 [0] NCCL INFO threadThresholds 8/8/64 | 24/8/64 | 512 | 512
r1t00:506:628 [0] NCCL INFO 2 coll channels, 0 nvls channels, 2 p2p channels, 2 p2p channels per peer
r1t00:506:631 [0] NCCL INFO New proxy send connection 7 from local rank 0, transport 2
r1t00:506:631 [0] NCCL INFO proxyProgressAsync opId=0x2acf4f6a2d10 op.type=1 op.reqBuff=0x2acf44002f00 op.respSize=16 done
r1t00:506:631 [0] NCCL INFO Received and initiated operation=Init res=0
r1t00:506:628 [0] NCCL INFO ncclPollProxyResponse Received new opId=0x2acf4f6a2d10
r1t00:506:628 [0] NCCL INFO resp.opId=0x2acf4f6a2d10 matches expected opId=0x2acf4f6a2d10
r1t00:506:628 [0] NCCL INFO Connected to proxy localRank 0 -> connection 0x2acf44006588
r1t00:506:631 [0] NCCL INFO Allocated shareable buffer 0x2acf68a00000 size 4194304 ipcDesc 0x2acf44302058
r1t00:506:631 [0] NCCL INFO proxyProgressAsync opId=0x2acf4f6a2d10 op.type=2 op.reqBuff=0x2acf44002f00 op.respSize=0 done
r1t00:506:631 [0] NCCL INFO Received and initiated operation=SharedInit res=0
r1t00:506:628 [0] NCCL INFO ncclPollProxyResponse Received new opId=0x2acf4f6a2d10
r1t00:506:628 [0] NCCL INFO resp.opId=0x2acf4f6a2d10 matches expected opId=0x2acf4f6a2d10
r1t00:506:628 [0] NCCL INFO init.cc:415 Cuda Alloc Size 7744 pointer 0x2acf68e00000
r1t00:506:628 [0] NCCL INFO init.cc:441 Cuda Host Alloc Size 33554432 pointer 0x2acf6a000000
r1t00:506:628 [0] NCCL INFO init.cc:447 Cuda Host Alloc Size 128 pointer 0x2acf1d400200
r1t00:506:628 [0] NCCL INFO Tuner: plugin load '(null)' returned error (11 : (null)), using default tuner instead.
r1t00:506:628 [0] NCCL INFO comm 0xbec2200 rank 0 nranks 3 cudaDev 0 nvmlDev 0 busId 81000 commId 0x27e89c9914939e91 - Init COMPLETE
r1t00:506:506 [0] NCCL INFO Broadcast: opCount 0 sendbuff 0x2acf1d200400 recvbuff 0x2acf1d200400 count 8 datatype 0 op 0 root 0 comm 0xbec2200 [nranks=3] stream 0xbec5f30
r1t00:506:506 [0] NCCL INFO misc/utils.cc:235 memory stack hunk malloc(65536)
r1t00:506:506 [0] NCCL INFO Broadcast: opCount 1 sendbuff 0x2acf1d200000 recvbuff 0x2acf1d200000 count 123 datatype 0 op 0 root 0 comm 0xbec2200 [nranks=3] stream 0xbec5f30
r1t00:506:506 [0] NCCL INFO AllReduce: opCount 2 sendbuff 0x2acf1d200200 recvbuff 0x2acf1d200200 count 1 datatype 1 op 0 root 0 comm 0xbec2200 [nranks=3] stream 0xbec5f30
r1t00:506:506 [0] NCCL INFO AllReduce: opCount 3 sendbuff 0x2acf1d200000 recvbuff 0x2acf1d200000 count 1 datatype 1 op 0 root 0 comm 0xbec2200 [nranks=3] stream 0xbec5f30
r1t00:506:506 [0] NCCL INFO AllReduce: opCount 4 sendbuff 0x2acf1d3f8600 recvbuff 0x2acf1d3f8600 count 1 datatype 1 op 0 root 0 comm 0xbec2200 [nranks=3] stream 0xbec5f30
r1t00:506:506 [0] NCCL INFO AllReduce: opCount 5 sendbuff 0x2acf1d3f8400 recvbuff 0x2acf1d3f8400 count 1 datatype 1 op 0 root 0 comm 0xbec2200 [nranks=3] stream 0xbec5f30
r1t00:506:506 [0] NCCL INFO AllReduce: opCount 6 sendbuff 0x2acf1d3f8600 recvbuff 0x2acf1d3f8600 count 1 datatype 1 op 0 root 0 comm 0xbec2200 [nranks=3] stream 0xbec5f30
r1t00:506:506 [0] NCCL INFO AllReduce: opCount 7 sendbuff 0x2acf1d3f8400 recvbuff 0x2acf1d3f8400 count 1 datatype 1 op 0 root 0 comm 0xbec2200 [nranks=3] stream 0xbec5f30
r1t00:506:506 [0] NCCL INFO AllReduce: opCount 8 sendbuff 0x2acf1d3f8600 recvbuff 0x2acf1d3f8600 count 1 datatype 1 op 0 root 0 comm 0xbec2200 [nranks=3] stream 0xbec5f30
r1t00:506:506 [0] NCCL INFO AllReduce: opCount 9 sendbuff 0x2acf1d3f8400 recvbuff 0x2acf1d3f8400 count 1 datatype 4 op 0 root 0 comm 0xbec2200 [nranks=3] stream 0xbec5f30
r1t00:506:506 [0] NCCL INFO AllGather: opCount a sendbuff 0x2acf6c000000 recvbuff 0x2acf82000000 count 31361124 datatype 0 op 0 root 0 comm 0xbec2200 [nranks=3] stream 0xbec5f30
r1t00:506:506 [0] NCCL INFO AllReduce: opCount b sendbuff 0x2acf1d3fb400 recvbuff 0x2acf1d3fb400 count 1 datatype 1 op 0 root 0 comm 0xbec2200 [nranks=3] stream 0xbec5f30
r1t00:506:506 [0] NCCL INFO AllReduce: opCount c sendbuff 0x2acf1d3f7200 recvbuff 0x2acf1d3f7200 count 1 datatype 7 op 4 root 0 comm 0xbec2200 [nranks=3] stream 0xbec5f30
r1t00:506:506 [0] NCCL INFO AllReduce: opCount d sendbuff 0x2acf1d3f7e00 recvbuff 0x2acf1d3f7e00 count 1 datatype 1 op 0 root 0 comm 0xbec2200 [nranks=3] stream 0xbec5f30
r1t00:506:506 [0] NCCL INFO AllReduce: opCount e sendbuff 0x2acf1d3fb000 recvbuff 0x2acf1d3fb000 count 1 datatype 4 op 4 root 0 comm 0xbec2200 [nranks=3] stream 0xbec5f30
r1t00:506:506 [0] NCCL INFO AllReduce: opCount f sendbuff 0x2acf1d3fb400 recvbuff 0x2acf1d3fb400 count 1 datatype 1 op 0 root 0 comm 0xbec2200 [nranks=3] stream 0xbec5f30
r1t00:506:506 [0] NCCL INFO AllGather: opCount 10 sendbuff 0x2acf1d3fb400 recvbuff 0x2acf1d3fc000 count 8 datatype 0 op 0 root 0 comm 0xbec2200 [nranks=3] stream 0xbec5f30
r1t00:506:506 [0] NCCL INFO AllGather: opCount 11 sendbuff 0x2acf1d3fb800 recvbuff 0x2acf1d3f8a00 count 8 datatype 0 op 0 root 0 comm 0xbec2200 [nranks=3] stream 0xbec5f30
r1t00:506:506 [0] NCCL INFO AllReduce: opCount 12 sendbuff 0x2acf1d3f7200 recvbuff 0x2acf1d3f7200 count 1 datatype 1 op 0 root 0 comm 0xbec2200 [nranks=3] stream 0xbec5f30
r1t00:506:506 [0] NCCL INFO AllGather: opCount 13 sendbuff 0x2acf1d3f7200 recvbuff 0x2acf1d3fbe00 count 8 datatype 0 op 0 root 0 comm 0xbec2200 [nranks=3] stream 0xbec5f30
r1t00:506:506 [0] NCCL INFO AllGather: opCount 14 sendbuff 0x2acf1d3f8400 recvbuff 0x2acf1d3f9000 count 8 datatype 0 op 0 root 0 comm 0xbec2200 [nranks=3] stream 0xbec5f30
r1t00:506:506 [0] NCCL INFO AllReduce: opCount 15 sendbuff 0x2acf1d3f8a00 recvbuff 0x2acf1d3f8a00 count 1 datatype 1 op 0 root 0 comm 0xbec2200 [nranks=3] stream 0xbec5f30
r1t00:506:506 [0] NCCL INFO AllGather: opCount 16 sendbuff 0x2acf1d3f8a00 recvbuff 0x2acf1d3fbc00 count 8 datatype 0 op 0 root 0 comm 0xbec2200 [nranks=3] stream 0xbec5f30
r1t00:506:506 [0] NCCL INFO AllGather: opCount 17 sendbuff 0x2acf1d3fae00 recvbuff 0x2acf1d3f9600 count 8 datatype 0 op 0 root 0 comm 0xbec2200 [nranks=3] stream 0xbec5f30
r1t00:506:506 [0] NCCL INFO AllReduce: opCount 18 sendbuff 0x2acf1d3f7200 recvbuff 0x2acf1d3f7200 count 1 datatype 1 op 0 root 0 comm 0xbec2200 [nranks=3] stream 0xbec5f30
r1t00:506:506 [0] NCCL INFO AllGather: opCount 19 sendbuff 0x2acf1d3f7200 recvbuff 0x2acf1d3fc200 count 8 datatype 0 op 0 root 0 comm 0xbec2200 [nranks=3] stream 0xbec5f30
r1t00:506:506 [0] NCCL INFO AllGather: opCount 1a sendbuff 0x2acf1d3fb200 recvbuff 0x2acf1d3f9c00 count 8 datatype 0 op 0 root 0 comm 0xbec2200 [nranks=3] stream 0xbec5f30
r1t00:506:506 [0] NCCL INFO AllReduce: opCount 1b sendbuff 0x2acf1d3f8a00 recvbuff 0x2acf1d3f8a00 count 1 datatype 1 op 0 root 0 comm 0xbec2200 [nranks=3] stream 0xbec5f30
r1t00:506:506 [0] NCCL INFO AllReduce: opCount 1c sendbuff 0x2acf1d3fc000 recvbuff 0x2acf1d3fc000 count 1 datatype 1 op 0 root 0 comm 0xbec2200 [nranks=3] stream 0xbec5f30
r1t00:506:506 [0] NCCL INFO AllReduce: opCount 1d sendbuff 0x2acf1d3f8a00 recvbuff 0x2acf1d3f8a00 count 1 datatype 4 op 0 root 0 comm 0xbec2200 [nranks=3] stream 0xbec5f30
r1t00:506:506 [0] NCCL INFO AllReduce: opCount 1e sendbuff 0x2acf1d3f8e00 recvbuff 0x2acf1d3f8e00 count 1 datatype 1 op 0 root 0 comm 0xbec2200 [nranks=3] stream 0xbec5f30
r1t00:506:506 [0] NCCL INFO AllReduce: opCount 1f sendbuff 0x2acf1d3f8a00 recvbuff 0x2acf1d3f8a00 count 1 datatype 4 op 0 root 0 comm 0xbec2200 [nranks=3] stream 0xbec5f30
r1t00:506:827 [0] NCCL INFO ReduceScatter: opCount 20 sendbuff 0x2ad208000000 recvbuff 0x2ad20e000000 count 7840281 datatype 7 op 0 root 0 comm 0xbec2200 [nranks=3] stream 0xbec5f30
r1t00:506:506 [0] NCCL INFO AllReduce: opCount 21 sendbuff 0x2acf1d3fc000 recvbuff 0x2acf1d3fc000 count 1 datatype 1 op 0 root 0 comm 0xbec2200 [nranks=3] stream 0xbec5f30
r1t00:506:506 [0] NCCL INFO AllGather: opCount 22 sendbuff 0x2acf1d3f8200 recvbuff 0x2ad1c97e8400 count 4 datatype 0 op 0 root 0 comm 0xbec2200 [nranks=3] stream 0xbec5f30
r1t00:506:506 [0] NCCL INFO AllGather: opCount 23 sendbuff 0x2acf6c000000 recvbuff 0x2acf82000000 count 31361124 datatype 0 op 0 root 0 comm 0xbec2200 [nranks=3] stream 0xbec5f30
r1t00:506:827 [0] NCCL INFO ReduceScatter: opCount 24 sendbuff 0x2ad208000000 recvbuff 0x2ad20e000000 count 7840281 datatype 7 op 0 root 0 comm 0xbec2200 [nranks=3] stream 0xbec5f30
r1t00:506:506 [0] NCCL INFO AllReduce: opCount 25 sendbuff 0x2acf1d3f6a00 recvbuff 0x2acf1d3f6a00 count 1 datatype 1 op 0 root 0 comm 0xbec2200 [nranks=3] stream 0xbec5f30
r1t00:506:506 [0] NCCL INFO AllGather: opCount 26 sendbuff 0x2acf1d3fc000 recvbuff 0x2ad1c97e8800 count 4 datatype 0 op 0 root 0 comm 0xbec2200 [nranks=3] stream 0xbec5f30
r1t00:506:506 [0] NCCL INFO AllGather: opCount 27 sendbuff 0x2acf6c000000 recvbuff 0x2acf82000000 count 31361124 datatype 0 op 0 root 0 comm 0xbec2200 [nranks=3] stream 0xbec5f30
r1t00:506:827 [0] NCCL INFO ReduceScatter: opCount 28 sendbuff 0x2ad208000000 recvbuff 0x2ad20e000000 count 7840281 datatype 7 op 0 root 0 comm 0xbec2200 [nranks=3] stream 0xbec5f30
r1t00:506:506 [0] NCCL INFO AllReduce: opCount 29 sendbuff 0x2acf1d244400 recvbuff 0x2acf1d244400 count 1 datatype 1 op 0 root 0 comm 0xbec2200 [nranks=3] stream 0xbec5f30
r1t00:506:506 [0] NCCL INFO AllGather: opCount 2a sendbuff 0x2acf1d3f6a00 recvbuff 0x2acf693e8200 count 4 datatype 0 op 0 root 0 comm 0xbec2200 [nranks=3] stream 0xbec5f30
r1t00:506:506 [0] NCCL INFO AllGather: opCount 2b sendbuff 0x2acf6c000000 recvbuff 0x2acf82000000 count 31361124 datatype 0 op 0 root 0 comm 0xbec2200 [nranks=3] stream 0xbec5f30
r1t00:506:827 [0] NCCL INFO ReduceScatter: opCount 2c sendbuff 0x2ad208000000 recvbuff 0x2ad20e000000 count 7840281 datatype 7 op 0 root 0 comm 0xbec2200 [nranks=3] stream 0xbec5f30
r1t00:506:506 [0] NCCL INFO AllReduce: opCount 2d sendbuff 0x2acf1d245600 recvbuff 0x2acf1d245600 count 1 datatype 1 op 0 root 0 comm 0xbec2200 [nranks=3] stream 0xbec5f30
r1t00:506:506 [0] NCCL INFO AllGather: opCount 2e sendbuff 0x2acf1d3f8200 recvbuff 0x2ad1c97e8400 count 4 datatype 0 op 0 root 0 comm 0xbec2200 [nranks=3] stream 0xbec5f30
r1t00:506:506 [0] NCCL INFO AllGather: opCount 2f sendbuff 0x2acf6c000000 recvbuff 0x2acf82000000 count 31361124 datatype 0 op 0 root 0 comm 0xbec2200 [nranks=3] stream 0xbec5f30
r1t00:506:827 [0] NCCL INFO ReduceScatter: opCount 30 sendbuff 0x2ad208000000 recvbuff 0x2ad20e000000 count 7840281 datatype 7 op 0 root 0 comm 0xbec2200 [nranks=3] stream 0xbec5f30
r1t00:506:506 [0] NCCL INFO AllReduce: opCount 31 sendbuff 0x2acf1d3f6a00 recvbuff 0x2acf1d3f6a00 count 1 datatype 1 op 0 root 0 comm 0xbec2200 [nranks=3] stream 0xbec5f30
r1t00:506:506 [0] NCCL INFO AllGather: opCount 32 sendbuff 0x2acf1d245600 recvbuff 0x2ad1c97e8400 count 4 datatype 0 op 0 root 0 comm 0xbec2200 [nranks=3] stream 0xbec5f30
r1t00:506:506 [0] NCCL INFO AllGather: opCount 33 sendbuff 0x2acf6c000000 recvbuff 0x2acf82000000 count 31361124 datatype 0 op 0 root 0 comm 0xbec2200 [nranks=3] stream 0xbec5f30
r1t00:506:827 [0] NCCL INFO ReduceScatter: opCount 34 sendbuff 0x2ad208000000 recvbuff 0x2ad20e000000 count 7840281 datatype 7 op 0 root 0 comm 0xbec2200 [nranks=3] stream 0xbec5f30
r1t00:506:506 [0] NCCL INFO AllReduce: opCount 35 sendbuff 0x2acf1d3f8200 recvbuff 0x2acf1d3f8200 count 1 datatype 1 op 0 root 0 comm 0xbec2200 [nranks=3] stream 0xbec5f30
r1t00:506:506 [0] NCCL INFO AllGather: opCount 36 sendbuff 0x2acf1d3f6a00 recvbuff 0x2ad1c97e8400 count 4 datatype 0 op 0 root 0 comm 0xbec2200 [nranks=3] stream 0xbec5f30
r1t00:506:506 [0] NCCL INFO AllGather: opCount 37 sendbuff 0x2acf6c000000 recvbuff 0x2acf82000000 count 31361124 datatype 0 op 0 root 0 comm 0xbec2200 [nranks=3] stream 0xbec5f30
r1t00:506:827 [0] NCCL INFO ReduceScatter: opCount 38 sendbuff 0x2ad208000000 recvbuff 0x2ad20e000000 count 7840281 datatype 7 op 0 root 0 comm 0xbec2200 [nranks=3] stream 0xbec5f30
r1t00:506:506 [0] NCCL INFO AllReduce: opCount 39 sendbuff 0x2acf1d245600 recvbuff 0x2acf1d245600 count 1 datatype 1 op 0 root 0 comm 0xbec2200 [nranks=3] stream 0xbec5f30
r1t00:506:506 [0] NCCL INFO AllGather: opCount 3a sendbuff 0x2acf1d3f8200 recvbuff 0x2ad1c97e8400 count 4 datatype 0 op 0 root 0 comm 0xbec2200 [nranks=3] stream 0xbec5f30
r1t00:506:506 [0] NCCL INFO AllGather: opCount 3b sendbuff 0x2acf6c000000 recvbuff 0x2acf82000000 count 31361124 datatype 0 op 0 root 0 comm 0xbec2200 [nranks=3] stream 0xbec5f30
r1t00:506:827 [0] NCCL INFO ReduceScatter: opCount 3c sendbuff 0x2ad208000000 recvbuff 0x2ad20e000000 count 7840281 datatype 7 op 0 root 0 comm 0xbec2200 [nranks=3] stream 0xbec5f30
r1t00:506:506 [0] NCCL INFO AllReduce: opCount 3d sendbuff 0x2acf1d3f6a00 recvbuff 0x2acf1d3f6a00 count 1 datatype 1 op 0 root 0 comm 0xbec2200 [nranks=3] stream 0xbec5f30
r1t00:506:506 [0] NCCL INFO AllGather: opCount 3e sendbuff 0x2acf1d245600 recvbuff 0x2ad1c97fd200 count 4 datatype 0 op 0 root 0 comm 0xbec2200 [nranks=3] stream 0xbec5f30
r1t00:506:506 [0] NCCL INFO AllGather: opCount 3f sendbuff 0x2acf6c000000 recvbuff 0x2acf82000000 count 31361124 datatype 0 op 0 root 0 comm 0xbec2200 [nranks=3] stream 0xbec5f30
r1t00:506:827 [0] NCCL INFO ReduceScatter: opCount 40 sendbuff 0x2ad208000000 recvbuff 0x2ad20e000000 count 7840281 datatype 7 op 0 root 0 comm 0xbec2200 [nranks=3] stream 0xbec5f30
r1t00:506:506 [0] NCCL INFO AllReduce: opCount 41 sendbuff 0x2acf1d3f8200 recvbuff 0x2acf1d3f8200 count 1 datatype 1 op 0 root 0 comm 0xbec2200 [nranks=3] stream 0xbec5f30
r1t00:506:506 [0] NCCL INFO AllGather: opCount 42 sendbuff 0x2acf1d3f6a00 recvbuff 0x2acf693eb800 count 4 datatype 0 op 0 root 0 comm 0xbec2200 [nranks=3] stream 0xbec5f30
r1t00:506:506 [0] NCCL INFO AllGather: opCount 43 sendbuff 0x2acf6c000000 recvbuff 0x2acf82000000 count 31361124 datatype 0 op 0 root 0 comm 0xbec2200 [nranks=3] stream 0xbec5f30
r1t00:506:827 [0] NCCL INFO ReduceScatter: opCount 44 sendbuff 0x2ad208000000 recvbuff 0x2ad20e000000 count 7840281 datatype 7 op 0 root 0 comm 0xbec2200 [nranks=3] stream 0xbec5f30
r1t00:506:506 [0] NCCL INFO AllReduce: opCount 45 sendbuff 0x2acf1d245600 recvbuff 0x2acf1d245600 count 1 datatype 1 op 0 root 0 comm 0xbec2200 [nranks=3] stream 0xbec5f30
r1t00:506:506 [0] NCCL INFO AllGather: opCount 46 sendbuff 0x2acf1d3f8200 recvbuff 0x2ad1c97e8400 count 4 datatype 0 op 0 root 0 comm 0xbec2200 [nranks=3] stream 0xbec5f30
r1t00:506:506 [0] NCCL INFO AllGather: opCount 47 sendbuff 0x2acf6c000000 recvbuff 0x2acf82000000 count 31361124 datatype 0 op 0 root 0 comm 0xbec2200 [nranks=3] stream 0xbec5f30
r1t00:506:827 [0] NCCL INFO ReduceScatter: opCount 48 sendbuff 0x2ad208000000 recvbuff 0x2ad20e000000 count 7840281 datatype 7 op 0 root 0 comm 0xbec2200 [nranks=3] stream 0xbec5f30
r1t00:506:506 [0] NCCL INFO AllReduce: opCount 49 sendbuff 0x2acf1d3f6a00 recvbuff 0x2acf1d3f6a00 count 1 datatype 1 op 0 root 0 comm 0xbec2200 [nranks=3] stream 0xbec5f30
r1t00:506:506 [0] NCCL INFO AllGather: opCount 4a sendbuff 0x2acf1d245600 recvbuff 0x2ad1c97e8400 count 4 datatype 0 op 0 root 0 comm 0xbec2200 [nranks=3] stream 0xbec5f30
r1t00:506:506 [0] NCCL INFO AllGather: opCount 4b sendbuff 0x2acf6c000000 recvbuff 0x2acf82000000 count 31361124 datatype 0 op 0 root 0 comm 0xbec2200 [nranks=3] stream 0xbec5f30
r1t00:506:827 [0] NCCL INFO ReduceScatter: opCount 4c sendbuff 0x2ad208000000 recvbuff 0x2ad20e000000 count 7840281 datatype 7 op 0 root 0 comm 0xbec2200 [nranks=3] stream 0xbec5f30
r1t00:506:506 [0] NCCL INFO AllReduce: opCount 4d sendbuff 0x2acf1d3f8200 recvbuff 0x2acf1d3f8200 count 1 datatype 1 op 0 root 0 comm 0xbec2200 [nranks=3] stream 0xbec5f30
r1t00:506:506 [0] NCCL INFO AllGather: opCount 4e sendbuff 0x2acf1d3f6a00 recvbuff 0x2acf693e1600 count 4 datatype 0 op 0 root 0 comm 0xbec2200 [nranks=3] stream 0xbec5f30
r1t00:506:506 [0] NCCL INFO AllGather: opCount 4f sendbuff 0x2acf6c000000 recvbuff 0x2acf82000000 count 31361124 datatype 0 op 0 root 0 comm 0xbec2200 [nranks=3] stream 0xbec5f30
r1t00:506:827 [0] NCCL INFO ReduceScatter: opCount 50 sendbuff 0x2ad208000000 recvbuff 0x2ad20e000000 count 7840281 datatype 7 op 0 root 0 comm 0xbec2200 [nranks=3] stream 0xbec5f30
r1t00:506:506 [0] NCCL INFO AllReduce: opCount 51 sendbuff 0x2acf1d245600 recvbuff 0x2acf1d245600 count 1 datatype 1 op 0 root 0 comm 0xbec2200 [nranks=3] stream 0xbec5f30
r1t00:506:506 [0] NCCL INFO AllGather: opCount 52 sendbuff 0x2acf1d3f8200 recvbuff 0x2acf693de000 count 4 datatype 0 op 0 root 0 comm 0xbec2200 [nranks=3] stream 0xbec5f30
r1t00:506:506 [0] NCCL INFO AllGather: opCount 53 sendbuff 0x2acf6c000000 recvbuff 0x2acf82000000 count 31361124 datatype 0 op 0 root 0 comm 0xbec2200 [nranks=3] stream 0xbec5f30
r1t00:506:827 [0] NCCL INFO ReduceScatter: opCount 54 sendbuff 0x2ad208000000 recvbuff 0x2ad20e000000 count 7840281 datatype 7 op 0 root 0 comm 0xbec2200 [nranks=3] stream 0xbec5f30
r1t00:506:506 [0] NCCL INFO AllReduce: opCount 55 sendbuff 0x2acf1d3f6a00 recvbuff 0x2acf1d3f6a00 count 1 datatype 1 op 0 root 0 comm 0xbec2200 [nranks=3] stream 0xbec5f30
r1t00:506:506 [0] NCCL INFO AllGather: opCount 56 sendbuff 0x2acf1d245600 recvbuff 0x2ad1c97e8400 count 4 datatype 0 op 0 root 0 comm 0xbec2200 [nranks=3] stream 0xbec5f30
r1t00:506:506 [0] NCCL INFO AllGather: opCount 57 sendbuff 0x2acf6c000000 recvbuff 0x2acf82000000 count 31361124 datatype 0 op 0 root 0 comm 0xbec2200 [nranks=3] stream 0xbec5f30
r1t00:506:827 [0] NCCL INFO ReduceScatter: opCount 58 sendbuff 0x2ad208000000 recvbuff 0x2ad20e000000 count 7840281 datatype 7 op 0 root 0 comm 0xbec2200 [nranks=3] stream 0xbec5f30
r1t00:506:506 [0] NCCL INFO AllReduce: opCount 59 sendbuff 0x2acf1d3f8200 recvbuff 0x2acf1d3f8200 count 1 datatype 1 op 0 root 0 comm 0xbec2200 [nranks=3] stream 0xbec5f30
r1t00:506:506 [0] NCCL INFO AllGather: opCount 5a sendbuff 0x2acf1d3f6a00 recvbuff 0x2ad1c97fd200 count 4 datatype 0 op 0 root 0 comm 0xbec2200 [nranks=3] stream 0xbec5f30
r1t00:506:506 [0] NCCL INFO AllGather: opCount 5b sendbuff 0x2acf6c000000 recvbuff 0x2acf82000000 count 31361124 datatype 0 op 0 root 0 comm 0xbec2200 [nranks=3] stream 0xbec5f30
r1t00:506:827 [0] NCCL INFO ReduceScatter: opCount 5c sendbuff 0x2ad208000000 recvbuff 0x2ad20e000000 count 7840281 datatype 7 op 0 root 0 comm 0xbec2200 [nranks=3] stream 0xbec5f30
r1t00:506:506 [0] NCCL INFO AllReduce: opCount 5d sendbuff 0x2acf1d245600 recvbuff 0x2acf1d245600 count 1 datatype 1 op 0 root 0 comm 0xbec2200 [nranks=3] stream 0xbec5f30
r1t00:506:506 [0] NCCL INFO AllGather: opCount 5e sendbuff 0x2acf1d3f8200 recvbuff 0x2acf693eb800 count 4 datatype 0 op 0 root 0 comm 0xbec2200 [nranks=3] stream 0xbec5f30
r1t00:506:506 [0] NCCL INFO AllGather: opCount 5f sendbuff 0x2acf6c000000 recvbuff 0x2acf82000000 count 31361124 datatype 0 op 0 root 0 comm 0xbec2200 [nranks=3] stream 0xbec5f30
r1t00:506:827 [0] NCCL INFO ReduceScatter: opCount 60 sendbuff 0x2ad208000000 recvbuff 0x2ad20e000000 count 7840281 datatype 7 op 0 root 0 comm 0xbec2200 [nranks=3] stream 0xbec5f30
r1t00:506:506 [0] NCCL INFO AllReduce: opCount 61 sendbuff 0x2acf1d3f6a00 recvbuff 0x2acf1d3f6a00 count 1 datatype 1 op 0 root 0 comm 0xbec2200 [nranks=3] stream 0xbec5f30
r1t00:506:506 [0] NCCL INFO AllGather: opCount 62 sendbuff 0x2acf1d245600 recvbuff 0x2acf693e2400 count 4 datatype 0 op 0 root 0 comm 0xbec2200 [nranks=3] stream 0xbec5f30
r1t00:506:506 [0] NCCL INFO AllGather: opCount 63 sendbuff 0x2acf6c000000 recvbuff 0x2acf82000000 count 31361124 datatype 0 op 0 root 0 comm 0xbec2200 [nranks=3] stream 0xbec5f30
r1t00:506:506 [0] NCCL INFO AllReduce: opCount 64 sendbuff 0x2acf1d3f8200 recvbuff 0x2acf1d3f8200 count 1 datatype 1 op 0 root 0 comm 0xbec2200 [nranks=3] stream 0xbec5f30
r1t00:506:506 [0] NCCL INFO AllReduce: opCount 65 sendbuff 0x2acf1d245600 recvbuff 0x2acf1d245600 count 1 datatype 7 op 4 root 0 comm 0xbec2200 [nranks=3] stream 0xbec5f30
r1t00:506:506 [0] NCCL INFO AllReduce: opCount 66 sendbuff 0x2acf1d3f7200 recvbuff 0x2acf1d3f7200 count 1 datatype 1 op 0 root 0 comm 0xbec2200 [nranks=3] stream 0xbec5f30
r1t00:506:506 [0] NCCL INFO AllReduce: opCount 67 sendbuff 0x2acf1d3fc400 recvbuff 0x2acf1d3fc400 count 1 datatype 4 op 4 root 0 comm 0xbec2200 [nranks=3] stream 0xbec5f30
r1t00:506:506 [0] NCCL INFO AllReduce: opCount 68 sendbuff 0x2acf1d3f8200 recvbuff 0x2acf1d3f8200 count 1 datatype 1 op 0 root 0 comm 0xbec2200 [nranks=3] stream 0xbec5f30
r1t00:506:506 [0] NCCL INFO AllGather: opCount 69 sendbuff 0x2acf1d3f8200 recvbuff 0x2acf693e2a00 count 8 datatype 0 op 0 root 0 comm 0xbec2200 [nranks=3] stream 0xbec5f30
r1t00:506:506 [0] NCCL INFO AllGather: opCount 6a sendbuff 0x2ad1c97e8400 recvbuff 0x2acf1d244600 count 8 datatype 0 op 0 root 0 comm 0xbec2200 [nranks=3] stream 0xbec5f30
r1t00:506:506 [0] NCCL INFO AllReduce: opCount 6b sendbuff 0x2acf1d245600 recvbuff 0x2acf1d245600 count 1 datatype 1 op 0 root 0 comm 0xbec2200 [nranks=3] stream 0xbec5f30
r1t00:506:506 [0] NCCL INFO AllGather: opCount 6c sendbuff 0x2acf1d245600 recvbuff 0x2acf1d3f8600 count 8 datatype 0 op 0 root 0 comm 0xbec2200 [nranks=3] stream 0xbec5f30
r1t00:506:506 [0] NCCL INFO AllGather: opCount 6d sendbuff 0x2acf1d3fbe00 recvbuff 0x2acf1d244c00 count 8 datatype 0 op 0 root 0 comm 0xbec2200 [nranks=3] stream 0xbec5f30
r1t00:506:506 [0] NCCL INFO AllReduce: opCount 6e sendbuff 0x2acf1d245600 recvbuff 0x2acf1d245600 count 1 datatype 1 op 0 root 0 comm 0xbec2200 [nranks=3] stream 0xbec5f30
r1t00:506:506 [0] NCCL INFO AllGather: opCount 6f sendbuff 0x2acf1d245600 recvbuff 0x2acf1d244e00 count 8 datatype 0 op 0 root 0 comm 0xbec2200 [nranks=3] stream 0xbec5f30
r1t00:506:506 [0] NCCL INFO AllGather: opCount 70 sendbuff 0x2acf1d3fc200 recvbuff 0x2acf1d3f8e00 count 8 datatype 0 op 0 root 0 comm 0xbec2200 [nranks=3] stream 0xbec5f30
r1t00:506:506 [0] NCCL INFO AllReduce: opCount 71 sendbuff 0x2acf1d244600 recvbuff 0x2acf1d244600 count 1 datatype 1 op 0 root 0 comm 0xbec2200 [nranks=3] stream 0xbec5f30
r1t00:506:506 [0] NCCL INFO AllGather: opCount 72 sendbuff 0x2acf1d244600 recvbuff 0x2acf693e2c00 count 8 datatype 0 op 0 root 0 comm 0xbec2200 [nranks=3] stream 0xbec5f30
r1t00:506:506 [0] NCCL INFO AllGather: opCount 73 sendbuff 0x2acf693e2400 recvbuff 0x2acf1d3f9400 count 8 datatype 0 op 0 root 0 comm 0xbec2200 [nranks=3] stream 0xbec5f30
r1t00:506:506 [0] NCCL INFO AllReduce: opCount 74 sendbuff 0x2acf1d3f8200 recvbuff 0x2acf1d3f8200 count 1 datatype 1 op 0 root 0 comm 0xbec2200 [nranks=3] stream 0xbec5f30
r1t00:506:506 [0] NCCL INFO AllGather: opCount 75 sendbuff 0x2acf1d3f8200 recvbuff 0x2acf693e2c00 count 8 datatype 0 op 0 root 0 comm 0xbec2200 [nranks=3] stream 0xbec5f30
r1t00:506:506 [0] NCCL INFO AllGather: opCount 76 sendbuff 0x2acf693e2600 recvbuff 0x2acf1d244800 count 8 datatype 0 op 0 root 0 comm 0xbec2200 [nranks=3] stream 0xbec5f30
r1t00:506:506 [0] NCCL INFO AllReduce: opCount 77 sendbuff 0x2acf693e2400 recvbuff 0x2acf693e2400 count 1 datatype 1 op 0 root 0 comm 0xbec2200 [nranks=3] stream 0xbec5f30
r1t00:506:506 [0] NCCL INFO AllGather: opCount 78 sendbuff 0x2acf693e2400 recvbuff 0x2acf1d244c00 count 8 datatype 0 op 0 root 0 comm 0xbec2200 [nranks=3] stream 0xbec5f30
r1t00:506:506 [0] NCCL INFO AllGather: opCount 79 sendbuff 0x2acf693e1e00 recvbuff 0x2acf1d3f8c00 count 8 datatype 0 op 0 root 0 comm 0xbec2200 [nranks=3] stream 0xbec5f30
r1t00:506:506 [0] NCCL INFO AllReduce: opCount 7a sendbuff 0x2acf693e2400 recvbuff 0x2acf693e2400 count 1 datatype 1 op 0 root 0 comm 0xbec2200 [nranks=3] stream 0xbec5f30
r1t00:506:506 [0] NCCL INFO AllGather: opCount 7b sendbuff 0x2acf693e2400 recvbuff 0x2acf1d244a00 count 8 datatype 0 op 0 root 0 comm 0xbec2200 [nranks=3] stream 0xbec5f30
r1t00:506:506 [0] NCCL INFO AllGather: opCount 7c sendbuff 0x2acf693e2000 recvbuff 0x2acf1d3f9200 count 8 datatype 0 op 0 root 0 comm 0xbec2200 [nranks=3] stream 0xbec5f30
r1t00:506:506 [0] NCCL INFO AllReduce: opCount 7d sendbuff 0x2acf1d3f8200 recvbuff 0x2acf1d3f8200 count 1 datatype 1 op 0 root 0 comm 0xbec2200 [nranks=3] stream 0xbec5f30
r1t00:506:506 [0] NCCL INFO AllGather: opCount 79:32049 [0] NCCL INFO AllReduce: opCount 89 sendbuff 0x2aaecd26fa00 recvbuff 0x2aaecd26fa00 count 1 datatype 1 op 0 root 0 comm 0xc706250 [nranks=3] stream 0xc709f60
r1t06:32049:32049 [0] NCCL INFO AllGather: opCount 8a sendbuff 0x2aaecd271a00 recvbuff 0x2aaecd3f8600 count 4 datatype 0 op 0 root 0 comm 0xc706250 [nranks=3] stream 0xc709f60
r1t06:32049:32049 [0] NCCL INFO AllGather: opCount 8b sendbuff 0x2aaf08000000 recvbuff 0x2aaf0a000000 count 31361124 datatype 0 op 0 root 0 comm 0xc706250 [nranks=3] stream 0xc709f60
r1t06:32049:32314 [0] NCCL INFO ReduceScatter: opCount 8c sendbuff 0x2ab188000000 recvbuff 0x2ab18e000000 count 7840281 datatype 7 op 0 root 0 comm 0xc706250 [nranks=3] stream 0xc709f60
r1t06:32049:32049 [0] NCCL INFO AllReduce: opCount 8d sendbuff 0x2aaecd244c00 recvbuff 0x2aaecd244c00 count 1 datatype 1 op 0 root 0 comm 0xc706250 [nranks=3] stream 0xc709f60
r1t06:32049:32049 [0] NCCL INFO AllGather: opCount 8e sendbuff 0x2aaecd271c00 recvbuff 0x2aaecd3f8600 count 4 datatype 0 op 0 root 0 comm 0xc706250 [nranks=3] stream 0xc709f60
r1t06:32049:32049 [0] NCCL INFO AllGather: opCount 8f sendbuff 0x2aaf08000000 recvbuff 0x2aaf0a000000 count 31361124 datatype 0 op 0 root 0 comm 0xc706250 [nranks=3] stream 0xc709f60
r1t06:32049:32314 [0] NCCL INFO ReduceScatter: opCount 90 sendbuff 0x2ab188000000 recvbuff 0x2ab18e000000 count 7840281 datatype 7 op 0 root 0 comm 0xc706250 [nranks=3] stream 0xc709f60
r1t06:32049:32049 [0] NCCL INFO AllReduce: opCount 91 sendbuff 0x2aaecd284000 recvbuff 0x2aaecd284000 count 1 datatype 1 op 0 root 0 comm 0xc706250 [nranks=3] stream 0xc709f60
r1t06:32049:32049 [0] NCCL INFO AllGather: opCount 92 sendbuff 0x2aaecd244c00 recvbuff 0x2aaecd3fc000 count 4 datatype 0 op 0 root 0 comm 0xc706250 [nranks=3] stream 0xc709f60
r1t06:32049:32049 [0] NCCL INFO AllGather: opCount 93 sendbuff 0x2aaf08000000 recvbuff 0x2aaf0a000000 count 31361124 datatype 0 op 0 root 0 comm 0xc706250 [nranks=3] stream 0xc709f60
r1t06:32049:32314 [0] NCCL INFO ReduceScatter: opCount 94 sendbuff 0x2ab188000000 recvbuff 0x2ab18e000000 count 7840281 datatype 7 op 0 root 0 comm 0xc706250 [nranks=3] stream 0xc709f60
r1t06:32049:32049 [0] NCCL INFO AllReduce: opCount 95 sendbuff 0x2aaecd244c00 recvbuff 0x2aaecd244c00 count 1 datatype 1 op 0 root 0 comm 0xc706250 [nranks=3] stream 0xc709f60
r1t06:32049:32049 [0] NCCL INFO AllGather: opCount 96 sendbuff 0x2aaecd3fc000 recvbuff 0x2aaecd3fc200 count 4 datatype 0 op 0 root 0 comm 0xc706250 [nranks=3] stream 0xc709f60
r1t06:32049:32049 [0] NCCL INFO AllGather: opCount 97 sendbuff 0x2aaf08000000 recvbuff 0x2aaf0a000000 count 31361124 datatype 0 op 0 root 0 comm 0xc706250 [nranks=3] stream 0xc709f60
r1t06:32049:32314 [0] NCCL INFO ReduceScatter: opCount 98 sendbuff 0x2ab188000000 recvbuff 0x2ab18e000000 count 7840281 datatype 7 op 0 root 0 comm 0xc706250 [nranks=3] stream 0xc709f60
r1t06:32049:32049 [0] NCCL INFO AllReduce: opCount 99 sendbuff 0x2aaecd244600 recvbuff 0x2aaecd244600 count 1 datatype 1 op 0 root 0 comm 0xc706250 [nranks=3] stream 0xc709f60
r1t06:32049:32049 [0] NCCL INFO AllGather: opCount 9a sendbuff 0x2aaecd244c00 recvbuff 0x2aaecd26d400 count 4 datatype 0 op 0 root 0 comm 0xc706250 [nranks=3] stream 0xc709f60
r1t06:32049:32049 [0] NCCL INFO AllGather: opCount 9b sendbuff 0x2aaf08000000 recvbuff 0x2aaf0a000000 count 31361124 datatype 0 op 0 root 0 comm 0xc706250 [nranks=3] stream 0xc709f60
r1t06:32049:32314 [0] NCCL INFO ReduceScatter: opCount 9c sendbuff 0x2ab188000000 recvbuff 0x2ab18e000000 count 7840281 datatype 7 op 0 root 0 comm 0xc706250 [nranks=3] stream 0xc709f60
r1t06:32049:32049 [0] NCCL INFO AllReduce: opCount 9d sendbuff 0x2aaecd26b200 recvbuff 0x2aaecd26b200 count 1 datatype 1 op 0 root 0 comm 0xc706250 [nranks=3] stream 0xc709f60
r1t06:32049:32049 [0] NCCL INFO AllGather: opCount 9e sendbuff 0x2aaecd26d200 recvbuff 0x2aaecd26ca00 count 4 datatype 0 op 0 root 0 comm 0xc706250 [nranks=3] stream 0xc709f60
r1t06:32049:32049 [0] NCCL INFO AllGather: opCount 9f sendbuff 0x2aaf08000000 recvbuff 0x2aaf0a000000 count 31361124 datatype 0 op 0 root 0 comm 0xc76a00 count 1 datatype 1 op 0 root 0 comm 0xbec2200 [nranks=3] stream 0xbec5f30
r1t00:506:506 [0] NCCL INFO AllGather: opCount 96 sendbuff 0x2acf1d3fc000 recvbuff 0x2acf1d3f8400 count 4 datatype 0 op 0 root 0 comm 0xbec2200 [nranks=3] stream 0xbec5f30
r1t00:506:506 [0] NCCL INFO AllGather: opCount 97 sendbuff 0x2acf6c000000 recvbuff 0x2acf82000000 count 31361124 datatype 0 op 0 root 0 comm 0xbec2200 [nranks=3] stream 0xbec5f30
r1t00:506:827 [0] NCCL INFO ReduceScatter: opCount 98 sendbuff 0x2ad208000000 recvbuff 0x2ad20e000000 count 7840281 datatype 7 op 0 root 0 comm 0xbec2200 [nranks=3] stream 0xbec5f30
r1t00:506:506 [0] NCCL INFO AllReduce: opCount 99 sendbuff 0x2acf1d3f8200 recvbuff 0x2acf1d3f8200 count 1 datatype 1 op 0 root 0 comm 0xbec2200 [nranks=3] stream 0xbec5f30
