r1t01:41392:41392 [0] NCCL INFO AllReduce: opCount 91 sendbuff 0x2b06553ba800 recvbuff 0x2b06553ba800 count 1 datatype 1 op 0 root 0 comm 0xade7440 [nranks=3] stream 0xadeb1b0
r1t01:41392:41392 [0] NCCL INFO AllGather: opCount 92 sendbuff 0x2b06553ae400 recvbuff 0x2b06553b6400 count 4 datatype 0 op 0 root 0 comm 0xade7440 [nranks=3] stream 0xadeb1b0
r1t01:41392:41392 [0] NCCL INFO AllGather: opCount 93 sendbuff 0x2b068cc00000 recvbuff 0x2b0656000000 count 14898616 datatype 0 op 0 root 0 comm 0xade7440 [nranks=3] stream 0xadeb1b0
r1t01:41392:41668 [0] NCCL INFO ReduceScatter: opCount 94 sendbuff 0x2b0794000000 recvbuff 0x2b0796c00000 count 3724654 datatype 7 op 0 root 0 comm 0xade7440 [nranks=3] stream 0xadeb1b0
r1t01:41392:41392 [0] NCCL INFO AllReduce: opCount 95 sendbuff 0x2b06553ad800 recvbuff 0x2b06553ad800 count 1 datatype 1 op 0 root 0 comm 0xade7440 [nranks=3] stream 0xadeb1b0
r1t01:41392:41392 [0] NCCL INFO AllGather: opCount 96 sendbuff 0x2b06553bc400 recvbuff 0x2b077fffba00 count 4 datatype 0 op 0 root 0 comm 0xade7440 [nranks=3] stream 0xadeb1b0
r1t01:41392:41392 [0] NCCL INFO AllGather: opCount 97 sendbuff 0x2b068cc00000 recvbuff 0x2b0656000000 count 14898616 datatype 0 op 0 root 0 comm 0xade7440 [nranks=3] stream 0xadeb1b0
r1t01:41392:41668 [0] NCCL INFO ReduceScatter: opCount 98 sendbuff 0x2b0794000000 recvbuff 0x2b0796c00000 count 3724654 datatype 7 op 0 root 0 comm 0xade7440 [nranks=3] stream 0xadeb1b0
r1t01:41392:41392 [0] NCCL INFO AllReduce: opCount 99 sendbuff 0x2b06553ae400 recvbuff 0x2b06553ae400 count 1 datatype 1 op 0 root 0 comm 0xade7440 [nranks=3] stream 0xadeb1b0
r1t01:41392:41392 [0] NCCL INFO AllGather: opCount 9a sendbuff 0x2b06553ad800 recvbuff 0x2b077fffba00 count 4 datatype 0 op 0 root 0 comm 0xade7440 [nranks=3] stream 0xadeb1b0
r1t01:41392:41392 [0] NCCL INFO AllGather: opCount 9b sendbuff 0x2b068cc00000 recvbuff 0x2b0656000000 count 14898616 datatype 0 op 0 root 0 comm 0xade7440 [nranks=3] stream 0xadeb1b0
r1t01:41392:41668 [0] NCCL INFO ReduceScatter: opCount 9c sendbuff 0x2b0794000000 recvbuff 0x2b0796c00000 count 3724654 datatype 7 op 0 root 0 comm 0xade7440 [nranks=3] stream 0xadeb1b0
r1t01:41392:41392 [0] NCCL INFO AllReduce: opCount 9d sendbuff 0x2b06553b1200 recvbuff 0x2b06553b1200 count 1 datatype 1 op 0 root 0 comm 0xade7440 [nranks=3] stream 0xadeb1b0
r1t01:41392:41392 [0] NCCL INFO AllGather: opCount 9e sendbuff 0x2b06553ae400 recvbuff 0x2b06553ba800 count 4 datatype 0 op 0 root 0 comm 0xade7440 [nranks=3] stream 0xadeb1b0
r1t01:41392:41392 [0] NCCL INFO AllGather: opCount 9f sendbuff 0x2b068cc00000 recvbuff 0x2b0656000000 count 14898616 datatype 0 op 0 root 0 comm 0xade7440 [nranks=3] stream 0xadeb1b0
r1t01:41392:41668 [0] NCCL INFO ReduceScatter: opCount a0 sendbuff 0x2b0794000000 recvbuff 0x2b0796c00000 count 3724654 datatype 7 op 0 root 0 comm 0xade7440 [nranks=3] stream 0xadeb1b0
r1t01:41392:41392 [0] NCCL INFO AllReduce: opCount a1 sendbuff 0x2b06553ad800 recvbuff 0x2b06553ad800 count 1 datatype 1 op 0 root 0 comm 0xade7440 [nranks=3] stream 0xadeb1b0
r1t01:41392:41392 [0] NCCL INFO AllGather: opCount a2 sendbuff 0x2b06553b1200 recvbuff 0x2b06553ba800 count 4 datatype 0 op 0 root 0 comm 0xade7440 [nranks=3] stream 0xadeb1b0
r1t01:41392:41392 [0] NCCL INFO AllGather: opCount a3 sendbuff 0x2b068cc00000 recvbuff 0x2b0656000000 count 14898616 datatype 0 op 0 root 0 comm 0xade7440 [nranks=3] stream 0xadeb1b0
r1t01:41392:41668 [0] NCCL INFO ReduceScatter: opCount a4 sendbuff 0x2b0794000000 recvbuff 0x2b0796c00000 count 3724654 datatype 7 op 0 root 0 comm 0xade7440 [nranks=3] stream 0xadeb1b0
r1t01:41392:41392 [0] NCCL INFO AllReduce: opCount a5 sendbuff 0x2b06553ae400 recvbuff 0x2b06553ae400 count 1 datatype 1 op 0 root 0 comm 0xade7440 [nranks=3] stream 0xadeb1b0
r1t01:41392:41392 [0] NCCL INFO AllGather: opCount a6 sendbuff 0x2b06553ad800 recvbuff 0x2b06553b6600 count 4 datatype 0 op 0 root 0 comm 0xade7440 [nranks=3] stream 0xadeb1b0
r1t01:41392:41392 [0] NCCL INFO AllGather: opCount a7 sendbuff 0x2b068cc00000 recvbuff 0x2b0656000000 count 14898616 datatype 0 op 0 root 0 comm 0xade7440 [nranks=3] stream 0xadeb1b0
r1t01:41392:41668 [0] NCCL INFO ReduceScatter: opCount a8 sendbuff 0x2b0794000000 recvbuff 0x2b0796c00000 count 3724654 datatype 7 op 0 root 0 comm 0xade7440 [nranks=3] stream 0xadeb1b0
r1t01:41392:41392 [0] NCCL INFO AllReduce: opCount a9 sendbuff 0x2b06553b9800 recvbuff 0x2b06553b9800 count 1 datatype 1 op 0 root 0 comm 0xade7440 [nranks=3] stream 0xadeb1b0
r1t01:41392:41392 [0] NCCL INFO AllGather: opCount aa sendbuff 0x2b06553ae400 recvbuff 0x2b06553bb800 count 4 datatype 0 op 0 root 0 comm 0xade7440 [nranks=3] stream 0xadeb1b0
r1t01:41392:41392 [0] NCCL INFO AllGather: opCount ab sendbuff 0x2b068cc00000 recvbuff 0x2b0656000000 count 14898616 datatype 0 op 0 root 0 comm 0xade7440 [nranks=3] stream 0xadeb1b0
r1t01:41392:41668 [0] NCCL INFO ReduceScatter: opCount ac sendbuff 0x2b0794000000 recvbuff 0x2b0796c00000 count 3724654 datatype 7 op 0 root 0 comm 0xade7440 [nranks=3] stream 0xadeb1b0
r1t01:41392:41392 [0] NCCL INFO AllReduce: opCount ad sendbuff 0x2b06553ad800 recvbuff 0x2b06553ad800 count 1 datatype 1 op 0 root 0 comm 0xade7440 [nranks=3] stream 0xadeb1b0
r1t01:41392:41392 [0] NCCL INFO AllGather: opCount ae sendbuff 0x2b06553baa00 recvbuff 0x2b06553b6400 count 4 datatype 0 op 0 root 0 comm 0xade7440 [nranks=3] stream 0xadeb1b0
r1t01:41392:41392 [0] NCCL INFO AllGather: opCount af sendbuff 0x2b068cc00000 recvbuff 0x2b0656000000 count 14898616 datatype 0 op 0 root 0 comm 0xade7440 [nranks=3] stream 0xadeb1b0
r1t01:41392:41668 [0] NCCL INFO ReduceScatter: opCount b0 sendbuff 0x2b0794000000 recvbuff 0x2b0796c00000 count 3724654 datatype 7 op 0 root 0 comm 0xade7440 [nranks=3] stream 0xadeb1b0
r1t01:41392:41392 [0] NCCL INFO AllReduce: opCount b1 sendbuff 0x2b06553ae400 recvbuff 0x2b06553ae400 count 1 datatype 1 op 0 root 0 comm 0xade7440 [nranks=3] stream 0xadeb1b0
r1t01:41392:41392 [0] NCCL INFO AllGather: opCount b2 sendbuff 0x2b06553ad800 recvbuff 0x2b06553b6400 count 4 datatype 0 op 0 root 0 comm 0xade7440 [nranks=3] stream 0xadeb1b0
r1t01:41392:41392 [0] NCCL INFO AllGather: opCount b3 sendbuff 0x2b068cc00000 recvbuff 0x2b0656000000 count 14898616 datatype 0 op 0 root 0 comm 0xade7440 [nranks=3] stream 0xadeb1b0
r1t01:41392:41668 [0] NCCL INFO ReduceScatter: opCount b4 sendbuff 0x2b0794000000 recvbuff 0x2b0796c00000 count 3724654 datatype 7 op 0 root 0 comm 0xade7440 [nranks=3] stream 0xadeb1b0
r1t01:41392:41392 [0] NCCL INFO AllReduce: opCount b5 sendbuff 0x2b06553b1200 recvbuff 0x2b06553b1200 count 1 datatype 1 op 0 root 0 comm 0xade7440 [nranks=3] stream 0xadeb1b0
r1t01:41392:41392 [0] NCCL INFO AllGather: opCount b6 sendbuff 0x2b06553ae400 recvbuff 0x2b06553b9600 count 4 datatype 0 op 0 root 0 comm 0xade7440 [nranks=3] stream 0xadeb1b0
r1t01:41392:41392 [0] NCCL INFO AllGather: opCount b7 sendbuff 0x2b068cc00000 recvbuff 0x2b0656000000 count 14898616 datatype 0 op 0 root 0 comm 0xade7440 [nranks=3] stream 0xadeb1b0
r1t01:41392:41668 [0] NCCL INFO ReduceScatter: opCount b8 sendbuff 0x2b0794000000 recvbuff 0x2b0796c00000 count 3724654 datatype 7 op 0 root 0 comm 0xade7440 [nranks=3] stream 0xadeb1b0
r1t01:41392:41392 [0] NCCL INFO AllReduce: opCount b9 sendbuff 0x2b06553ad800 recvbuff 0x2b06553ad800 count 1 datatype 1 op 0 root 0 comm 0xade7440 [nranks=3] stream 0xadeb1b0
r1t01:41392:41392 [0] NCCL INFO AllGather: opCount ba sendbuff 0x2b06553b1200 recvbuff 0x2b06553b6400 count 4 datatype 0 op 0 root 0 comm 0xade7440 [nranks=3] stream 0xadeb1b0
r1t01:41392:41392 [0] NCCL INFO AllGather: opCount bb sendbuff 0x2b068cc00000 recvbuff 0x2b0656000000 count 14898616 datatype 0 op 0 root 0 comm 0xade7440 [nranks=3] stream 0xadeb1b0
r1t01:41392:41668 [0] NCCL INFO ReduceScatter: opCount bc sendbuff 0x2b0794000000 recvbuff 0x2b0796c00000 count 3724654 datatype 7 op 0 root 0 comm 0xade7440 [nranks=3] stream 0xadeb1b0
r1t01:41392:41392 [0] NCCL INFO AllReduce: opCount bd sendbuff 0x2b06553ae400 recvbuff 0x2b06553ae400 count 1 datatype 1 op 0 root 0 comm 0xade7440 [nranks=3] stream 0xadeb1b0
r1t01:41392:41392 [0] NCCL INFO AllGather: opCount be sendbuff 0x2b06553ad800 recvbuff 0x2b06553bc400 count 4 datatype 0 op 0 root 0 comm 0xade7440 [nranks=3] stream 0xadeb1b0
r1t01:41392:41392 [0] NCCL INFO AllGather: opCount bf sendbuff 0x2b068cc00000 recvbuff 0x2b0656000000 count 14898616 datatype 0 op 0 root 0 comm 0xade7440 [nranks=3] stream 0xadeb1b0
r1t01:41392:41668 [0] NCCL INFO ReduceScatter: opCount c0 sendbuff 0x2b0794000000 recvbuff 0x2b0796c00000 count 3724654 datatype 7 op 0 root 0 comm 0xade7440 [nranks=3] stream 0xadeb1b0
r1t01:41392:41392 [0] NCCL INFO AllReduce: opCount c1 sendbuff 0x2b06553b2000 recvbuff 0x2b06553b2000 count 1 datatype 1 op 0 root 0 comm 0xade7440 [nranks=3] stream 0xadeb1b0
r1t01:41392:41392 [0] NCCL INFO AllGather: opCount c2 sendbuff 0x2b06553ae400 recvbuff 0x2b06553bb800 count 4 datatype 0 op 0 root 0 comm 0xade7440 [nranks=3] stream 0xadeb1b0
r1t01:41392:41392 [0] NCCL INFO AllGather: opCount c3 sendbuff 0x2b068cc00000 recvbuff 0x2b0656000000 count 14898616 datatype 0 op 0 root 0 comm 0xade7440 [nranks=3] stream 0xadeb1b0
r1t01:41392:41392 [0] NCCL INFO AllReduce: opCount c4 sendbuff 0x2b06553ad800 recvbuff 0x2b06553ad800 count 1 datatype 1 op 0 root 0 comm 0xade7440 [nranks=3] stream 0xadeb1b0
r1t01:41392:41392 [0] NCCL INFO AllReduce: opCount c5 sendbuff 0x2b06553ae400 recvbuff 0x2b06553ae400 count 1 datatype 7 op 4 root 0 comm 0xade7440 [nranks=3] stream 0xadeb1b0
r1t01:41392:41392 [0] NCCL INFO AllReduce: opCount c6 sendbuff 0x2b06553ae800 recvbuff 0x2b06553ae800 count 1 datatype 1 op 0 root 0 comm 0xade7440 [nranks=3] stream 0xadeb1b0
r1t01:41392:41392 [0] NCCL INFO AllReduce: opCount c7 sendbuff 0x2b06553ba600 recvbuff 0x2b06553ba600 count 1 datatype 4 op 4 root 0 comm 0xade7440 [nranks=3] stream 0xadeb1b0
r1t01:41392:41392 [0] NCCL INFO AllReduce: opCount c8 sendbuff 0x2b06553ad800 recvbuff 0x2b06553ad800 count 1 datatype 1 op 0 root 0 comm 0xade7440 [nranks=3] stream 0xadeb1b0
r1t01:41392:41392 [0] NCCL INFO AllGather: opCount c9 sendbuff 0x2b06553ad800 recvbuff 0x2b077ffff400 count 8 datatype 0 op 0 root 0 comm 0xade7440 [nranks=3] stream 0xadeb1b0
r1t01:41392:41392 [0] NCCL INFO AllGather: opCount ca sendbuff 0x2b06553ba800 recvbuff 0x2b06553b9c00 count 8 datatype 0 op 0 root 0 comm 0xade7440 [nranks=3] stream 0xadeb1b0
r1t01:41392:41392 [0] NCCL INFO AllReduce: opCount cb sendbuff 0x2b06553ae400 recvbuff 0x2b06553ae400 count 1 datatype 1 op 0 root 0 comm 0xade7440 [nranks=3] stream 0xadeb1b0
r1t01:41392:41392 [0] NCCL INFO AllGather: opCount cc sendbuff 0x2b06553ae400 recvbuff 0x2b077ffff600 count 8 datatype 0 op 0 root 0 comm 0xade7440 [nranks=3] stream 0xadeb1b0
r1t01:41392:41392 [0] NCCL INFO AllGather: opCount cd sendbuff 0x2b06553baa00 recvbuff 0x2b06553ba200 count 8 datatype 0 op 0 root 0 comm 0xade7440 [nranks=3] stream 0xadeb1b0
r1t01:41392:41392 [0] NCCL INFO AllReduce: opCount ce sendbuff 0x2b06553ad800 recvbuff 0x2b06553ad800 count 1 datatype 1 op 0 root 0 comm 0xade7440 [nranks=3] stream 0xadeb1b0
r1t01:41392:41392 [0] NCCL INFO AllGather: opCount cf sendbuff 0x2b06553ad800 recvbuff 0x2b077ffff000 count 8 datatype 0 op 0 root 0 comm 0xade7440 [nranks=3] stream 0xadeb1b0
r1t01:41392:41392 [0] NCCL INFO AllGather: opCount d0 sendbuff 0x2b06553bae00 recvbuff 0x2b06553bca00 count 8 datatype 0 op 0 root 0 comm 0xade7440 [nranks=3] stream 0xadeb1b0
r1t01:41392:41392 [0] NCCL INFO AllReduce: opCount d1 sendbuff 0x2b06553ae400 recvbuff 0x2b06553ae400 count 1 datatype 1 op 0 root 0 comm 0xade7440 [nranks=3] stream 0xadeb1b0
r1t01:41392:41392 [0] NCCL INFO AllGather: opCount d2 sendbuff 0x2b06553ae400 recvbuff 0x2b06553bba00 count 8 datatype 0 op 0 root 0 comm 0xade7440 [nranks=3] stream 0xadeb1b0
r1t01:41392:41392 [0] NCCL INFO AllGather: opCount d3 sendbuff 0x2b06553bb800 recvbuff 0x2b06553bd000 count 8 datatype 0 op 0 root 0 comm 0xade7440 [nranks=3] stream 0xadeb1b0
r1t01:41392:41392 [0] NCCL INFO AllReduce: opCount d4 sendbuff 0x2b06553ad800 recvbuff 0x2b06553ad800 count 1 datatype 1 op 0 root 0 comm 0xade7440 [nranks=3] stream 0xadeb1b0
r1t01:41392:41392 [0] NCCL INFO AllGather: opCount d5 sendbuff 0x2b06553ad800 recvbuff 0x2b077ffff800 count 8 datatype 0 op 0 root 0 comm 0xade7440 [nranks=3] stream 0xadeb1b0
r1t01:41392:41392 [0] NCCL INFO AllGather: opCount d6 sendbuff 0x2b077ffffe00 recvbuff 0x2b06553bcc00 count 8 datatype 0 op 0 root 0 comm 0xade7440 [nranks=3] stream 0xadeb1b0
r1t01:41392:41392 [0] NCCL INFO AllReduce: opCount d7 sendbuff 0x2b06553bb800 recvbuff 0x2b06553bb800 count 1 datatype 1 op 0 root 0 comm 0xade7440 [nranks=3] stream 0xadeb1b0
r1t01:41392:41392 [0] NCCL INFO AllGather: opCount d8 sendbuff 0x2b06553bb800 recvbuff 0x2b077ffffa00 count 8 datatype 0 op 0 root 0 comm 0xade7440 [nranks=3] stream 0xadeb1b0
r1t01:41392:41392 [0] NCCL INFO AllGather: opCount d9 sendbuff 0x2b06553b6400 recvbuff 0x2b06553b9c00 count 8 datatype 0 op 0 root 0 comm 0xade7440 [nranks=3] stream 0xadeb1b0
r1t01:41392:41392 [0] NCCL INFO AllReduce: opCount da sendbuff 0x2b06553ad800 recvbuff 0x2b06553ad800 count 1 datatype 1 op 0 root 0 comm 0xade7440 [nranks=3] stream 0xadeb1b0
r1t01:41392:41392 [0] NCCL INFO AllGather: opCount db sendbuff 0x2b06553ad800 recvbuff 0x2b077ffff600 count 8 datatype 0 op 0 root 0 comm 0xade7440 [nranks=3] stream 0xadeb1b0
r1t01:41392:41392 [0] NCCL INFO AllGather: opCount dc sendbuff 0x2b077fffec00 recvbuff 0x2b06553ba200 count 8 datatype 0 op 0 root 0 comm 0xade7440 [nranks=3] stream 0xadeb1b0
r1t01:41392:41392 [0] NCCL INFO AllReduce: opCount dd sendbuff 0x2b06553b9c00 recvbuff 0x2b06553b9c00 count 1 datatype 1 op 0 root 0 comm 0xade7440 [nranks=3] stream 0xadeb1b0
r1t01:41392:41392 [0] NCCL INFO AllGather: opCount de sendbuff 0x2b06553b9c00 recvbuff 0x2b077ffff000 count 8 datatype 0 op 0 root 0 comm 0xade7440 [nranks=3] stream 0xadeb1b0
r1t01:41392:41392 [0] NCCL INFO AllGather: opCount df sendbuff 0x2b077fffee00 recvbuff 0x2b06553ba800 count 8 datatype 0 op 0 root 0 comm 0xade7440 [nranks=3] stream 0xadeb1b0
r1t01:41392:41668 [0] NCCL INFO ReduceScatter: opCount e0 sendbuff 0x2b0794000000 recvbuff 0x2b0796c00000 count 3724654 datatype 7 op 0 root 0 comm 0xade7440 [nranks=3] stream 0xadeb1b0
r1t01:41392:41392 [0] NCCL INFO AllReduce: opCount e1 sendbuff 0x2b06553ad800 recvbuff 0x2b06553ad800 count 1 datatype 1 op 0 root 0 comm 0xade7440 [nranks=3] stream 0xadeb1b0
r1t01:41392:41392 [0] NCCL INFO AllGather: opCount e2 sendbuff 0x2b06553b6600 recvbuff 0x2b06553bbe00 count 4 datatype 0 op 0 root 0 comm 0xade7440 [nranks=3] stream 0xadeb1b0
r1t01:41392:41392 [0] NCCL INFO AllGather: opCount e3 sendbuff 0x2b068cc00000 recvbuff 0x2b0656000000 count 14898616 datatype 0 op 0 root 0 comm 0xade7440 [nranks=3] stream 0xadeb1b0
r1t01:41392:41668 [0] NCCL INFO ReduceScatter: opCount e4 sendbuff 0x2b0794000000 recvbuff 0x2b0796c00000 count 3724654 datatype 7 op 0 root 0 comm 0xade7440 [nranks=3] stream 0xadeb1b0
r1t01:41392:41392 [0] NCCL INFO AllReduce: opCount e5 sendbuff 0x2b06553bb000 recvbuff 0x2b06553bb000 count 1 datatype 1 op 0 root 0 comm 0xade7440 [nranks=3] stream 0xadeb1b0
r1t01:41392:41392 [0] NCCL INFO AllGather: opCount e6 sendbuff 0x2b06553ad800 recvbuff 0x2b06553b6600 count 4 datatype 0 op 0 root 0 comm 0xade7440 [nranks=3] stream 0xadeb1b0
r1t01:41392:41392 [0] NCCL INFO AllGather: opCount e7 sendbuff 0x2b068cc00000 recvbuff 0x2b0656000000 count 14898616 datatype 0 op 0 root 0 comm 0xade7440 [nranks=3] stream 0xadeb1b0
r1t01:41392:41668 [0] NCCL INFO ReduceScatter: opCount e8 sendbuff 0x2b0794000000t 108 sendbuff 0x2afd48000000 recvbuff 0x2afd4ac00000 count 3724654 datatype 7 op 0 root 0 comm 0x91f89e0 [nranks=3] stream 0x91fc6f0
r1t06:22547:22547 [0] NCCL INFO AllReduce: opCount 109 sendbuff 0x2afc093ba000 recvbuff 0x2afc093ba000 count 1 datatype 1 op 0 root 0 comm 0x91f89e0 [nranks=3] stream 0x91fc6f0
r1t06:22547:22547 [0] NCCL INFO AllGather: opCount 10a sendbuff 0x2afc093a0c00 recvbuff 0x2afc093b2e00 count 4 datatype 0 op 0 root 0 comm 0x91f89e0 [nranks=3] stream 0x91fc6f0
r1t06:22547:22547 [0] NCCL INFO AllGather: opCount 10b sendbuff 0x2afc40c00000 recvbuff 0x2afc42000000 count 14898616 datatype 0 op 0 root 0 comm 0x91f89e0 [nranks=3] stream 0x91fc6f0
r1t06:22547:22828 [0] NCCL INFO ReduceScatter: opCount 10c sendbuff 0x2afd48000000 recvbuff 0x2afd4ac00000 count 3724654 datatype 7 op 0 root 0 comm 0x91f89e0 [nranks=3] stream 0x91fc6f0
r1t06:22547:22547 [0] NCCL INFO AllReduce: opCount 10d sendbuff 0x2afc093a0a00 recvbuff 0x2afc093a0a00 count 1 datatype 1 op 0 root 0 comm 0x91f89e0 [nranks=3] stream 0x91fc6f0
r1t06:22547:22547 [0] NCCL INFO AllGather: opCount 10e sendbuff 0x2afc093bca00 recvbuff 0x2afc093b4800 count 4 datatype 0 op 0 root 0 comm 0x91f89e0 [nranks=3] stream 0x91fc6f0
r1t06:22547:22547 [0] NCCL INFO AllGather: opCount 10f sendbuff 0x2afc40c00000 recvbuff 0x2afc42000000 count 14898616 datatype 0 op 0 root 0 comm 0x91f89e0 [nranks=3] stream 0x91fc6f0
r1t06:22547:22828 [0] NCCL INFO ReduceScatter: opCount 110 sendbuff 0x2afd48000000 recvbuff 0x2afd4ac00000 count 3724654 datatype 7 op 0 root 0 comm 0x91f89e0 [nranks=3] stream 0x91fc6f0
r1t06:22547:22547 [0] NCCL INFO AllReduce: opCount 111 sendbuff 0x2afc093a0c00 recvbuff 0x2afc093a0c00 count 1 datatype 1 op 0 root 0 comm 0x91f89e0 [nranks=3] stream 0x91fc6f0
r1t06:22547:22547 [0] NCCL INFO AllGather: opCount 112 sendbuff 0x2afc093a0a00 recvbuff 0x2afc093bce00 count 4 datatype 0 op 0 root 0 comm 0x91f89e0 [nranks=3] stream 0x91fc6f0
r1t06:22547:22547 [0] NCCL INFO AllGather: opCount 113 sendbuff 0x2afc40c00000 recvbuff 0x2afc42000000 count 14898616 datatype 0 op 0 root 0 comm 0x91f89e0 [nranks=3] stream 0x91fc6f0
r1t06:22547:22828 [0] NCCL INFO ReduceScatter: opCount 114 sendbuff 0x2afd48000000 recvbuff 0x2afd4ac00000 count 3724654 datatype 7 op 0 root 0 comm 0x91f89e0 [nranks=3] stream 0x91fc6f0
r1t06:22547:22547 [0] NCCL INFO AllReduce: opCount 115 sendbuff 0x2afc093ba000 recvbuff 0x2afc093ba000 count 1 datatype 1 op 0 root 0 comm 0x91f89e0 [nranks=3] stream 0x91fc6f0
r1t06:22547:22547 [0] NCCL INFO AllGather: opCount 116 sendbuff 0x2afc093a0c00 recvbuff 0x2afc093b1800 count 4 datatype 0 op 0 root 0 comm 0x91f89e0 [nranks=3] stream 0x91fc6f0
r1t06:22547:22547 [0] NCCL INFO AllGather: opCount 117 sendbuff 0x2afc40c00000 recvbuff 0x2afc42000000 count 14898616 datatype 0 op 0 root 0 comm 0x91f89e0 [nranks=3] stream 0x91fc6f0
r1t06:22547:22828 [0] NCCL INFO ReduceScatter: opCount 118 sendbuff 0x2afd48000000 recvbuff 0x2afd4ac00000 count 3724654 datatype 7 op 0 root 0 comm 0x91f89e0 [nranks=3] stream 0x91fc6f0
r1t06:22547:22547 [0] NCCL INFO AllReduce: opCount 119 sendbuff 0x2afc093a0a00 recvbuff 0x2afc093a0a00 count 1 datatype 1 op 0 root 0 comm 0x91f89e0 [nranks=3] stream 0x91fc6f0
r1t06:22547:22547 [0] NCCL INFO AllGather: opCount 11a sendbuff 0x2afc093b1400 recvbuff 0x2afc093bca00 count 4 datatype 0 op 0 root 0 comm 0x91f89e0 [nranks=3] stream 0x91fc6f0
r1t06:22547:22547 [0] NCCL INFO AllGather: opCount 11b sendbuff 0x2afc40c00000 recvbuff 0x2afc42000000 count 14898616 datatype 0 op 0 root 0 comm 0x91f89e0 [nranks=3] stream 0x91fc6f0
r1t06:22547:22828 [0] NCCL INFO ReduceScatter: opCount 11c sendbuff 0x2afd48000000 recvbuff 0x2afd4ac00000 count 3724654 datatype 7 op 0 root 0 comm 0x91f89e0 [nranks=3] stream 0x91fc6f0
r1t06:22547:22547 [0] NCCL INFO AllReduce: opCount 11d sendbuff 0x2afc093a0c00 recvbuff 0x2afc093a0c00 count 1 datatype 1 op 0 root 0 comm 0x91f89e0 [nranks=3] stream 0x91fc6f0
r1t06:22547:22547 [0] NCCL INFO AllGather: opCount 11e sendbuff 0x2afc093a0a00 recvbuff 0x2afc093fd800 count 4 datatype 0 op 0 root 0 comm 0x91f89e0 [nranks=3] 2ba2093bb600 count 4 datatype 0 op 0 root 0 comm 0xa879e40 [nranks=3] stream 0xa87db90
r2t08:17020:17020 [0] NCCL INFO AllGather: opCount 113 sendbuff 0x2ba242c00000 recvbuff 0x2ba244000000 count 14898616 datatype 0 op 0 root 0 comm 0xa879e40 [nranks=3] stream 0xa87db90
r2t08:17020:17298 [0] NCCL INFO ReduceScatter: opCount 114 sendbuff 0x2ba348000000 recvbuff 0x2ba34ac00000 count 3724654 datatype 7 op 0 root 0 comm 0xa879e40 [nranks=3] stream 0xa87db90
r2t08:17020:17020 [0] NCCL INFO AllReduce: opCount 115 sendbuff 0x2ba2093b3a00 recvbuff 0x2ba2093b3a00 count 1 datatype 1 op 0 root 0 comm 0xa879e40 [nranks=3] stream 0xa87db90
r2t08:17020:17020 [0] NCCL INFO AllGather: opCount 116 sendbuff 0x2ba2093ad800 recvbuff 0x2ba2093bc400 count 4 datatype 0 op 0 root 0 comm 0xa879e40 [nranks=3] stream 0xa87db90
r2t08:17020:17020 [0] NCCL INFO AllGather: opCount 117 sendbuff 0x2ba242c00000 recvbuff 0x2ba244000000 count 14898616 datatype 0 op 0 root 0 comm 0xa879e40 [nranks=3] stream 0xa87db90
r2t08:17020:17298 [0] NCCL INFO ReduceScatter: opCount 118 sendbuff 0x2ba348000000 recvbuff 0x2ba34ac00000 count 3724654 datatype 7 op 0 root 0 comm 0xa879e40 [nranks=3] stream 0xa87db90
r2t08:17020:17020 [0] NCCL INFO AllReduce: opCount 119 sendbuff 0x2ba2093b0e00 recvbuff 0x2ba2093b0e00 count 1 datatype 1 op 0 root 0 comm 0xa879e40 [nranks=3] stream 0xa87db90
r2t08:17020:17020 [0] NCCL INFO AllGather: opCount 11a sendbuff 0x2ba2093bb600 recvbuff 0x2ba2093bc600 count 4 datatype 0 op 0 root 0 comm 0xa879e40 [nranks=3] stream 0xa87db90
r2t08:17020:17020 [0] NCCL INFO AllGather: opCount 11b sendbuff 0x2ba242c00000 recvbuff 0x2ba244000000 count 14898616 datatype 0 op 0 root 0 comm 0xa879e40 [nranks=3] stream 0xa87db90
r2t08:17020:17298 [0] NCCL INFO ReduceScatter: opCount 11c sendbuff 0x2ba348000000 recvbuff 0x2ba34ac00000 count 3724654 datatype 7 op 0 root 0 comm 0xa879e40 [nranks=3] stream 0xa87db90
r2t08:17020:17020 [0] NCCL INFO AllReduce: opCount 11d sendbuff 0x2ba2093ad800 recvbuff 0x2ba2093ad800 count 1 datatype 1 op 0 root 0 comm 0xa879e40 [nranks=3] stream 0xa87db90
r2t08:17020:17020 [0] NCCL INFO AllGather: opCount 11e sendbuff 0x2ba2093bb200 recvbuff 0x2ba2093bc400 count 4 datatype 0 op 0 root 0 comm 0xa879e40 [nranks=3] stream 0xa87db90
r2t08:17020:17020 [0] NCCL INFO AllGather: opCount 11f sendbuff 0x2ba242c00000 recvbuff 0x2ba244000000 count 14898616 datatype 0 op 0 root 0 comm 0xa879e40 [nranks=3] stream 0xa87db90
r2t08:17020:17298 [0] NCCL INFO ReduceScatter: opCount 120 sendbuff 0x2ba348000000 recvbuff 0x2ba34ac00000 count 3724654 datatype 7 op 0 root 0 comm 0xa879e40 [nranks=3] stream 0xa87db90
r2t08:17020:17020 [0] NCCL INFO AllReduce: opCount 121 sendbuff 0x2ba2093b3400 recvbuff 0x2ba2093b3400 count 1 datatype 1 op 0 root 0 comm 0xa879e40 [nranks=3] stream 0xa87db90
r2t08:17020:17020 [0] NCCL INFO AllGather: opCount 122 sendbuff 0x2ba2093ad800 recvbuff 0x2ba2093bc400 count 4 datatype 0 op 0 root 0 comm 0xa879e40 [nranks=3] stream 0xa87db90
r2t08:17020:17020 [0] NCCL INFO AllGather: opCount 123 sendbuff 0x2ba242c00000 recvbuff 0x2ba244000000 count 14898616 datatype 0 op 0 root 0 comm 0xa879e40 [nranks=3] stream 0xa87db90
r2t08:17020:17020 [0] NCCL INFO AllReduce: opCount 124 sendbuff 0x2ba2093ae800 recvbuff 0x2ba2093ae800 count 1 datatype 1 op 0 root 0 comm 0xa879e40 [nranks=3] stream 0xa87db90
r2t08:17020:17020 [0] NCCL INFO AllReduce: opCount 125 sendbuff 0x2ba2093a0a00 recvbuff 0x2ba2093a0a00 count 1 datatype 7 op 4 root 0 comm 0xa879e40 [nranks=3] stream 0xa87db90
r2t08:17020:17020 [0] NCCL INFO AllReduce: opCount 126 sendbuff 0x2ba2093ad800 recvbuff 0x2ba2093ad800 count 1 datatype 1 op 0 root 0 comm 0xa879e40 [nranks=3] stream 0xa87db90
r2t08:17020:17020 [0] NCCL INFO AllReduce: opCount 127 sendbuff 0x2ba2093bb600 recvbuff 0x2ba2093bb600 count 1 datatype 4 op 4 root 0 comm 0xa879e40 [nranks=3] stream 0xa87db90
r2t08:17020:17020 [0] NCCL INFO AllReduce: opCount 128 sendbuff 0x2ba2093ae800 recvbuff 0x2ba2093ae800 count 1 datatype 1 op 0 root 0 comm 0xa879e40 [nranks=3] stream 0xa87db90
r2t08:17020:17020 [0] NCCL INFO AllGatheomm 0xade7440 [nranks=3] stream 0xadeb1b0
r1t01:41392:41392 [0] NCCL INFO AllGather: opCount 116 sendbuff 0x2b06553ad800 recvbuff 0x2b06553bc400 count 4 datatype 0 op 0 root 0 comm 0xade7440 [nranks=3] stream 0xadeb1b0
r1t01:41392:41392 [0] NCCL INFO AllGather: opCount 117 sendbuff 0x2b068cc00000 recvbuff 0x2b0656000000 count 14898616 datatype 0 op 0 root 0 comm 0xade7440 [nranks=3] stream 0xadeb1b0
r1t01:41392:41668 [0] NCCL INFO ReduceScatter: opCount 118 sendbuff 0x2b0794000000 recvbuff 0x2b0796c00000 count 3724654 datatype 7 op 0 root 0 comm 0xade7440 [nranks=3] stream 0xadeb1b0
r1t01:41392:41392 [0] NCCL INFO AllReduce: opCount 119 sendbuff 0x2b06553b3c00 recvbuff 0x2b06553b3c00 count 1 datatype 1 op 0 root 0 comm 0xade7440 [nranks=3] stream 0xadeb1b0
r1t01:41392:41392 [0] NCCL INFO AllGather: opCount 11a sendbuff 0x2b06553b6600 recvbuff 0x2b06553bc400 count 4 datatype 0 op 0 root 0 comm 0xade7440 [nranks=3] stream 0xadeb1b0
r1t01:41392:41392 [0] NCCL INFO AllGather: opCount 11b sendbuff 0x2b068cc00000 recvbuff 0x2b0656000000 count 14898616 datatype 0 op 0 root 0 comm 0xade7440 [nranks=3] stream 0xadeb1b0
r1t01:41392:41668 [0] NCCL INFO ReduceScatter: opCount 11c sendbuff 0x2b0794000000 recvbuff 0x2b0796c00000 count 3724654 datatype 7 op 0 root 0 comm 0xade7440 [nranks=3] stream 0xadeb1b0
r1t01:41392:41392 [0] NCCL INFO AllReduce: opCount 11d sendbuff 0x2b06553ad800 recvbuff 0x2b06553ad800 count 1 datatype 1 op 0 root 0 comm 0xade7440 [nranks=3] stream 0xadeb1b0
r1t01:41392:41392 [0] NCCL INFO AllGather: opCount 11e sendbuff 0x2b06553b3c00 recvbuff 0x2b06553b6400 count 4 datatype 0 op 0 root 0 comm 0xade7440 [nranks=3] stream 0xadeb1b0
r1t01:41392:41392 [0] NCCL INFO AllGather: opCount 11f sendbuff 0x2b068cc00000 recvbuff 0x2b0656000000 count 14898616 datatype 0 op 0 root 0 comm 0xade7440 [nranks=3] stream 0xadeb1b0
r1t01:41392:41668 [0] NCCL INFO ReduceScatter: opCount 120 sendbuff 0x2b0794000000 recvbuff 0x2b0796c00000 count 3724654 datatype 7 op 0 root 0 comm 0xade7440 [nranks=3] stream 0xadeb1b0
r1t01:41392:41392 [0] NCCL INFO AllReduce: opCount 121 sendbuff 0x2b06553afc00 recvbuff 0x2b06553afc00 count 1 datatype 1 op 0 root 0 comm 0xade7440 [nranks=3] stream 0xadeb1b0
r1t01:41392:41392 [0] NCCL INFO AllGather: opCount 122 sendbuff 0x2b06553ad800 recvbuff 0x2b06553ba000 count 4 datatype 0 op 0 root 0 comm 0xade7440 [nranks=3] stream 0xadeb1b0
r1t01:41392:41392 [0] NCCL INFO AllGather: opCount 123 sendbuff 0x2b068cc00000 recvbuff 0x2b0656000000 count 14898616 datatype 0 op 0 root 0 comm 0xade7440 [nranks=3] stream 0xadeb1b0
r1t01:41392:41392 [0] NCCL INFO AllReduce: opCount 124 sendbuff 0x2b06553baa00 recvbuff 0x2b06553baa00 count 1 datatype 1 op 0 root 0 comm 0xade7440 [nranks=3] stream 0xadeb1b0
r1t01:41392:41392 [0] NCCL INFO AllReduce: opCount 125 sendbuff 0x2b06553ad800 recvbuff 0x2b06553ad800 count 1 datatype 7 op 4 root 0 comm 0xade7440 [nranks=3] stream 0xadeb1b0
r1t01:41392:41392 [0] NCCL INFO AllReduce: opCount 126 sendbuff 0x2b06553ae400 recvbuff 0x2b06553ae400 count 1 datatype 1 op 0 root 0 comm 0xade7440 [nranks=3] stream 0xadeb1b0
r1t01:41392:41392 [0] NCCL INFO AllReduce: opCount 127 sendbuff 0x2b06553af800 recvbuff 0x2b06553af800 count 1 datatype 4 op 4 root 0 comm 0xade7440 [nranks=3] stream 0xadeb1b0
r1t01:41392:41392 [0] NCCL INFO AllReduce: opCount 128 sendbuff 0x2b06553baa00 recvbuff 0x2b06553baa00 count 1 datatype 1 op 0 root 0 comm 0xade7440 [nranks=3] stream 0xadeb1b0
r1t01:41392:41392 [0] NCCL INFO AllGather: opCount 129 sendbuff 0x2b06553baa00 recvbuff 0x2b06553bba00 count 8 datatype 0 op 0 root 0 comm 0xade7440 [nranks=3] stream 0xadeb1b0
r1t01:41392:41392 [0] NCCL INFO AllGather: opCount 12a sendbuff 0x2b06553bc400 recvbuff 0x2b06553bc800 count 8 datatype 0 op 0 root 0 comm 0xade7440 [nranks=3] stream 0xadeb1b0
r1t01:41392:41392 [0] NCCL INFO AllReduce: opCount 12b sendbuff 0x2b06553ad800 recvbuff 0x2b06553ad800 count 1 datatype 1 op 0 root 0 comm 0xade7440 [nranks=3] stream 0xadeb1b0
r1t01:41392:41392 [0] NCCL INFO AllGather: opCount 12c sendbuff 0x2b06553ad800 recvbuff 0x2b06553ba200 count 8 datatype 0 op 0 root 0 comm 0xade7440 [nranks=3] stream 0xadeb1b0
r1t01:41392:41392 [0] NCCL INFO AllGather: opCount 12d sendbuff 0x2b06553b3a00 recvbuff 0x2b06553bce00 count 8 datatype 0 op 0 root 0 comm 0xade7440 [nranks=3] stream 0xadeb1b0
r1t01:41392:41392 [0] NCCL INFO AllReduce: opCount 12e sendbuff 0x2b06553ba000 recvbuff 0x2b06553ba000 count 1 datatype 1 op 0 root 0 comm 0xade7440 [nranks=3] stream 0xadeb1b0
r1t01:41392:41392 [0] NCCL INFO AllGather: opCount 12f sendbuff 0x2b06553ba000 recvbuff 0x2b06553bc800 count 8 datatype 0 op 0 root 0 comm 0xade7440 [nranks=3] stream 0xadeb1b0
r1t01:41392:41392 [0] NCCL INFO AllGather: opCount 130 sendbuff 0x2b06553bac00 recvbuff 0x2b077ffff800 count 8 datatype 0 op 0 root 0 comm 0xade7440 [nranks=3] stream 0xadeb1b0
r1t01:41392:41392 [0] NCCL INFO AllReduce: opCount 131 sendbuff 0x2b06553ad800 recvbuff 0x2b06553ad800 count 1 datatype 1 op 0 root 0 comm 0xade7440 [nranks=3] stream 0xadeb1b0
r1t01:41392:41392 [0] NCCL INFO AllGather: opCount 132 sendbuff 0x2b06553ad800 recvbuff 0x2b06553bce00 count 8 datatype 0 op 0 root 0 comm 0xade7440 [nranks=3] stream 0xadeb1b0
r1t01:41392:41392 [0] NCCL INFO AllGather: opCount 133 sendbuff 0x2b06553bb600 recvbuff 0x2b077ffffe00 count 8 datatype 0 op 0 root 0 comm 0xade7440 [nranks=3] stream 0xadeb1b0
r1t01:41392:41392 [0] NCCL INFO AllReduce: opCount 134 sendbuff 0x2b06553ba000 recvbuff 0x2b06553ba000 count 1 datatype 1 op 0 root 0 comm 0xade7440 [nranks=3] stream 0xadeb1b0
r1t01:41392:41392 [0] NCCL INFO AllGather: opCount 135 sendbuff 0x2b06553ba000 recvbuff 0x2b06553bba00 count 8 datatype 0 op 0 root 0 comm 0xade7440 [nranks=3] stream 0xadeb1b0
r1t01:41392:41392 [0] NCCL INFO AllGather: opCount 136 sendbuff 0x2b06553b3600 recvbuff 0x2b06553bc800 count 8 datatype 0 op 0 root 0 comm 0xade7440 [nranks=3] stream 0xadeb1b0
r1t01:41392:41392 [0] NCCL INFO AllReduce: opCount 137 sendbuff 0x2b06553bb600 recvbuff 0x2b06553bb600 count 1 datatype 1 op 0 root 0 comm 0xade7440 [nranks=3] stream 0xadeb1b0
r1t01:41392:41392 [0] NCCL INFO AllGather: opCount 138 sendbuff 0x2b06553bb600 recvbuff 0x2b06553bae00 count 8 datatype 0 op 0 root 0 comm 0xade7440 [nranks=3] stream 0xadeb1b0
r1t01:41392:41392 [0] NCCL INFO AllGather: opCount 139 sendbuff 0x2b06553b9c00 recvbuff 0x2b06553bce00 count 8 datatype 0 op 0 root 0 comm 0xade7440 [nranks=3] stream 0xadeb1b0
r1t01:41392:41392 [0] NCCL INFO AllReduce: opCount 13a sendbuff 0x2b06553ba000 recvbuff 0x2b06553ba000 count 1 datatype 1 op 0 root 0 comm 0xade7440 [nranks=3] stream 0xadeb1b0
r1t01:41392:41392 [0] NCCL INFO AllGather: opCount 13b sendbuff 0x2b06553ba000 recvbuff 0x2b06553bc800 count 8 datatype 0 op 0 root 0 comm 0xade7440 [nranks=3] stream 0xadeb1b0
r1t01:41392:41392 [0] NCCL INFO AllGather: opCount 13c sendbuff 0x2b06553b9e00 recvbuff 0x2b06553b2a00 count 8 datatype 0 op 0 root 0 comm 0xade7440 [nranks=3] stream 0xadeb1b0
r1t01:41392:41392 [0] NCCL INFO AllReduce: opCount 13d sendbuff 0x2b06553bac00 recvbuff 0x2b06553bac00 count 1 datatype 1 op 0 root 0 comm 0xade7440 [nranks=3] stream 0xadeb1b0
r1t01:41392:41392 [0] NCCL INFO AllGather: opCount 13e sendbuff 0x2b06553bac00 recvbuff 0x2b06553bce00 count 8 datatype 0 op 0 root 0 comm 0xade7440 [nranks=3] stream 0xadeb1b0
r1t01:41392:41392 [0] NCCL INFO AllGather: opCount 13f sendbuff 0x2b06553b2600 recvbuff 0x2b06553b3000 count 8 datatype 0 op 0 root 0 comm 0xade7440 [nranks=3] stream 0xadeb1b0
r1t01:41392:41668 [0] NCCL INFO ReduceScatter: opCount 140 sendbuff 0x2b0794000000 recvbuff 0x2b0796c00000 count 3724654 datatype 7 op 0 root 0 comm 0xade7440 [nranks=3] stream 0xadeb1b0
r1t01:41392:41392 [0] NCCL INFO AllReduce: opCount 141 sendbuff 0x2b06553b6400 recvbuff 0x2b06553b6400 count 1 datatype 1 op 0 root 0 comm 0xade7440 [nranks=3] stream 0xadeb1b0
r1t01:41392:41392 [0] NCCL INFO AllGather: opCount 142 sendbuff 0x2b06553b3c00 recvbuff 0x2b06553b3600 count 4 datatype 0 op 0 root 0 comm 0xade7440 [nranks=3] stream 0xadeb1b0
r1t01:41392:41392 [0] NCCL INFO AllGather: opCount 143 sendbuff 0x2b068cc00000 recvbuff 0x2b0656000000 count 14898616 datatype 0 op 0 root 0 comm 0xade7440 [nranks=3] stream 0xadeb1b0
r1t01:41392:41668 [0] NCCL INFO ReduceScatter: opCount 144 sendbuff 0x2b0794000000 recvbuff 0x2b0796c00000 count 3724654 datatype 7 op 0 root 0 comm 0xade7440 [nranks=3] stream 0xadeb1b0
r1t01:41392:41392 [0] NCCL INFO AllReduce: opCount 145 sendbuff 0x2b06553b6600 recvbuff 0x2b06553b6600 count 1 datatype 1 op 0 root 0 comm 0xade7440 [nranks=3] stream 0xadeb1b0
r1t01:41392:41392 [0] NCCL INFO AllGather: opCount 146 sendbuff 0x2b06553ba800 recvbuff 0x2b06553b3400 count 4 datatype 0 op 0 root 0 comm 0xade7440 [nranks=3] stream 0xadeb1b0
r1t01:41392:41392 [0] NCCL INFO AllGather: opCount 147 sendbuff 0x2b068cc00000 recvbuff 0x2b0656000000 count 14898616 datatype 0 op 0 root 0 comm 0xade7440 [nranks=3] stream 0xadeb1b0
r1t01:41392:41668 [0] NCCL INFO ReduceScatter: opCount 148 sendbuff 0x2b0794000000 recvbuff 0x2b0796c00000 count 3724654 datatype 7 op 0 root 0 comm 0xade7440 [nranks=3] stream 0xadeb1b0
r1t01:41392:41392 [0] NCCL INFO AllReduce: opCount 149 sendbuff 0x2b06553b3c00 recvbuff 0x2b06553b3c00 count 1 datatype 1 op 0 root 0 comm 0xade7440 [nranks=3] stream 0xadeb1b0
r1t01:41392:41392 [0] NCCL INFO AllGather: opCount 14a sendbuff 0x2b06553ba000 recvbuff 0x2b06553b3600 count 4 datatype 0 op 0 root 0 comm 0xade7440 [nranks=3] stream 0xadeb1b0
r1t01:41392:41392 [0] NCCL INFO AllGather: opCount 14b sendbuff 0x2b068cc00000 recvbuff 0x2b0656000000 count 14898616 datatype 0 op 0 root 0 comm 0xade7440 [nranks=3] stream 0xadeb1b0
r1t01:41392:41668 [0] NCCL INFO ReduceScatter: opCount 14c sendbuff 0x2b0794000000 recvbuff 0x2b0796c00000 count 3724654 datatype 7 op 0 root 0 comm 0xade7440 [nranks=3] stream 0xadeb1b0
r1t01:41392:41392 [0] NCCL INFO AllReduce: opCount 14d sendbuff 0x2b06553b6400 recvbuff 0x2b06553b6400 count 1 datatype 1 op 0 root 0 comm 0xade7440 [nranks=3] stream 0xadeb1b0
r1t01:41392:41392 [0] NCCL INFO AllGather: opCount 14e sendbuff 0x2b06553bb600 recvbuff 0x2b06553b6600 count 4 datatype 0 op 0 root 0 comm 0xade7440 [nranks=3] stream 0xadeb1b0
r1t01:41392:41392 [0] NCCL INFO AllGather: opCount 14f sendbuff 0x2b068cc00000 recvbuff 0x2b0656000000 count 14898616 datatype 0 op 0 root 0 comm 0xade7440 [nranks=3] stream 0xadeb1b0
r1t01:41392:41668 [0] NCCL INFO ReduceScatter: opCount 150 sendbuff 0x2b0794000000 recvbuff 0x2b0796c00000 count 3724654 datatype 7 op 0 root 0 comm 0xade7440 [nranks=3] stream 0xadeb1b0
r1t01:41392:41392 [0] NCCL INFO AllReduce: opCount 151 sendbuff 0x2b06553af800 recvbuff 0x2b06553af800 count 1 datatype 1 op 0 root 0 comm 0xade7440 [nranks=3] stream 0xadeb1b0
r1t01:41392:41392 [0] NCCL INFO AllGather: opCount 152 sendbuff 0x2b06553ba800 recvbuff 0x2b06553bc400 count 4 datatype 0 op 0 root 0 comm 0xade7440 [nranks=3] stream 0xadeb1b0
r1t01:41392:41392 [0] NCCL INFO AllGather: opCount 153 sendbuff 0x2b068cc00000 recvbuff 0x2b0656000000 count 14898616 datatype 0 op 0 root 0 comm 0xade7440 [nranks=3] stream 0xadeb1b0
r1t01:41392:41668 [0] NCCL INFO ReduceScatter: opCount 154 sendbuff 0x2b0794000000 recvbuff 0x2b0796c00000 count 3724654 datatype 7 op 0 root 0 comm 0xade7440 [nranks=3] stream 0xadeb1b0
r1t01:41392:41392 [0] NCCL INFO AllReduce: opCount 155 sendbuff 0x2b06553ba800 recvbuff 0x2b06553ba800 count 1 datatype 1 op 0 root 0 comm 0xade7440 [nranks=3] stream 0xadeb1b0
r1t01:41392:41392 [0] NCCL INFO AllGather: opCount 156 sendbuff 0x2b06553ba000 recvbuff 0x2b06553b6400 count 4 datatype 0 op 0 root 0 comm 0xade7440 [nranks=3] stream 0xadeb1b0
r1t01:41392:41392 [0] NCCL INFO AllGather: opCount 157 sendbuff 0x2b068cc00000 recvbuff 0x2b0656000000 count 14898616 datatype 0 op 0 root 0 comm 0xade7440 [nranks=3] stream 0xadeb1b0
r1t01:41392:41668 [0] NCCL INFO ReduceScatter: opCount 158 sendbuff 0x2b0794000000 recvbuff 0x2b0796c00000 count 3724654 datatype 7 op 0 root 0 comm 0xade7440 [nranks=3] stream 0xadeb1b0
r1t01:41392:41392 [0] NCCL INFO AllReduce: opCount 159 sendbuff 0x2b077fff9a00 recvbuff 0x2b077fff9a00 count 1 datatype 1 op 0 root 0 comm 0xade7440 [nranks=3] stream 0xadeb1b0
r1t01:41392:41392 [0] NCCL INFO AllGather: opCount 15a sendbuff 0x2b06553ba800 recvbuff 0x2b06553b6600 count 4 datatype 0 op 0 root 0 comm 0xade7440 [nranks=3] stream 0xadeb1b0
r1t01:41392:41392 [0] NCCL INFO AllGather: opCount 15b sendbuff 0x2b068cc00000 recvbuff 0x2b0656000000 count 14898616 datatype 0 op 0 root 0 comm 0xade7440 [nranks=3] stream 0xadeb1b0
r1t01:41392:41668 [0] NCCL INFO ReduceScatter: opCount 15c sendbuff 0x2b0794000000 recvbuff 0x2b0796c00000 count 3724654 datatype 7 op 0 root 0 comm 0xade7440 [nranks=3] stream 0xadeb1b0
r1t01:41392:41392 [0] NCCL INFO AllReduce: opCount 15d sendbuff 0x2b06553b3c00 recvbuff 0x2b06553b3c00 count 1 datatype 1 op 0 root 0 comm 0xade7440 [nranks=3] stream 0xadeb1b0
r1t01:41392:41392 [0] NCCL INFO AllGather: opCount 15e sendbuff 0x2b077ffff200 recvbuff 0x2b077ffff000 count 4 datatype 0 op 0 root 0 comm 0xade7440 [nranks=3] stream 0xadeb1b0
r1t01:41392:41392 [0] NCCL INFO AllGather: opCount 15f sendbuff 0x2b068cc00000 recvbuff 0x2b0656000000 count 14898616 datatype 0 op 0 root 0 comm 0xade7440 [nranks=3] stream 0xadeb1b0
r1t01:41392:41668 [0] NCCL INFO ReduceScatter: opCount 160 sendbuff 0x2b0794000000 recvbuff 0x2b0796c00000 count 3724654 datatype 7 op 0 root 0 comm 0xade7440 [nranks=3] stream 0xadeb1b0
r1t01:41392:41392 [0] NCCL INFO AllReduce: opCount 161 sendbuff 0x2b06553ba800 recvbuff 0x2b06553ba800 count 1 datatype 1 op 0 root 0 comm 0xade7440 [nranks=3] stream 0xadeb1b0
r1t01:41392:41392 [0] NCCL INFO AllGather: opCount 162 sendbuff 0x2b06553b3c00 recvbuff 0x2b06553b3400 count 4 datatype 0 op 0 root 0 comm 0xade7440 [nranks=3] stream 0xadeb1b0
r1t01:41392:41392 [0] NCCL INFO AllGather: opCount 163 sendbuff 0x2b068cc00000 recvbuff 0x2b0656000000 count 14898616 datatype 0 op 0 root 0 comm 0xade7440 [nranks=3] stream 0xadeb1b0
r1t01:41392:41668 [0] NCCL INFO ReduceScatter: opCount 164 sendbuff 0x2b0794000000 recvbuff 0x2b0796c00000 count 3724654 datatype 7 op 0 root 0 comm 0xade7440 [nranks=3] stream 0xadeb1b0
r1t01:41392:41392 [0] NCCL INFO AllReduce: opCount 165 sendbuff 0x2b06553b3600 recvbuff 0x2b06553b3600 count 1 datatype 1 op 0 root 0 comm 0xade7440 [nranks=3] stream 0xadeb1b0
r1t01:41392:41392 [0] NCCL INFO AllGather: opCount 166 sendbuff 0x2b06553ba800 recvbuff 0x2b06553b6600 count 4 datatype 0 op 0 root 0 comm 0xade7440 [nranks=3] stream 0xadeb1b0
r1t01:41392:41392 [0] NCCL INFO AllGather: opCount 167 sendbuff 0x2b068cc00000 recvbuff 0x2b0656000000 count 14898616 datatype 0 op 0 root 0 comm 0xade7440 [nranks=3] stream 0xadeb1b0
r1t01:41392:41668 [0] NCCL INFO ReduceScatter: opCount 168 sendbuff 0x2b0794000000 recvbuff 0x2b0796c00000 count 3724654 datatype 7 op 0 root 0 comm 0xade7440 [nranks=3] stream 0xadeb1b0
r1t01:41392:41392 [0] NCCL INFO AllReduce: opCount 169 sendbuff 0x2b06553af800 recvbuff 0x2b06553af800 count 1 datatype 1 op 0 root 0 comm 0xade7440 [nranks=3] stream 0xadeb1b0
r1t01:41392:41392 [0] NCCL INFO AllGather: opCount 16a sendbuff 0x2b06553b3c00 recvbuff 0x2b06553bc400 count 4 datatype 0 op 0 root 0 comm 0xade7440 [nranks=3] stream 0xadeb1b0
r1t01:41392:41392 [0] NCCL INFO AllGather: opCount 16b sendbuff 0x2b068cc00000 recvbuff 0x2b0656000000 count 14898616 datatype 0 op 0 root 0 comm 0xade7440 [nranks=3] stream 0xadeb1b0
r1t01:41392:41668 [0] NCCL INFO ReduceScatter: opCount 16c sendbuff 0x2b0794000000 recvbuff 0x2b0796c00000 count 3724654 datatype 7 op 0 root 0 comm 0xade7440 [nranks=3] stream 0xadeb1b0
r1t01:41392:41392 [0] NCCL INFO AllReduce: opCount 16d sendbuff 0x2b06553b9e00 recvbuff 0x2b06553b9e00 count 1 datatype 1 op 0 root 0 comm 0xade7440 [nranks=3] stream 0xadeb1b0
r1t01:41392:41392 [0] NCCL INFO AllGather: opCount 16e sendbuff 0x2b06553b6600 recvbuff 0x2b06553bc400 count 4 datatype 0 op 0 root 0 comm 0xade7440 [nranks=3] stream 0xadeb1b0
r1t01:41392:41392 [0] NCCL INFO AllGather: opCount 16f sendbuff 0x2b068cc00000 recvbuff 0x2b0656000000 count 14898616 datatype 0 op 0 root 0 comm 0xade7440 [nranks=3] stream 0xadeb1b0
r1t01:41392:41668 [0] NCCL INFO ReduceScatter: opCount 170 sendbuff 0x2b0794000000 recvbuff 0x2b0796c00000 count 3724654 datatype 7 op 0 root 0 comm 0xade7440 [nranks=3] stream 0xadeb1b0
r1t01:41392:41392 [0] NCCL INFO AllReduce: opCount 171 sendbuff 0x2b06553b3c00 recvbuff 0x2b06553b3c00 count 1 datatype 1 op 0 root 0 comm 0xade7440 [nranks=3] stream 0xadeb1b0
r1t01:41392:41392 [0] NCCL INFO AllGather: opCount 172 sendbuff 0x2b06553b9e00 recvbuff 0x2b06553bc400 count 4 datatype 0 op 0 root 0 comm 0xade7440 [nranks=3] stream 0xadeb1b0
r1t01:41392:41392 [0] NCCL INFO AllGather: opCount 173 sendbuff 0x2b068cc00000 recvbuff 0x2b0656000000 count 14898616 datatype 0 op 0 root 0 comm 0xade7440 [nranks=3] stream 0xadeb1b0
r1t01:41392:41668 [0] NCCL INFO ReduceScatter: opCount 174 sendbuff 0x2b0794000000 recvbuff 0x2b0796c00000 count 3724654 datatype 7 op 0 root 0 comm 0xade7440 [nranks=3] stream 0xadeb1b0
r1t01:41392:41392 [0] NCCL INFO AllReduce: opCount 175 sendbuff 0x2b06553b3000 recvbuff 0x2b06553b3000 count 1 datatype 1 op 0 root 0 comm 0xade7440 [nranks=3] stream 0xadeb1b0
r1t01:41392:41392 [0] NCCL INFO AllGather: opCount 176 sendbuff 0x2b06553ba800 recvbuff 0x2b06553b3600 count 4 datatype 0 op 0 root 0 comm 0xade7440 [nranks=3] stream 0xadeb1b0
r1t01:41392:41392 [0] NCCL INFO AllGather: opCount 177 sendbuff 0x2b068cc00000 recvbuff 0x2b0656000000 count 14898616 datatype 0 op 0 root 0 comm 0xade7440 [nranks=3] stream 0xadeb1b0
r1t01:41392:41668 [0] NCCL INFO ReduceScatter: opCount 178 sendbuff 0x2b0794000000 recvbuff 0x2b0796c00000 count 3724654 datatype 7 op 0 root 0 comm 0xade7440 [nranks=3] stream 0xadeb1b0
r1t01:41392:41392 [0] NCCL INFO AllReduce: opCount 179 sendbuff 0x2b06553b3c00 recvbuff 0x2b06553b3c00 count 1 datatype 1 op 0 root 0 comm 0xade7440 [nranks=3] stream 0xadeb1b0
r1t01:41392:41392 [0] NCCL INFO AllGather: opCount 17a sendbuff 0x2b06553bb600 recvbuff 0x2b06553b6400 count 4 datatype 0 op 0 root 0 comm 0xade7440 [nranks=3] stream 0xadeb1b0
r1t01:41392:41392 [0] NCCL INFO AllGather: opCount 17b sendbuff 0x2b068cc00000 recvbuff 0x2b0656000000 count 14898616 datatype 0 op 0 root 0 comm 0xade7440 [nranks=3] stream 0xadeb1b0
r1t01:41392:41668 [0] NCCL INFO ReduceScatter: opCount 17c sendbuff 0x2b0794000000 recvbuff 0x2b0796c00000 count 3724654 datatype 7 op 0 root 0 comm 0xade7440 [nranks=3] stream 0xadeb1b0
r1t01:41392:41392 [0] NCCL INFO AllReduce: opCount 17d sendbuff 0x2b06553ba000 recvbuff 0x2b06553ba000 count 1 datatype 1 op 0 root 0 comm 0xade7440 [nranks=3] stream 0xadeb1b0
r1t01:41392:41392 [0] NCCL INFO AllGather: opCount 17e sendbuff 0x2b06553b3c00 recvbuff 0x2b077fffc200 count 4 datatype 0 op 0 root 0 comm 0xade7440 [nranks=3] stream 0xadeb1b0
r1t01:41392:41392 [0] NCCL INFO AllGather: opCount 17f sendbuff 0x2b068cc00000 recvbuff 0x2b0656000000 count 14898616 datatype 0 op 0 root 0 comm 0xade7440 [nranks=3] stream 0xadeb1b0
r1t01:41392:41668 [0] NCCL INFO ReduceScatter: opCount 180 sendbuff 0x2b0794000000 recvbuff 0x2b0796c00000 count 3724654 datatype 7 op 0 root 0 comm 0xade7440 [nranks=3] stream 0xadeb1b0
r1t01:41392:41392 [0] NCCL INFO AllReduce: opCount 181 sendbuff 0x2b06553b1a00 recvbuff 0x2b06553b1a00 count 1 datatype 1 op 0 root 0 comm 0xade7440 [nranks=3] stream 0xadeb1b0
r1t01:41392:41392 [0] NCCL INFO AllGather: opCount 182 sendbuff 0x2b06553ba000 recvbuff 0x2b06553bb600 count 4 datatype 0 op 0 root 0 comm 0xade7440 [nranks=3] stream 0xadeb1b0
r1t01:41392:41392 [0] NCCL INFO AllGather: opCount 183 sendbuff 0x2b068cc00000 recvbuff 0x2b0656000000 count 14898616 datatype 0 op 0 root 0 comm 0xade7440 [nranks=3] stream 0xadeb1b0
r1t01:41392:41392 [0] NCCL INFO AllReduce: opCount 184 sendbuff 0x2b06553bb200 recvbuff 0x2b06553bb200 count 1 datatype 1 op 0 root 0 comm 0xade7440 [nranks=3] stream 0xadeb1b0
r1t01:41392:41392 [0] NCCL INFO AllReduce: opCount 185 sendbuff 0x2b06553ad800 recvbuff 0x2b06553ad800 count 1 datatype 7 op 4 root 0 comm 0xade7440 [nranks=3] stream 0xadeb1b0
r1t01:41392:41392 [0] NCCL INFO AllReduce: opCount 186 sendbuff 0x2b06553ae800 recvbuff 0x2b06553ae800 count 1 datatype 1 op 0 root 0 comm 0xade7440 [nranks=3] stream 0xadeb1b0
r1t01:41392:41392 [0] NCCL INFO AllReduce: opCount 187 sendbuff 0x2b06553b3400 recvbuff 0x2b06553b3400 count 1 datatype 4 op 4 root 0 comm 0xade7440 [nranks=3] stream 0xadeb1b0
r1t01:41392:41392 [0] NCCL INFO AllReduce: opCount 188 sendbuff 0x2b06553bb200 recvbuff 0x2b06553bb200 count 1 datatype 1 op 0 root 0 comm 0xade7440 [nranks=3] stream 0xadeb1b0
r1t01:41392:41392 [0] NCCL INFO AllGather: opCount 189 sendbuff 0x2b06553bb200 recvbuff 0x2b06553b7600 count 8 datatype 0 op 0 root 0 comm 0xade7440 [nranks=3] stream 0xadeb1b0
r1t01:41392:41392 [0] NCCL INFO AllGather: opCount 18a sendbuff 0x2b06553b3a00 recvbuff 0x2b06553bae00 count 8 datatype 0 op 0 root 0 comm 0xade7440 [nranks=3] stream 0xadeb1b0
r1t01:41392:41392 [0] NCCL INFO AllReduce: opCount 18b sendbuff 0x2b06553ad800 recvbuff 0x2b06553ad800 count 1 datatype 1 op 0 root 0 comm 0xade7440 [nranks=3] stream 0xadeb1b0
r1t01:41392:41392 [0] NCCL INFO AllGather: opCount 18c sendbuff 0x2b06553ad800 recvbuff 0x2b06553bb600 count 8 datatype 0 op 0 root 0 comm 0xade7440 [nranks=3] stream 0xadeb1b0
r1t01:41392:41392 [0] NCCL INFO AllGather: opCount 18d sendbuff 0x2b06553b3c00 recvbuff 0x2b06553bbe00 count 8 datatype 0 op 0 root 0 comm 0xade7440 [nranks=3] stream 0xadeb1b0
r1t01:41392:41392 [0] NCCL INFO AllReduce: opCount 18e sendbuff 0x2b06553b7400 recvbuff 0x2b06553b7400 count 1 datatype 1 op 0 root 0 comm 0xade7440 [nranks=3] stream 0xadeb1b0
r1t01:41392:41392 [0] NCCL INFO AllGather: opCount 18f sendbuff 0x2b06553b7400 recvbuff 0x2b06553bc400 count 8 datatype 0 op 0 root 0 comm 0xade7440 [nranks=3] stream 0xadeb1b0
r1t01:41392:41392 [0] NCCL INFO AllGather: opCount 190 sendbuff 0x2b06553b7a00 recvbuff 0x2b06553bca00 count 8 datatype 0 op 0 root 0 comm 0xade7440 [nranks=3] stream 0xadeb1b0
r1t01:41392:41392 [0] NCCL INFO AllReduce: opCount 191 sendbuff 0x2b06553ad800 recvbuff 0x2b06553ad800 count 1 datatype 1 op 0 root 0 comm 0xade7440 [nranks=3] stream 0xadeb1b0
r1t01:41392:41392 [0] NCCL INFO AllGather: opCount 192 sendbuff 0x2b06553ad800 recvbuff 0x2b06553bbe00 count 8 datatype 0 op 0 root 0 comm 0xade7440 [nranks=3] stream 0xadeb1b0
r1t01:41392:41392 [0] NCCL INFO AllGather: opCount 193 sendbuff 0x2b06553b3600 recvbuff 0x2b06553bd000 count 8 datatype 0 op 0 root 0 comm 0xade7440 [nranks=3] stream 0xadeb1b0
r1t01:41392:41392 [0] NCCL INFO AllReduce: opCount 194 sendbuff 0x2b06553bc400 recvbuff 0x2b06553bc400 count 1 datatype 1 op 0 root 0 comm 0xade7440 [nranks=3] stream 0xadeb1b0
r1t01:41392:41392 [0] NCCL INFO AllGather: opCount 195 sendbuff 0x2b06553bc400 recvbuff 0x2b06553b3c00 count 8 datatype 0 op 0 root 0 comm 0xade7440 [nranks=3] stream 0xadeb1b0
r1t01:41392:41392 [0] NCCL INFO AllGather: opCount 196 sendbuff 0x2b06553b7c00 recvbuff 0x2b06553b7a00 count 8 datatype 0 op 0 root 0 comm 0xade7440 [nranks=3] stream 0xadeb1b0
r1t01:41392:41392 [0] NCCL INFO AllReduce: opCount 197 sendbuff 0x2b06553b7a00 recvbuff 0x2b06553b7a00 count 1 datatype 1 op 0 root 0 comm 0xade7440 [nranks=3] stream 0xadeb1b0
r1t01:41392:41392 [0] NCCL INFO AllGather: opCount 198 sendbuff 0x2b06553b7a00 recvbuff 0x2b06553b3800 count 8 datatype 0 op 0 root 0 comm 0xade7440 [nranks=3] stream 0xadeb1b0
r1t01:41392:41392 [0] NCCL INFO AllGather: opCount 199 sendbuff 0x2b077fffa600 recvbuff 0x2b06553bbe00 count 8 datatype 0 op 0 root 0 comm 0xade7440 [nranks=3] stream 0xadeb1b0
r1t01:41392:41392 [0] NCCL INFO AllReduce: opCount 19a sendbuff 0x2b06553b3a00 recvbuff 0x2b06553b3a00 count 1 datatype 1 op 0 root 0 comm 0xade7440 [nranks=3] stream 0xadeb1b0
r1t01:41392:41392 [0] NCCL INFO AllGather: opCount 19b sendbuff 0x2b06553b3a00 recvbuff 0x2b06553bc400 count 8 datatype 0 op 0 root 0 comm 0xade7440 [nranks=3] stream 0xadeb1b0
r1t01:41392:41392 [0] NCCL INFO AllGather: opCount 19c sendbuff 0x2b077fffa800 recvbuff 0x2b06553bca00 count 8 datatype 0 op 0 root 0 comm 0xade7440 [nranks=3] stream 0xadeb1b0
r1t01:41392:41392 [0] NCCL INFO AllReduce: opCount 19d sendbuff 0x2b06553b3600 recvbuff 0x2b06553b3600 count 1 datatype 1 op 0 root 0 comm 0xade7440 [nranks=3] stream 0xadeb1b0
r1t01:41392:41392 [0] NCCL INFO AllGather: opCount 19e sendbuff 0x2b06553b3600 recvbuff 0x2b06553bbe00 count 8 datatype 0 op 0 root 0 comm 0xade7440 [nranks=3] stream 0xadeb1b0
r1t01:41392:41392 [0] NCCL INFO AllGather: opCount 19f sendbuff 0x2b077fffaa00 recvbuff 0x2b06553bd000 count 8 datatype 0 op 0 root 0 comm 0xade7440 [nranks=3] stream 0xadeb1b0
r1t01:41392:41668 [0] NCCL INFO ReduceScatter: opCount 1a0 sendbuff 0x2b0794000000 recvbuff 0x2b0796c00000 count 3724654 datatype 7 op 0 root 0 comm 0xade7440 [nranks=3] stream 0xadeb1b0
r1t01:41392:41392 [0] NCCL INFO AllReduce: opCount 1a1 sendbuff 0x2b06553b3a00 recvbuff 0x2b06553b3a00 count 1 datatype 1 op 0 root 0 comm 0xade7440 [nranks=3] stream 0xadeb1b0
r1t01:41392:41392 [0] NCCL INFO AllGather: opCount 1a2 sendbuff 0x2b06553b1a00 recvbuff 0x2b06553b3600 count 4 datatype 0 op 0 root 0 comm 0xade7440 [nranks=3] stream 0xadeb1b0
r1t01:41392:41392 [0] NCCL INFO AllGather: opCount 1a3 sendbuff 0x2b068cc00000 recvbuff 0x2b0656000000 count 14898616 datatype 0 op 0 root 0 comm 0xade7440 [nranks=3] stream 0xadeb1b0
r1t01:41392:41668 [0] NCCL INFO ReduceScatter: opCount 1a4 sendbuff 0x2b0794000000 recvbuff 0x2b0796c00000 count 3724654 datatype 7 op 0 root 0 comm 0xade7440 [nranks=3] stream 0xadeb1b0
r1t01:41392:41392 [0] NCCL INFO AllReduce: opCount 1a5 sendbuff 0x2b06553b1800 recvbuff 0x2b06553b1800 count 1 datatype 1 op 0 root 0 comm 0xade7440 [nranks=3] stream 0xadeb1b0
r1t01:41392:41392 [0] NCCL INFO AllGather: opCount 1a6 sendbuff 0x2b06553bb800 recvbuff 0x2b06553b3a00 count 4 datatype 0 op 0 root 0 comm 0xade7440 [nranks=3] stream 0xadeb1b0
