r1t01:38195:38195 [0] NCCL INFO Bootstrap : Using ib0:10.65.2.69<0>
r1t01:38195:38195 [0] NCCL INFO NET/Plugin : dlerror=dlopen hook: 'libnccl-net.so': cannot open shared object file: No such file or directory No plugin found (libnccl-net.so), using internal implementation
r1t01:38195:38195 [0] NCCL INFO cudaDriverVersion 12030
r1t01:38195:38195 [0] NCCL INFO NCCL version 2.19.3+cuda12.3
r1t01:38195:38195 [0] NCCL INFO init.cc:1627 Cuda Host Alloc Size 4 pointer 0x2ad9d1400000
r1t01:38195:38195 [0] NCCL INFO Comm config Blocking set to 0
r1t01:38195:38333 [0] NCCL INFO NET/IB : Using [0]mlx5_0:1/IB [RO]; OOB ib0:10.65.2.69<0>
r1t01:38195:38333 [0] NCCL INFO Using non-device net plugin version 0
r1t01:38195:38333 [0] NCCL INFO Using network IB
r1t01:38195:38333 [0] NCCL INFO comm 0xa4de650 rank 0 nranks 3 cudaDev 0 nvmlDev 0 busId 81000 commId 0x3f015417173330ba - Init START
r1t01:38195:38333 [0] NCCL INFO NET/IB : GPU Direct RDMA Enabled for HCA 0 'mlx5_0'
r1t01:38195:38333 [0] NCCL INFO GPU Direct RDMA Disabled for GPU 81000 / HCA 0 (distance 7 > 4)
r1t01:38195:38333 [0] NCCL INFO GPU Direct RDMA Disabled for GPU 81000 / HCA 0 (distance 7 > 4)
r1t01:38195:38333 [0] NCCL INFO === System : maxBw 12.0 totalBw 12.0 ===
r1t01:38195:38333 [0] NCCL INFO CPU/7 (1/2/-1)
r1t01:38195:38333 [0] NCCL INFO + SYS[16.0] - CPU/5
r1t01:38195:38333 [0] NCCL INFO + PCI[12.0] - GPU/81000 (0)
r1t01:38195:38333 [0] NCCL INFO CPU/5 (1/2/-1)
r1t01:38195:38333 [0] NCCL INFO + SYS[16.0] - CPU/7
r1t01:38195:38333 [0] NCCL INFO + PCI[12.0] - NIC/C1000
r1t01:38195:38333 [0] NCCL INFO               + NET[12.5] - NET/0 (c8f4270003a1420c/1/12.500000)
r1t01:38195:38333 [0] NCCL INFO ==========================================
r1t01:38195:38333 [0] NCCL INFO GPU/81000 :GPU/81000 (0/5000.000000/LOC) CPU/7 (1/12.000000/PHB) CPU/5 (2/12.000000/SYS) NET/0 (4/12.000000/SYS) 
r1t01:38195:38333 [0] NCCL INFO NET/0 :GPU/81000 (4/12.000000/SYS) CPU/7 (3/12.000000/SYS) CPU/5 (2/12.000000/PHB) NET/0 (0/5000.000000/LOC) 
r1t01:38195:38333 [0] NCCL INFO Pattern 4, crossNic 0, nChannels 1, bw 10.000000/10.000000, type LOC/SYS, sameChannels 1
r1t01:38195:38333 [0] NCCL INFO  0 : NET/0 GPU/0 NET/0
r1t01:38195:38333 [0] NCCL INFO Pattern 3, crossNic 0, nChannels 1, bw 20.000000/10.000000, type LOC/SYS, sameChannels 1
r1t01:38195:38333 [0] NCCL INFO  0 : NET/0 GPU/0 NET/0
r1t01:38195:38333 [0] NCCL INFO Tree 0 : -1 -> 0 -> 2/-1/-1
r1t01:38195:38333 [0] NCCL INFO Tree 1 : 1 -> 0 -> 2/-1/-1
r1t01:38195:38333 [0] NCCL INFO Channel 00/02 :    0   1   2
r1t01:38195:38333 [0] NCCL INFO Channel 01/02 :    0   1   2
r1t01:38195:38333 [0] NCCL INFO Ring 00 : 2 -> 0 -> 1
r1t01:38195:38333 [0] NCCL INFO Ring 01 : 2 -> 0 -> 1
r1t01:38195:38333 [0] NCCL INFO Trees [0] 2/-1/-1->0->-1 [1] 2/-1/-1->0->1
r1t01:38195:38333 [0] NCCL INFO P2P Chunksize set to 131072
r1t01:38195:38333 [0] NCCL INFO misc/utils.cc:235 memory stack hunk malloc(65536)
r1t01:38195:38333 [0] NCCL INFO channel.cc:40 Cuda Alloc Size 1824 pointer 0x2ad9ecc00000
r1t01:38195:38333 [0] NCCL INFO channel.cc:43 Cuda Alloc Size 40 pointer 0x2ad9ece00000
r1t01:38195:38333 [0] NCCL INFO channel.cc:54 Cuda Alloc Size 12 pointer 0x2ad9ed000000
r1t01:38195:38333 [0] NCCL INFO channel.cc:40 Cuda Alloc Size 1824 pointer 0x2ad9ed200000
r1t01:38195:38333 [0] NCCL INFO channel.cc:43 Cuda Alloc Size 40 pointer 0x2ad9ed400000
r1t01:38195:38333 [0] NCCL INFO channel.cc:54 Cuda Alloc Size 12 pointer 0x2ad9ed600000
r1t01:38195:38333 [0] NCCL INFO GPU Direct RDMA Disabled for GPU 81000 / HCA 0 (distance 7 > 4)
r1t01:38195:38336 [0] NCCL INFO Mem Realloc old size 0, new size 8 pointer 0x2ad9d8002f20
r1t01:38195:38336 [0] NCCL INFO Allocated 4194660 bytes of shared memory in /dev/shm/nccl-COVCoC
r1t01:38195:38336 [0] NCCL INFO New proxy recv connection 0 from local rank 0, transport 2
r1t01:38195:38336 [0] NCCL INFO proxyProgressAsync opId=0x2ad9e36a4a30 op.type=1 op.reqBuff=0x2ad9d8002ec0 op.respSize=16 done
r1t01:38195:38336 [0] NCCL INFO Received and initiated operation=Init res=0
r1t01:38195:38333 [0] NCCL INFO ncclPollProxyResponse Received new opId=0x2ad9e36a4a30
r1t01:38195:38333 [0] NCCL INFO resp.opId=0x2ad9e36a4a30 matches expected opId=0x2ad9e36a4a30
r1t01:38195:38333 [0] NCCL INFO Connected to proxy localRank 0 -> connection 0x2ad9d8006240
r1t01:38195:38336 [0] NCCL INFO proxyProgressAsync opId=0x2ad9e36a4a30 op.type=3 op.reqBuff=0x2ad9d8002fa0 op.respSize=128 done
r1t01:38195:38336 [0] NCCL INFO Received and initiated operation=Setup res=0
r1t01:38195:38333 [0] NCCL INFO ncclPollProxyResponse Received new opId=0x2ad9e36a4a30
r1t01:38195:38333 [0] NCCL INFO resp.opId=0x2ad9e36a4a30 matches expected opId=0x2ad9e36a4a30
r1t01:38195:38333 [0] NCCL INFO Channel 00/0 : 2[0] -> 0[0] [receive] via NET/IB/0
r1t01:38195:38333 [0] NCCL INFO GPU Direct RDMA Disabled for GPU 81000 / HCA 0 (distance 7 > 4)
r1t01:38195:38336 [0] NCCL INFO New proxy recv connection 1 from local rank 0, transport 2
r1t01:38195:38336 [0] NCCL INFO proxyProgressAsync opId=0x2ad9e36a4a30 op.type=1 op.reqBuff=0x2ad9d8002f00 op.respSize=16 done
r1t01:38195:38336 [0] NCCL INFO Received and initiated operation=Init res=0
r1t01:38195:38333 [0] NCCL INFO ncclPollProxyResponse Received new opId=0x2ad9e36a4a30
r1t01:38195:38333 [0] NCCL INFO resp.opId=0x2ad9e36a4a30 matches expected opId=0x2ad9e36a4a30
r1t01:38195:38333 [0] NCCL INFO Connected to proxy localRank 0 -> connection 0x2ad9d80062b8
r1t01:38195:38336 [0] NCCL INFO proxyProgressAsync opId=0x2ad9e36a4a30 op.type=3 op.reqBuff=0x2ad9d8002fa0 op.respSize=128 done
r1t01:38195:38336 [0] NCCL INFO Received and initiated operation=Setup res=0
r1t01:38195:38333 [0] NCCL INFO ncclPollProxyResponse Received new opId=0x2ad9e36a4a30
r1t01:38195:38333 [0] NCCL INFO resp.opId=0x2ad9e36a4a30 matches expected opId=0x2ad9e36a4a30
r1t01:38195:38333 [0] NCCL INFO Channel 01/0 : 2[0] -> 0[0] [receive] via NET/IB/0
r1t01:38195:38333 [0] NCCL INFO GPU Direct RDMA Disabled for GPU 81000 / HCA 0 (distance 7 > 4)
r1t01:38195:38336 [0] NCCL INFO New proxy send connection 2 from local rank 0, transport 2
r1t01:38195:38336 [0] NCCL INFO proxyProgressAsync opId=0x2ad9e36a4a30 op.type=1 op.reqBuff=0x2ad9d8002ec0 op.respSize=16 done
r1t01:38195:38336 [0] NCCL INFO Received and initiated operation=Init res=0
r1t01:38195:38333 [0] NCCL INFO ncclPollProxyResponse Received new opId=0x2ad9e36a4a30
r1t01:38195:38333 [0] NCCL INFO resp.opId=0x2ad9e36a4a30 matches expected opId=0x2ad9e36a4a30
r1t01:38195:38333 [0] NCCL INFO Connected to proxy localRank 0 -> connection 0x2ad9d8006330
r1t01:38195:38336 [0] NCCL INFO proxyProgressAsync opId=0x2ad9e36a4a30 op.type=3 op.reqBuff=0x2ad9d8002fa0 op.respSize=0 done
r1t01:38195:38336 [0] NCCL INFO Received and initiated operation=Setup res=0
r1t01:38195:38333 [0] NCCL INFO ncclPollProxyResponse Received new opId=0x2ad9e36a4a30
r1t01:38195:38333 [0] NCCL INFO resp.opId=0x2ad9e36a4a30 matches expected opId=0x2ad9e36a4a30
r1t01:38195:38333 [0] NCCL INFO Channel 00/0 : 0[0] -> 1[0] [send] via NET/IB/0
r1t01:38195:38333 [0] NCCL INFO GPU Direct RDMA Disabled for GPU 81000 / HCA 0 (distance 7 > 4)
r1t01:38195:38336 [0] NCCL INFO New proxy send connection 3 from local rank 0, transport 2
r1t01:38195:38336 [0] NCCL INFO proxyProgressAsync opId=0x2ad9e36a4a30 op.type=1 op.reqBuff=0x2ad9d8002f00 op.respSize=16 done
r1t01:38195:38336 [0] NCCL INFO Received and initiated operation=Init res=0
r1t01:38195:38333 [0] NCCL INFO ncclPollProxyResponse Received new opId=0x2ad9e36a4a30
r1t01:38195:38333 [0] NCCL INFO resp.opId=0x2ad9e36a4a30 matches expected opId=0x2ad9e36a4a30
r1t01:38195:38333 [0] NCCL INFO Connected to proxy localRank 0 -> connection 0x2ad9d80063a8
r1t01:38195:38336 [0] NCCL INFO proxyProgressAsync opId=0x2ad9e36a4a30 op.type=3 op.reqBuff=0x2ad9d8002fa0 op.respSize=0 done
r1t01:38195:38336 [0] NCCL INFO Received and initiated operation=Setup res=0
r1t01:38195:38333 [0] NCCL INFO ncclPollProxyResponse Received new opId=0x2ad9e36a4a30
r1t01:38195:38333 [0] NCCL INFO resp.opId=0x2ad9e36a4a30 matches expected opId=0x2ad9e36a4a30
r1t01:38195:38333 [0] NCCL INFO Channel 01/0 : 0[0] -> 1[0] [send] via NET/IB/0
r1t01:38195:38333 [0] NCCL INFO sendConnect ncclProxyCallAsync opId=0x2ad9e3688ee8
r1t01:38195:38333 [0] NCCL INFO recvConnect ncclProxyCallAsync opId=0x2ad9e36893d0 &recv->proxyConn=0x2ad9e36893d8 connectInfo=0x2ad9e36a2970
r1t01:38195:38333 [0] NCCL INFO sendConnect ncclProxyCallAsync opId=0x2ad9e369de98
r1t01:38195:38333 [0] NCCL INFO recvConnect ncclProxyCallAsync opId=0x2ad9e369e380 &recv->proxyConn=0x2ad9e369e388 connectInfo=0x2ad9e36a29f0
r1t01:38195:38336 [0] NCCL INFO transport/net_ib.cc:633 Ib Alloc Size 102424 pointer 0x2ad9d8024000
r1t01:38195:38336 [0] NCCL INFO NET/IB: Dev 0 Port 1 qpn 257207 mtu 5 LID 58
r1t01:38195:38336 [0] NCCL INFO transport/net_ib.cc:696 Ib Alloc Size 2600 pointer 0x2ad9d8084000
r1t01:38195:38336 [0] NCCL INFO Received and initiated operation=Connect res=0
r1t01:38195:38336 [0] NCCL INFO transport/net_ib.cc:765 Ib Alloc Size 85256 pointer 0x2ad9d808b000
r1t01:38195:38336 [0] NCCL INFO transport/net_ib.cc:778 Ib Alloc Size 2600 pointer 0x2ad9d80a1000
r1t01:38195:38336 [0] NCCL INFO Received and initiated operation=Connect res=0
r1t01:38195:38336 [0] NCCL INFO transport/net_ib.cc:633 Ib Alloc Size 102424 pointer 0x2ad9d80a8000
r1t01:38195:38336 [0] NCCL INFO NET/IB: Dev 0 Port 1 qpn 257208 mtu 5 LID 58
r1t01:38195:38336 [0] NCCL INFO transport/net_ib.cc:696 Ib Alloc Size 2600 pointer 0x2ad9d80fe000
r1t01:38195:38336 [0] NCCL INFO Received and initiated operation=Connect res=0
r1t01:38195:38336 [0] NCCL INFO transport/net_ib.cc:868 Ib Alloc Size 2600 pointer 0x2ad9d8165000
r1t01:38195:38336 [0] NCCL INFO transport/net_ib.cc:765 Ib Alloc Size 85256 pointer 0x2ad9d816c000
r1t01:38195:38336 [0] NCCL INFO transport/net_ib.cc:778 Ib Alloc Size 2600 pointer 0x2ad9d8182000
r1t01:38195:38336 [0] NCCL INFO transport/net_ib.cc:868 Ib Alloc Size 2600 pointer 0x2ad9d8182000
r1t01:38195:38336 [0] NCCL INFO Received and initiated operation=Connect res=0
r1t01:38195:38336 [0] NCCL INFO transport/net.cc:883 Cuda Host Alloc Size 9641984 pointer 0x2ad9f8000000
r1t01:38195:38336 [0] NCCL INFO Mem Realloc old size 0, new size 768 pointer 0x2ad9d80593a0
r1t01:38195:38336 [0] NCCL INFO proxyProgressAsync opId=0x2ad9e36893d0 op.type=4 op.reqBuff=0x2ad9d8002ec0 op.respSize=21040 done
r1t01:38195:38336 [0] NCCL INFO transport/net.cc:883 Cuda Host Alloc Size 9641984 pointer 0x2ad9f8a00000
r1t01:38195:38333 [0] NCCL INFO ncclPollProxyResponse Received new opId=0x2ad9e36893d0
r1t01:38195:38333 [0] NCCL INFO Queuing opId=0x2ad9e36893d0 respBuff=0x2ad9e36cfd50 respSize=21040
r1t01:38195:38333 [0] NCCL INFO ncclPollProxyResponse Dequeued cached opId=0x2ad9e36893d0
r1t01:38195:38333 [0] NCCL INFO recvConnect ncclPollProxyResponse opId=0x2ad9e36893d0
r1t01:38195:38336 [0] NCCL INFO proxyProgressAsync opId=0x2ad9e369e380 op.type=4 op.reqBuff=0x2ad9d8002f00 op.respSize=21040 done
r1t01:38195:38333 [0] NCCL INFO ncclPollProxyResponse Received new opId=0x2ad9e369e380
r1t01:38195:38333 [0] NCCL INFO Queuing opId=0x2ad9e369e380 respBuff=0x2ad9e36cfd50 respSize=21040
r1t01:38195:38333 [0] NCCL INFO ncclPollProxyResponse Dequeued cached opId=0x2ad9e369e380
r1t01:38195:38333 [0] NCCL INFO recvConnect ncclPollProxyResponse opId=0x2ad9e369e380
r1t01:38195:38336 [0] NCCL INFO transport/net.cc:735 Cuda Host Alloc Size 9641984 pointer 0x2ad9f9400000
r1t01:38195:38336 [0] NCCL INFO proxyProgressAsync opId=0x2ad9e3688ee8 op.type=4 op.reqBuff=0x2ad9d8009e50 op.respSize=21040 done
r1t01:38195:38333 [0] NCCL INFO ncclPollProxyResponse Received new opId=0x2ad9e3688ee8
r1t01:38195:38333 [0] NCCL INFO resp.opId=0x2ad9e3688ee8 matches expected opId=0x2ad9e3688ee8
r1t01:38195:38333 [0] NCCL INFO sendConnect ncclPollProxyResponse opId=0x2ad9e3688ee8
r1t01:38195:38336 [0] NCCL INFO transport/net.cc:735 Cuda Host Alloc Size 9641984 pointer 0x2ad9fa000000
r1t01:38195:38336 [0] NCCL INFO proxyProgressAsync opId=0x2ad9e369de98 op.type=4 op.reqBuff=0x2ad9d803ef40 op.respSize=21040 done
r1t01:38195:38333 [0] NCCL INFO ncclPollProxyResponse Received new opId=0x2ad9e369de98
r1t01:38195:38333 [0] NCCL INFO resp.opId=0x2ad9e369de98 matches expected opId=0x2ad9e369de98
r1t01:38195:38333 [0] NCCL INFO sendConnect ncclPollProxyResponse opId=0x2ad9e369de98
r1t01:38195:38333 [0] NCCL INFO Connected all rings
r1t01:38195:38333 [0] NCCL INFO GPU Direct RDMA Disabled for GPU 81000 / HCA 0 (distance 7 > 4)
r1t01:38195:38336 [0] NCCL INFO New proxy recv connection 4 from local rank 0, transport 2
r1t01:38195:38336 [0] NCCL INFO proxyProgressAsync opId=0x2ad9e36a4a30 op.type=1 op.reqBuff=0x2ad9d8023fd0 op.respSize=16 done
r1t01:38195:38336 [0] NCCL INFO Received and initiated operation=Init res=0
r1t01:38195:38333 [0] NCCL INFO ncclPollProxyResponse Received new opId=0x2ad9e36a4a30
r1t01:38195:38333 [0] NCCL INFO resp.opId=0x2ad9e36a4a30 matches expected opId=0x2ad9e36a4a30
r1t01:38195:38333 [0] NCCL INFO Connected to proxy localRank 0 -> connection 0x2ad9d8006420
r1t01:38195:38336 [0] NCCL INFO proxyProgressAsync opId=0x2ad9e36b62a0 op.type=3 op.reqBuff=0x2ad9d808ac30 op.respSize=128 done
r1t01:38195:38336 [0] NCCL INFO Received and initiated operation=Setup res=0
r1t01:38195:38333 [0] NCCL INFO ncclPollProxyResponse Received new opId=0x2ad9e36b62a0
r1t01:38195:38333 [0] NCCL INFO resp.opId=0x2ad9e36b62a0 matches expected opId=0x2ad9e36b62a0
r1t01:38195:38333 [0] NCCL INFO Channel 01/0 : 1[0] -> 0[0] [receive] via NET/IB/0
r1t01:38195:38333 [0] NCCL INFO GPU Direct RDMA Disabled for GPU 81000 / HCA 0 (distance 7 > 4)
r1t01:38195:38336 [0] NCCL INFO New proxy send connection 5 from local rank 0, transport 2
r1t01:38195:38336 [0] NCCL INFO proxyProgressAsync opId=0x2ad9e36b62a0 op.type=1 op.reqBuff=0x2ad9d816bfd0 op.respSize=16 done
r1t01:38195:38336 [0] NCCL INFO Received and initiated operation=Init res=0
r1t01:38195:38333 [0] NCCL INFO ncclPollProxyResponse Received new opId=0x2ad9e36b62a0
r1t01:38195:38333 [0] NCCL INFO resp.opId=0x2ad9e36b62a0 matches expected opId=0x2ad9e36b62a0
r1t01:38195:38333 [0] NCCL INFO Connected to proxy localRank 0 -> connection 0x2ad9d8006498
r1t01:38195:38336 [0] NCCL INFO proxyProgressAsync opId=0x2ad9e36b62a0 op.type=3 op.reqBuff=0x2ad9d8059fd0 op.respSize=0 done
r1t01:38195:38336 [0] NCCL INFO Received and initiated operation=Setup res=0
r1t01:38195:38333 [0] NCCL INFO ncclPollProxyResponse Received new opId=0x2ad9e36b62a0
r1t01:38195:38333 [0] NCCL INFO resp.opId=0x2ad9e36b62a0 matches expected opId=0x2ad9e36b62a0
r1t01:38195:38333 [0] NCCL INFO Channel 00/0 : 0[0] -> 2[0] [send] via NET/IB/0
r1t01:38195:38333 [0] NCCL INFO GPU Direct RDMA Disabled for GPU 81000 / HCA 0 (distance 7 > 4)
r1t01:38195:38336 [0] NCCL INFO New proxy send connection 6 from local rank 0, transport 2
r1t01:38195:38336 [0] NCCL INFO proxyProgressAsync opId=0x2ad9e36b62a0 op.type=1 op.reqBuff=0x2ad9d8183fd0 op.respSize=16 done
r1t01:38195:38336 [0] NCCL INFO Received and initiated operation=Init res=0
r1t01:38195:38333 [0] NCCL INFO ncclPollProxyResponse Received new opId=0x2ad9e36b62a0
r1t01:38195:38333 [0] NCCL INFO resp.opId=0x2ad9e36b62a0 matches expected opId=0x2ad9e36b62a0
r1t01:38195:38333 [0] NCCL INFO Connected to proxy localRank 0 -> connection 0x2ad9d8006510
r1t01:38195:38336 [0] NCCL INFO proxyProgressAsync opId=0x2ad9e36b62a0 op.type=3 op.reqBuff=0x2ad9d8023fd0 op.respSize=0 done
r1t01:38195:38336 [0] NCCL INFO Received and initiated operation=Setup res=0
r1t01:38195:38333 [0] NCCL INFO ncclPollProxyResponse Received new opId=0x2ad9e36b62a0
r1t01:38195:38333 [0] NCCL INFO resp.opId=0x2ad9e36b62a0 matches expected opId=0x2ad9e36b62a0
r1t01:38195:38333 [0] NCCL INFO Channel 01/0 : 0[0] -> 2[0] [send] via NET/IB/0
r1t01:38195:38333 [0] NCCL INFO sendConnect ncclProxyCallAsync opId=0x2ad9e3689230
r1t01:38195:38333 [0] NCCL INFO sendConnect ncclProxyCallAsync opId=0x2ad9e369e1e0
r1t01:38195:38333 [0] NCCL INFO recvConnect ncclProxyCallAsync opId=0x2ad9e369e038 &recv->proxyConn=0x2ad9e369e040 connectInfo=0x2ad9e36a4ae0
r1t01:38195:38336 [0] NCCL INFO transport/net_ib.cc:633 Ib Alloc Size 102424 pointer 0x2ad9d81f3000
r1t01:38195:38336 [0] NCCL INFO NET/IB: Dev 0 Port 1 qpn 257213 mtu 5 LID 58
r1t01:38195:38336 [0] NCCL INFO transport/net_ib.cc:696 Ib Alloc Size 2600 pointer 0x2ad9d8169000
r1t01:38195:38336 [0] NCCL INFO Received and initiated operation=Connect res=0
r1t01:38195:38336 [0] NCCL INFO transport/net_ib.cc:633 Ib Alloc Size 102424 pointer 0x2ad9d8246000
r1t01:38195:38336 [0] NCCL INFO NET/IB: Dev 0 Port 1 qpn 257214 mtu 5 LID 58
r1t01:38195:38336 [0] NCCL INFO transport/net_ib.cc:696 Ib Alloc Size 2600 pointer 0x2ad9d829c000
r1t01:38195:38336 [0] NCCL INFO Received and initiated operation=Connect res=0
r1t01:38195:38336 [0] NCCL INFO transport/net_ib.cc:765 Ib Alloc Size 85256 pointer 0x2ad9d82a3000
r1t01:38195:38336 [0] NCCL INFO Received and initiated operation=Connect res=0
r1t01:38195:38336 [0] NCCL INFO transport/net.cc:735 Cuda Host Alloc Size 9641984 pointer 0x2ad9faa00000
r1t01:38195:38336 [0] NCCL INFO proxyProgressAsync opId=0x2ad9e3689230 op.type=4 op.reqBuff=0x2ad9d803ef40 op.respSize=21040 done
r1t01:38195:38336 [0] NCCL INFO transport/net.cc:735 Cuda Host Alloc Size 9641984 pointer 0x2ad9fb400000
r1t01:38195:38333 [0] NCCL INFO ncclPollProxyResponse Received new opId=0x2ad9e3689230
r1t01:38195:38333 [0] NCCL INFO Queuing opId=0x2ad9e3689230 respBuff=0x2ad9e36df3e0 respSize=21040
r1t01:38195:38333 [0] NCCL INFO ncclPollProxyResponse Dequeued cached opId=0x2ad9e3689230
r1t01:38195:38333 [0] NCCL INFO sendConnect ncclPollProxyResponse opId=0x2ad9e3689230
r1t01:38195:38336 [0] NCCL INFO proxyProgressAsync opId=0x2ad9e369e1e0 op.type=4 op.reqBuff=0x2ad9d81c6f50 op.respSize=21040 done
r1t01:38195:38336 [0] NCCL INFO transport/net_ib.cc:778 Ib Alloc Size 2600 pointer 0x2ad9d8169000
r1t01:38195:38333 [0] NCCL INFO ncclPollProxyResponse Received new opId=0x2ad9e369e1e0
r1t01:38195:38333 [0] NCCL INFO Queuing opId=0x2ad9e369e1e0 respBuff=0x2ad9e36c0630 respSize=21040
r1t01:38195:38333 [0] NCCL INFO ncclPollProxyResponse Dequeued cached opId=0x2ad9e369e1e0
r1t01:38195:38333 [0] NCCL INFO sendConnect ncclPollProxyResponse opId=0x2ad9e369e1e0
r1t01:38195:38336 [0] NCCL INFO transport/net_ib.cc:868 Ib Alloc Size 2600 pointer 0x2ad9d8169000
r1t01:38195:38336 [0] NCCL INFO transport/net.cc:883 Cuda Host Alloc Size 9641984 pointer 0x2ad9fc000000
r1t01:38195:38336 [0] NCCL INFO proxyProgressAsync opId=0x2ad9e369e038 op.type=4 op.reqBuff=0x2ad9d81c6fe0 op.respSize=21040 done
r1t01:38195:38333 [0] NCCL INFO ncclPollProxyResponse Received new opId=0x2ad9e369e038
r1t01:38195:38333 [0] NCCL INFO resp.opId=0x2ad9e369e038 matches expected opId=0x2ad9e369e038
r1t01:38195:38333 [0] NCCL INFO recvConnect ncclPollProxyResponse opId=0x2ad9e369e038
r1t01:38195:38333 [0] NCCL INFO Connected all trees
r1t01:38195:38333 [0] NCCL INFO   Algorithm   |                            Tree                  |                            Ring                  |                   CollNetDirect                  |
r1t01:38195:38333 [0] NCCL INFO   Protocol    |             LL |          LL128 |         Simple |             LL |          LL128 |         Simple |             LL |          LL128 |         Simple |
r1t01:38195:38333 [0] NCCL INFO  Max NThreads |            512 |            640 |            512 |            512 |            640 |            256 |              0 |              0 |            640 |
r1t01:38195:38333 [0] NCCL INFO     Broadcast |     0.0/   0.0 |     0.0/   0.0 |     0.0/   0.0 |     9.3/   2.5 |    18.0/   0.0 |    22.4/  10.0 |     0.0/   0.0 |     0.0/   0.0 |     0.0/   0.0 |
r1t01:38195:38333 [0] NCCL INFO        Reduce |     0.0/   0.0 |     0.0/   0.0 |     0.0/   0.0 |     9.3/   2.5 |    18.0/   0.0 |    22.4/  10.0 |     0.0/   0.0 |     0.0/   0.0 |     0.0/   0.0 |
r1t01:38195:38333 [0] NCCL INFO     AllGather |     0.0/   0.0 |     0.0/   0.0 |     0.0/   0.0 |    12.0/   3.8 |    22.0/   0.0 |    36.4/  15.0 |     0.0/   0.0 |     0.0/   0.0 |     0.0/   0.0 |
r1t01:38195:38333 [0] NCCL INFO ReduceScatter |     0.0/   0.0 |     0.0/   0.0 |     0.0/   0.0 |    12.0/   3.8 |    22.0/   0.0 |    36.4/  15.0 |     0.0/   0.0 |     0.0/   0.0 |     0.0/   0.0 |
r1t01:38195:38333 [0] NCCL INFO     AllReduce |    16.8/   1.0 |    31.0/   0.0 |    56.0/   3.9 |    18.8/   1.9 |    33.0/   0.0 |    80.4/   7.5 |     0.0/   0.0 |     0.0/   0.0 |    31.0/   0.0 |
r1t01:38195:38333 [0] NCCL INFO   Algorithm   |                    CollNetChain                  |                            NVLS                  |                        NVLSTree                  |
r1t01:38195:38333 [0] NCCL INFO   Protocol    |             LL |          LL128 |         Simple |             LL |          LL128 |         Simple |             LL |          LL128 |         Simple |
r1t01:38195:38333 [0] NCCL INFO  Max NThreads |              0 |              0 |            640 |              0 |              0 |            640 |              0 |              0 |            640 |
r1t01:38195:38333 [0] NCCL INFO     Broadcast |     0.0/   0.0 |     0.0/   0.0 |     0.0/   0.0 |     0.0/   0.0 |     0.0/   0.0 |     0.0/   0.0 |     0.0/   0.0 |     0.0/   0.0 |     0.0/   0.0 |
r1t01:38195:38333 [0] NCCL INFO        Reduce |     0.0/   0.0 |     0.0/   0.0 |     0.0/   0.0 |     0.0/   0.0 |     0.0/   0.0 |     0.0/   0.0 |     0.0/   0.0 |     0.0/   0.0 |     0.0/   0.0 |
r1t01:38195:38333 [0] NCCL INFO     AllGather |     0.0/   0.0 |     0.0/   0.0 |     0.0/   0.0 |     0.0/   0.0 |     0.0/   0.0 |    18.0/   0.0 |     0.0/   0.0 |     0.0/   0.0 |     0.0/   0.0 |
r1t01:38195:38333 [0] NCCL INFO ReduceScatter |     0.0/   0.0 |     0.0/   0.0 |     0.0/   0.0 |     0.0/   0.0 |     0.0/   0.0 |    18.0/   0.0 |     0.0/   0.0 |     0.0/   0.0 |     0.0/   0.0 |
r1t01:38195:38333 [0] NCCL INFO     AllReduce |     0.0/   0.0 |     0.0/   0.0 |    30.0/   0.0 |     0.0/   0.0 |     0.0/   0.0 |    18.0/   0.0 |     0.0/   0.0 |     0.0/   0.0 |    28.0/   0.0 |
r1t01:38195:38333 [0] NCCL INFO threadThresholds 8/8/64 | 24/8/64 | 512 | 512
r1t01:38195:38333 [0] NCCL INFO 2 coll channels, 0 nvls channels, 2 p2p channels, 2 p2p channels per peer
r1t01:38195:38336 [0] NCCL INFO New proxy send connection 7 from local rank 0, transport 2
r1t01:38195:38336 [0] NCCL INFO proxyProgressAsync opId=0x2ad9e36a2930 op.type=1 op.reqBuff=0x2ad9d81c6fe0 op.respSize=16 done
r1t01:38195:38336 [0] NCCL INFO Received and initiated operation=Init res=0
r1t01:38195:38333 [0] NCCL INFO ncclPollProxyResponse Received new opId=0x2ad9e36a2930
r1t01:38195:38333 [0] NCCL INFO resp.opId=0x2ad9e36a2930 matches expected opId=0x2ad9e36a2930
r1t01:38195:38333 [0] NCCL INFO Connected to proxy localRank 0 -> connection 0x2ad9d8006588
r1t01:38195:38336 [0] NCCL INFO Allocated shareable buffer 0x2ad9fca00000 size 4194304 ipcDesc 0x2ad9d821eb98
r1t01:38195:38336 [0] NCCL INFO proxyProgressAsync opId=0x2ad9e36a2930 op.type=2 op.reqBuff=0x2ad9d81c6fe0 op.respSize=0 done
r1t01:38195:38336 [0] NCCL INFO Received and initiated operation=SharedInit res=0
r1t01:38195:38333 [0] NCCL INFO ncclPollProxyResponse Received new opId=0x2ad9e36a2930
r1t01:38195:38333 [0] NCCL INFO resp.opId=0x2ad9e36a2930 matches expected opId=0x2ad9e36a2930
r1t01:38195:38333 [0] NCCL INFO init.cc:415 Cuda Alloc Size 7744 pointer 0x2ad9fce00000
r1t01:38195:38333 [0] NCCL INFO init.cc:441 Cuda Host Alloc Size 33554432 pointer 0x2ad9fe000000
r1t01:38195:38333 [0] NCCL INFO init.cc:447 Cuda Host Alloc Size 128 pointer 0x2ad9d1400200
r1t01:38195:38333 [0] NCCL INFO Tuner: plugin load '(null)' returned error (11 : (null)), using default tuner instead.
r1t01:38195:38333 [0] NCCL INFO comm 0xa4de650 rank 0 nranks 3 cudaDev 0 nvmlDev 0 busId 81000 commId 0x3f015417173330ba - Init COMPLETE
r1t01:38195:38195 [0] NCCL INFO Broadcast: opCount 0 sendbuff 0x2ad9d1200400 recvbuff 0x2ad9d1200400 count 8 datatype 0 op 0 root 0 comm 0xa4de650 [nranks=3] stream 0xa4e2400
r1t01:38195:38195 [0] NCCL INFO misc/utils.cc:235 memory stack hunk malloc(65536)
r1t01:38195:38195 [0] NCCL INFO Broadcast: opCount 1 sendbuff 0x2ad9d1200000 recvbuff 0x2ad9d1200000 count 121 datatype 0 op 0 root 0 comm 0xa4de650 [nranks=3] stream 0xa4e2400
r1t01:38195:38195 [0] NCCL INFO AllReduce: opCount 2 sendbuff 0x2ad9d1200200 recvbuff 0x2ad9d1200200 count 1 datatype 1 op 0 root 0 comm 0xa4de650 [nranks=3] stream 0xa4e2400
r1t01:38195:38195 [0] NCCL INFO AllReduce: opCount 3 sendbuff 0x2ad9d1200000 recvbuff 0x2ad9d1200000 count 1 datatype 1 op 0 root 0 comm 0xa4de650 [nranks=3] stream 0xa4e2400
r1t01:38195:38195 [0] NCCL INFO AllGather: opCount 4 sendbuff 0x2ada05400000 recvbuff 0x2ada05400800 count 8 datatype 0 op 0 root 0 comm 0xa4de650 [nranks=3] stream 0xa4e2400
r1t01:38195:38195 [0] NCCL INFO Broadcast: opCount 5 sendbuff 0x2ada05400800 recvbuff 0x2ada05400800 count 1968 datatype 0 op 0 root 0 comm 0xa4de650 [nranks=3] stream 0xa4e2400
r1t01:38195:38195 [0] NCCL INFO Broadcast: opCount 6 sendbuff 0x2ada06000000 recvbuff 0x2ada06000000 count 44734248 datatype 0 op 0 root 0 comm 0xa4de650 [nranks=3] stream 0xa4e2400
r1t01:38195:38195 [0] NCCL INFO Broadcast: opCount 7 sendbuff 0x2ada05400000 recvbuff 0x2ada05400000 count 160 datatype 0 op 0 root 0 comm 0xa4de650 [nranks=3] stream 0xa4e2400
r1t01:38195:38195 [0] NCCL INFO AllReduce: opCount 8 sendbuff 0x2ad9d1200200 recvbuff 0x2ad9d1200200 count 1 datatype 1 op 0 root 0 comm 0xa4de650 [nranks=3] stream 0xa4e2400
r1t01:38195:38195 [0] NCCL INFO AllReduce: opCount 9 sendbuff 0x2ad9d13afc00 recvbuff 0x2ad9d13afc00 count 1 datatype 1 op 0 root 0 comm 0xa4de650 [nranks=3] stream 0xa4e2400
r1t01:38195:38195 [0] NCCL INFO AllReduce: opCount a sendbuff 0x2ad9d1200200 recvbuff 0x2ad9d1200200 count 1 datatype 1 op 0 root 0 comm 0xa4de650 [nranks=3] stream 0xa4e2400
r1t01:38195:38195 [0] NCCL INFO AllReduce: opCount b sendbuff 0x2ad9d13afc00 recvbuff 0x2ad9d13afc00 count 1 datatype 1 op 0 root 0 comm 0xa4de650 [nranks=3] stream 0xa4e2400
r1t01:38195:38195 [0] NCCL INFO AllReduce: opCount c sendbuff 0x2ad9d1200200 recvbuff 0x2ad9d1200200 count 1 datatype 4 op 0 root 0 comm 0xa4de650 [nranks=3] stream 0xa4e2400
r1t01:38195:38195 [0] NCCL INFO Broadcast: opCount d sendbuff 0x2ad9d13b2000 recvbuff 0x2ad9d13b2000 count 38400 datatype 0 op 0 root 0 comm 0xa4de650 [nranks=3] stream 0xa4e2400
r1t01:38195:38195 [0] NCCL INFO Broadcast: opCount e sendbuff 0x2ad9d1200200 recvbuff 0x2ad9d1200200 count 160 datatype 0 op 0 root 0 comm 0xa4de650 [nranks=3] stream 0xa4e2400
r1t01:38195:38195 [0] NCCL INFO AllReduce: opCount f sendbuff 0x2ad9d13bca00 recvbuff 0x2ad9d13bca00 count 1 datatype 1 op 0 root 0 comm 0xa4de650 [nranks=3] stream 0xa4e2400
r1t01:38195:38195 [0] NCCL INFO AllReduce: opCount 10 sendbuff 0x2ad9d1200200 recvbuff 0x2ad9d1200200 count 1 datatype 7 op 4 root 0 comm 0xa4de650 [nranks=3] stream 0xa4e2400
r1t01:38195:38195 [0] NCCL INFO AllReduce: opCount 11 sendbuff 0x2ad9d13af600 recvbuff 0x2ad9d13af600 count 1 datatype 1 op 0 root 0 comm 0xa4de650 [nranks=3] stream 0xa4e2400
r1t01:38195:38195 [0] NCCL INFO AllReduce: opCount 12 sendbuff 0x2ad9d13bc600 recvbuff 0x2ad9d13bc600 count 1 datatype 4 op 4 root 0 comm 0xa4de650 [nranks=3] stream 0xa4e2400
r1t01:38195:38195 [0] NCCL INFO AllReduce: opCount 13 sendbuff 0x2ad9d13bca00 recvbuff 0x2ad9d13bca00 count 1 datatype 1 op 0 root 0 comm 0xa4de650 [nranks=3] stream 0xa4e2400
r1t01:38195:38195 [0] NCCL INFO AllGather: opCount 14 sendbuff 0x2ad9d13bca00 recvbuff 0x2ad9d13bd600 count 8 datatype 0 op 0 root 0 comm 0xa4de650 [nranks=3] stream 0xa4e2400
r1t01:38195:38195 [0] NCCL INFO AllGather: opCount 15 sendbuff 0x2ad9d13bce00 recvbuff 0x2ad9d13b0000 count 8 datatype 0 op 0 root 0 comm 0xa4de650 [nranks=3] stream 0xa4e2400
r1t01:38195:38195 [0] NCCL INFO AllReduce: opCount 16 sendbuff 0x2ad9d1200200 recvbuff 0x2ad9d1200200 count 1 datatype 1 op 0 root 0 comm 0xa4de650 [nranks=3] stream 0xa4e2400
r1t01:38195:38195 [0] NCCL INFO AllGather: opCount 17 sendbuff 0x2ad9d1200200 recvbuff 0x2ad9d13bd400 count 8 datatype 0 op 0 root 0 comm 0xa4de650 [nranks=3] stream 0xa4e2400
r1t01:38195:38195 [0] NCCL INFO AllGather: opCount 18 sendbuff 0x2ad9d13aea00 recvbuff 0x2ad9d13b0600 count 8 datatype 0 op 0 root 0 comm 0xa4de650 [nranks=3] stream 0xa4e2400
r1t01:38195:38195 [0] NCCL INFO AllReduce: opCount 19 sendbuff 0x2ad9d13b0200 recvbuff 0x2ad9d13b0200 count 1 datatype 1 op 0 root 0 comm 0xa4de650 [nranks=3] stream 0xa4e2400
r1t01:38195:38195 [0] NCCL INFO AllGather: opCount 1a sendbuff 0x2ad9d13b0200 recvbuff 0x2ad9d13bd200 count 8 datatype 0 op 0 root 0 comm 0xa4de650 [nranks=3] stream 0xa4e2400
r1t01:38195:38195 [0] NCCL INFO AllGather: opCount 1b sendbuff 0x2ad9d13bc400 recvbuff 0x2ad9d13b0c00 count 8 datatype 0 op 0 root 0 comm 0xa4de650 [nranks=3] stream 0xa4e2400
r1t01:38195:38195 [0] NCCL INFO AllReduce: opCount 1c sendbuff 0x2ad9d1200200 recvbuff 0x2ad9d1200200 count 1 datatype 1 op 0 root 0 comm 0xa4de650 [nranks=3] stream 0xa4e2400
r1t01:38195:38195 [0] NCCL INFO AllGather: opCount 1d sendbuff 0x2ad9d1200200 recvbuff 0x2ad9d13bd800 count 8 datatype 0 op 0 root 0 comm 0xa4de650 [nranks=3] stream 0xa4e2400
r1t01:38195:38195 [0] NCCL INFO AllGather: opCount 1e sendbuff 0x2ad9d13bc800 recvbuff 0x2ad9d13b1200 count 8 datatype 0 op 0 root 0 comm 0xa4de650 [nranks=3] stream 0xa4e2400
r1t01:38195:38195 [0] NCCL INFO AllReduce: opCount 1f sendbuff 0x2ad9d13afe00 recvbuff 0x2ad9d13afe00 count 1 datatype 1 op 0 root 0 comm 0xa4de650 [nranks=3] stream 0xa4e2400
r1t01:38195:38195 [0] NCCL INFO AllReduce: opCount 20 sendbuff 0x2ad9d13af600 recvbuff 0x2ad9d13af600 count 1 datatype 1 op 0 root 0 comm 0xa4de650 [nranks=3] stream 0xa4e2400
r1t01:38195:38195 [0] NCCL INFO AllReduce: opCount 21 sendbuff 0x2ad9d13afe00 recvbuff 0x2ad9d13afe00 count 1 datatype 4 op 0 root 0 comm 0xa4de650 [nranks=3] stream 0xa4e2400
r1t01:38195:38195 [0] NCCL INFO AllReduce: opCount 22 sendbuff 0x2ad9d13bd800 recvbuff 0x2ad9d13bd800 count 1 datatype 1 op 0 root 0 comm 0xa4de650 [nranks=3] stream 0xa4e2400
r1t01:38195:38195 [0] NCCL INFO AllReduce: opCount 23 sendbuff 0x2ad9d13af600 recvbuff 0x2ad9d13af600 count 1 datatype 4 op 0 root 0 comm 0xa4de650 [nranks=3] stream 0xa4e2400
r1t01:38195:38383 [0] NCCL INFO AllReduce: opCount 24 sendbuff 0x2ada06000000 recvbuff 0x2ada06000000 count 11173962 datatype 7 op 0 root 0 comm 0xa4de650 [nranks=3] stream 0xa4e2400
r1t01:38195:38195 [0] NCCL INFO AllReduce: opCount 25 sendbuff 0x2ad9d13afe00 recvbuff 0x2ad9d13afe00 count 1 datatype 1 op 0 root 0 comm 0xa4de650 [nranks=3] stream 0xa4e2400
r1t01:38195:38195 [0] NCCL INFO AllGather: opCount 26 sendbuff 0x2ad9d13afa00 recvbuff 0x2ad9fd1fe400 count 4 datatype 0 op 0 root 0 comm 0xa4de650 [nranks=3] stream 0xa4e2400
r1t01:38195:38195 [0] NCCL INFO Broadcast: opCount 27 sendbuff 0x2ad9d13ae600 recvbuff 0x2ad9d13ae600 count 252 datatype 0 op 0 root 0 comm 0xa4de650 [nranks=3] stream 0xa4e2400
r1t01:38195:38195 [0] NCCL INFO Broadcast: opCount 28 sendbuff 0x2ad9d13afa00 recvbuff 0x2ad9d13afa00 count 12 datatype 0 op 0 root 0 comm 0xa4de650 [nranks=3] stream 0xa4e2400
r1t01:38195:38195 [0] NCCL INFO Broadcast: opCount 29 sendbuff 0x2adb117f0000 recvbuff 0x2adb117f0000 count 38400 datatype 0 op 0 root 0 comm 0xa4de650 [nranks=3] stream 0xa4e2400
r1t01:38195:38195 [0] NCCL INFO Broadcast: opCount 2a sendbuff 0x2ad9d13ae600 recvbuff 0x2ad9d13ae600 count 160 datatype 0 op 0 root 0 comm 0xa4de650 [nranks=3] stream 0xa4e2400
r1t01:38195:38383 [0] NCCL INFO AllReduce: opCount 2b sendbuff 0x2adaecd00000 recvbuff 0x2adaecd00000 count 2365450 datatype 7 op 0 root 0 comm 0xa4de650 [nranks=3] stream 0xa4e2400
r1t01:38195:38383 [0] NCCL INFO AllReduce: opCount 2c sendbuff 0x2adaed606200 recvbuff 0x2adaed606200 count 6623744 datatype 7 op 0 root 0 comm 0xa4de650 [nranks=3] stream 0xa4e2400
r1t01:38195:38383 [0] NCCL INFO AllReduce: opCount 2d sendbuff 0x2adaeef4aa00 recvbuff 0x2adaeef4aa00 count 2184768 datatype 7 op 0 root 0 comm 0xa4de650 [nranks=3] stream 0xa4e2400
r1t01:38195:38195 [0] NCCL INFO AllReduce: opCount 2e sendbuff 0x2ad9d13ada00 recvbuff 0x2ad9d13ada00 count 1 datatype 1 op 0 root 0 comm 0xa4de650 [nranks=3] stream 0xa4e2400
r1t01:38195:38195 [0] NCCL INFO AllGather: opCount 2f sendbuff 0x2ad9d13afe00 recvbuff 0x2adb117f0e00 count 4 datatype 0 op 0 root 0 comm 0xa4de650 [nranks=3] stream 0xa4e2400
r1t01:38195:38195 [0] NCCL INFO Broadcast: opCount 30 sendbuff 0x2adb11480000 recvbuff 0x2adb11480000 count 38400 datatype 0 op 0 root 0 comm 0xa4de650 [nranks=3] stream 0xa4e2400
r1t01:38195:38195 [0] NCCL INFO Broadcast: opCount 31 sendbuff 0x2ad9d13afa00 recvbuff 0x2ad9d13afa00 count 160 datatype 0 op 0 root 0 comm 0xa4de650 [nranks=3] stream 0xa4e2400
r1t01:38195:38383 [0] NCCL INFO AllReduce: opCount 32 sendbuff 0x2adaecd00000 recvbuff 0x2adaecd00000 count 2365450 datatype 7 op 0 root 0 comm 0xa4de650 [nranks=3] stream 0xa4e2400
r1t01:38195:38383 [0] NCCL INFO AllReduce: opCount 33 sendbuff 0x2adaed606200 recvbuff 0x2adaed606200 count 6623744 datatype 7 op 0 root 0 comm 0xa4de650 [nranks=3] stream 0xa4e2400
r1t01:38195:38383 [0] NCCL INFO AllReduce: opCount 34 sendbuff 0x2adaeef4aa00 recvbuff 0x2adaeef4aa00 count 2184768 datatype 7 op 0 root 0 comm 0xa4de650 [nranks=3] stream 0xa4e2400
r1t01:38195:38195 [0] NCCL INFO AllReduce: opCount 35 sendbuff 0x2ad9d13ae600 recvbuff 0x2ad9d13ae600 count 1 datatype 1 op 0 root 0 comm 0xa4de650 [nranks=3] stream 0xa4e2400
r1t01:38195:38195 [0] NCCL INFO AllGather: opCount 36 sendbuff 0x2ad9d13ada00 recvbuff 0x2ada983f9200 count 4 datatype 0 op 0 root 0 comm 0xa4de650 [nranks=3] stream 0xa4e2400
r1t01:38195:38195 [0] NCCL INFO Broadcast: opCount 37 sendbuff 0x2adb11480000 recvbuff 0x2adb11480000 count 38400 datatype 0 op 0 root 0 comm 0xa4de650 [nranks=3] stream 0xa4e2400
r1t01:38195:38195 [0] NCCL INFO Broadcast: opCount 38 sendbuff 0x2ad9d13ada00 recvbuff 0x2ad9d13ada00 count 160 datatype 0 op 0 root 0 comm 0xa4de650 [nranks=3] stream 0xa4e2400
r1t01:38195:38383 [0] NCCL INFO AllReduce: opCount 39 sendbuff 0x2adaecd00000 recvbuff 0x2adaecd00000 count 2365450 datatype 7 op 0 root 0 comm 0xa4de650 [nranks=3] stream 0xa4e2400
r1t01:38195:38383 [0] NCCL INFO AllReduce: opCount 3a sendbuff 0x2adaed606200 recvbuff 0x2adaed606200 count 6623744 datatype 7 op 0 root 0 comm 0xa4de650 [nranks=3] stream 0xa4e2400
r1t01:38195:38383 [0] NCCL INFO AllReduce: opCount 3b sendbuff 0x2adaeef4aa00 recvbuff 0x2adaeef4aa00 count 2184768 datatype 7 op 0 root 0 comm 0xa4de650 [nranks=3] stream 0xa4e2400
r1t01:38195:38195 [0] NCCL INFO AllReduce: opCount 3c sendbuff 0x2ad9d13afa00 recvbuff 0x2ad9d13afa00 count 1 datatype 1 op 0 root 0 comm 0xa4de650 [nranks=3] stream 0xa4e2400
r1t01:38195:38195 [0] NCCL INFO AllGather: opCount 3d sendbuff 0x2ad9d13ae600 recvbuff 0x2adb117f3e00 count 4 datatype 0 op 0 root 0 comm 0xa4de650 [nranks=3] stream 0xa4e2400
r1t01:38195:38195 [0] NCCL INFO Broadcast: opCount 3e sendbuff 0x2adb11480000 recvbuff 0x2adb11480000 count 38400 datatype 0 op 0 root 0 comm 0xa4de650 [nranks=3] stream 0xa4e2400
r1t01:38195:38195 [0] NCCL INFO Broadcast: opCount 3f sendbuff 0x2ad9d13ae600 recvbuff 0x2ad9d13ae600 count 160 datatype 0 op 0 root 0 comm 0xa4de650 [nranks=3] stream 0xa4e2400
r1t01:38195:38383 [0] NCCL INFO AllReduce: opCount 40 sendbuff 0x2adaecd00000 recvbuff 0x2adaecd00000 count 2365450 datatype 7 op 0 root 0 comm 0xa4de650 [nranks=3] stream 0xa4e2400
r1t01:38195:38383 [0] NCCL INFO AllReduce: opCount 41 sendbuff 0x2adaed606200 recvbuff 0x2adaed606200 count 6623744 datatype 7 op 0 root 0 comm 0xa4de650 [nranks=3] stream 0xa4e2400
r1t01:38195:38383 [0] NCCL INFO AllReduce: opCount 42 sendbuff 0x2adaeef4aa00 recvbuff 0x2adaeef4aa00 count 2184768 datatype 7 op 0 root 0 comm 0xa4de650 [nranks=3] stream 0xa4e2400
r1t01:38195:38195 [0] NCCL INFO AllReduce: opCount 43 sendbuff 0x2ad9d13ada00 recvbuff 0x2ad9d13ada00 count 1 datatype 1 op 0 root 0 comm 0xa4de650 [nranks=3] stream 0xa4e2400
r1t01:38195:38195 [0] NCCL INFO AllGather: opCount 44 sendbuff 0x2ad9d13afa00 recvbuff 0x2ad9d13c7800 count 4 datatype 0 op 0 root 0 comm 0xa4de650 [nranks=3] stream 0xa4e2400
r1t01:38195:38195 [0] NCCL INFO Broadcast: opCount 45 sendbuff 0x2adb117f4400 recvbuff 0x2adb117f4400 count 38400 datatype 0 op 0 root 0 comm 0xa4de650 [nranks=3] stream 0xa4e2400
r1t01:38195:38195 [0] NCCL INFO Broadcast: opCount 46 sendbuff 0x2ad9d13afa00 recvbuff 0x2ad9d13afa00 count 160 datatype 0 op 0 root 0 comm 0xa4de650 [nranks=3] stream 0xa4e2400
r1t01:38195:38383 [0] NCCL INFO AllReduce: opCount 47 sendbuff 0x2adaecd00000 recvbuff 0x2adaecd00000 count 2365450 datatype 7 op 0 root 0 comm 0xa4de650 [nranks=3] stream 0xa4e2400
r1t01:38195:38383 [0] NCCL INFO AllReduce: opCount 48 sendbuff 0x2adaed606200 recvbuff 0x2adaed606200 count 6623744 datatype 7 op 0 root 0 comm 0xa4de650 [nranks=3] stream 0xa4e2400
r1t01:38195:38383 [0] NCCL INFO AllReduce: opCount 49 sendbuff 0x2adaeef4aa00 recvbuff 0x2adaeef4aa00 count 2184768 datatype 7 op 0 root 0 comm 0xa4de650 [nranks=3] stream 0xa4e2400
r1t01:38195:38195 [0] NCCL INFO AllReduce: opCount 4a sendbuff 0x2ad9d13ae600 recvbuff 0x2ad9d13ae600 count 1 datatype 1 op 0 root 0 comm 0xa4de650 [nranks=3] stream 0xa4e2400
r1t01:38195:38195 [0] NCCL INFO AllGather: opCount 4b sendbuff 0x2ad9d13ada00 recvbuff 0x2ad9d13c7800 count 4 datatype 0 op 0 root 0 comm 0xa4de650 [nranks=3] stream 0xa4e2400
r1t01:38195:38195 [0] NCCL INFO Broadcast: opCount 4c sendbuff 0x2adb117f0000 recvbuff 0x2adb117f0000 count 38400 datatype 0 op 0 root 0 comm 0xa4de650 [nranks=3] stream 0xa4e2400
r1t01:38195:38195 [0] NCCL INFO Broadcast: opCount 4d sendbuff 0x2ad9d13ada00 recvbuff 0x2ad9d13ada00 count 160 datatype 0 op 0 root 0 comm 0xa4de650 [nranks=3] stream 0xa4e2400
r1t01:38195:38383 [0] NCCL INFO AllReduce: opCount 4e sendbuff 0x2adaecd00000 recvbuff 0x2adaecd00000 count 2365450 datatype 7 op 0 root 0 comm 0xa4de650 [nranks=3] stream 0xa4e2400
r1t01:38195:38383 [0] NCCL INFO AllReduce: opCount 4f sendbuff 0x2adaed606200 recvbuff 0x2adaed606200 count 6623744 datatype 7 op 0 root 0 comm 0xa4de650 [nranks=3] stream 0xa4e2400
r1t01:38195:38383 [0] NCCL INFO AllReduce: opCount 50 sendbuff 0x2adaeef4aa00 recvbuff 0x2adaeef4aa00 count 2184768 datatype 7 op 0 root 0 comm 0xa4de650 [nranks=3] stream 0xa4e2400
r1t01:38195:38195 [0] NCCL INFO AllReduce: opCount 51 sendbuff 0x2ad9d13afa00 recvbuff 0x2ad9d13afa00 count 1 datatype 1 op 0 root 0 comm 0xa4de650 [nranks=3] stream 0xa4e2400
r1t01:38195:38195 [0] NCCL INFO AllGather: opCount 52 sendbuff 0x2ad9d13ae600 recvbuff 0x2ad9d13b2c00 count 4 datatype 0 op 0 root 0 comm 0xa4de650 [nranks=3] stream 0xa4e2400
r1t01:38195:38195 [0] NCCL INFO Broadcast: opCount 53 sendbuff 0x2adb117f0000 recvbuff 0x2adb117f0000 count 38400 datatype 0 op 0 root 0 comm 0xa4de650 [nranks=3] stream 0xa4e2400
r1t01:38195:38195 [0] NCCL INFO Broadcast: opCount 54 sendbuff 0x2ad9d13ae600 recvbuff 0x2ad9d13ae600 count 160 datatype 0 op 0 root 0 comm 0xa4de650 [nranks=3] stream 0xa4e2400
r1t01:38195:38383 [0] NCCL INFO AllReduce: opCount 55 sendbuff 0x2adaecd00000 recvbuff 0x2adaecd00000 count 2365450 datatype 7 op 0 root 0 comm 0xa4de650 [nranks=3] stream 0xa4e2400
r1t01:38195:38383 [0] NCCL INFO AllReduce: opCount 56 sendbuff 0x2adaed606200 recvbuff 0x2adaed606200 count 6623744 datatype 7 op 0 root 0 comm 0xa4de650 [nranks=3] stream 0xa4e2400
r1t01:38195:38383 [0] NCCL INFO AllReduce: opCount 57 sendbuff 0x2adaeef4aa00 recvbuff 0x2adaeef4aa00 count 2184768 datatype 7 op 0 root 0 comm 0xa4de650 [nranks=3] stream 0xa4e2400
r1t01:38195:38195 [0] NCCL INFO AllReduce: opCount 58 sendbuff 0x2ad9d13ada00 recvbuff 0x2ad9d13ada00 count 1 datatype 1 op 0 root 0 comm 0xa4de650 [nranks=3] stream 0xa4e2400
r1t01:38195:38195 [0] NCCL INFO AllGather: opCount 59 sendbuff 0x2ad9d13afa00 recvbuff 0x2ad9fd1fe400 count 4 datatype 0 op 0 root 0 comm 0xa4de650 [nranks=3] stream 0xa4e2400
r1t01:38195:38195 [0] NCCL INFO Broadcast: opCount 5a sendbuff 0x2adb117f0000 recvbuff 0x2adb117f0000 count 38400 datatype 0 op 0 root 0 comm 0xa4de650 [nranks=3] stream 0xa4e2400
r1t01:38195:38195 [0] NCCL INFO Broadcast: opCount 5b sendbuff 0x2ad9d13afa00 recvbuff 0x2ad9d13afa00 count 160 datatype 0 op 0 root 0 comm 0xa4de650 [nranks=3] stream 0xa4e2400
r1t01:38195:38383 [0] NCCL INFO AllReduce: opCount 5c sendbuff 0x2adaecd00000 recvbuff 0x2adaecd00000 count 2365450 datatype 7 op 0 root 0 comm 0xa4de650 [nranks=3] stream 0xa4e2400
r1t01:38195:38383 [0] NCCL INFO AllReduce: opCount 5d sendbuff 0x2adaed606200 recvbuff 0x2adaed606200 count 6623744 datatype 7 op 0 root 0 comm 0xa4de650 [nranks=3] stream 0xa4e2400
r1t01:38195:38383 [0] NCCL INFO AllReduce: opCount 5e sendbuff 0x2adaeef4aa00 recvbuff 0x2adaeef4aa00 count 2184768 datatype 7 op 0 root 0 comm 0xa4de650 [nranks=3] stream 0xa4e2400
r1t01:38195:38195 [0] NCCL INFO AllReduce: opCount 5f sendbuff 0x2ad9d13ae600 recvbuff 0x2ad9d13ae600 count 1 datatype 1 op 0 root 0 comm 0xa4de650 [nranks=3] stream 0xa4e2400
r1t01:38195:38195 [0] NCCL INFO AllGather: opCount 60 sendbuff 0x2ad9d13ada00 recvbuff 0x2ad9d13b8600 count 4 datatype 0 op 0 root 0 comm 0xa4de650 [nranks=3] stream 0xa4e2400
r1t01:38195:38195 [0] NCCL INFO Broadcast: opCount 61 sendbuff 0x2adb117f0000 recvbuff 0x2adb117f0000 count 38400 datatype 0 op 0 root 0 comm 0xa4de650 [nranks=3] stream 0xa4e2400
r1t01:38195:38195 [0] NCCL INFO Broadcast: opCount 62 sendbuff 0x2ad9d13ada00 recvbuff 0x2ad9d13ada00 count 160 datatype 0 op 0 root 0 comm 0xa4de650 [nranks=3] stream 0xa4e2400
r1t01:38195:38383 [0] NCCL INFO AllReduce: opCount 63 sendbuff 0x2adaecd00000 recvbuff 0x2adaecd00000 count 2365450 datatype 7 op 0 root 0 comm 0xa4de650 [nranks=3] stream 0xa4e2400
r1t01:38195:38383 [0] NCCL INFO AllReduce: opCount 64 sendbuff 0x2adaed606200 recvbuff 0x2adaed606200 count 6623744 datatype 7 op 0 root 0 comm 0xa4de650 [nranks=3] stream 0xa4e2400
r1t01:38195:38383 [0] NCCL INFO AllReduce: opCount 65 sendbuff 0x2adaeef4aa00 recvbuff 0x2adaeef4aa00 count 2184768 datatype 7 op 0 root 0 comm 0xa4de650 [nranks=3] stream 0xa4e2400
r1t01:38195:38195 [0] NCCL INFO AllReduce: opCount 66 sendbuff 0x2ad9d13afa00 recvbuff 0x2ad9d13afa00 count 1 datatype 1 op 0 root 0 comm 0xa4de650 [nranks=3] stream 0xa4e2400
r1t01:38195:38195 [0] NCCL INFO AllGather: opCount 67 sendbuff 0x2ad9d13ae600 recvbuff 0x2ada983fb000 count 4 datatype 0 op 0 root 0 comm 0xa4de650 [nranks=3] stream 0xa4e2400
r1t01:38195:38195 [0] NCCL INFO Broadcast: opCount 68 sendbuff 0x2ad9d13bdc00 recvbuff 0x2ad9d13bdc00 count 38400 datatype 0 op 0 root 0 comm 0xa4de650 [nranks=3] stream 0xa4e2400
r1t01:38195:38195 [0] NCCL INFO Broadcast: opCount 69 sendbuff 0x2ad9d13ae600 recvbuff 0x2ad9d13ae600 count 160 datatype 0 op 0 root 0 comm 0xa4de650 [nranks=3] stream 0xa4e2400
r1t01:38195:38383 [0] NCCL INFO AllReduce: opCount 6a sendbuff 0x2adaecd00000 recvbuff 0x2adaecd00000 count 2365450 datatype 7 op 0 root 0 comm 0xa4de650 [nranks=3] stream 0xa4e2400
r1t01:38195:38383 [0] NCCL INFO AllReduce: opCount 6b sendbuff 0x2adaed606200 recvbuff 0x2adaed606200 count 6623744 datatype 7 op 0 root 0 comm 0xa4de650 [nranks=3] stream 0xa4e2400
r1t01:38195:38383 [0] NCCL INFO AllReduce: opCount 6c sendbuff 0x2adaeef4aa00 recvbuff 0x2adaeef4aa00 count 2184768 datatype 7 op 0 root 0 comm 0xa4de650 [nranks=3] stream 0xa4e2400
r1t01:38195:38195 [0] NCCL INFO AllReduce: opCount 6d sendbuff 0x2ad9d13ada00 recvbuff 0x2ad9d13ada00 count 1 datatype 1 op 0 root 0 comm 0xa4de650 [nranks=3] stream 0xa4e2400
r1t01:38195:38195 [0] NCCL INFO AllGather: opCount 6e sendbuff 0x2ad9d13afa00 recvbuff 0x2ad9fd1fe400 count 4 datatype 0 op 0 root 0 comm 0xa4de650 [nranks=3] stream 0xa4e2400
r1t01:38195:38195 [0] NCCL INFO Broadcast: opCount 6f sendbuff 0x2ad9d13bdc00 recvbuff 0x2ad9d13bdc00 count 38400 datatype 0 op 0 root 0 comm 0xa4de650 [nranks=3] stream 0xa4e2400
r1t01:38195:38195 [0] NCCL INFO Broadcast: opCount 70 sendbuff 0x2ad9d13afa00 recvbuff 0x2ad9d13afa00 count 160 datatype 0 op 0 root 0 comm 0xa4de650 [nranks=3] stream 0xa4e2400
r1t01:38195:38383 [0] NCCL INFO AllReduce: opCount 71 sendbuff 0x2adaecd00000 recvbuff 0x2adaecd00000 count 2365450 datatype 7 op 0 root 0 comm 0xa4de650 [nranks=3] stream 0xa4e2400
r1t01:38195:38383 [0] NCCL INFO AllReduce: opCount 72 sendbuff 0x2adaed606200 recvbuff 0x2adaed606200 count 6623744 datatype 7 op 0 root 0 comm 0xa4de650 [nranks=3] stream 0xa4e2400
r1t01:38195:38383 [0] NCCL INFO AllReduce: opCount 73 sendbuff 0x2adaeef4aa00 recvbuff 0x2adaeef4aa00 count 2184768 datatype 7 op 0 root 0 comm 0xa4de650 [nranks=3] stream 0xa4e2400
r1t01:38195:38195 [0] NCCL INFO AllReduce: opCount 74 sendbuff 0x2ad9d13ae600 recvbuff 0x2ad9d13ae600 count 1 datatype 1 op 0 root 0 comm 0xa4de650 [nranks=3] stream 0xa4e2400
r1t01:38195:38195 [0] NCCL INFO AllGather: opCount 75 sendbuff 0x2ad9d13ada00 recvbuff 0x2ad9d13bbc00 count 4 datatype 0 op 0 root 0 comm 0xa4de650 [nranks=3] stream 0xa4e2400
r1t01:38195:38195 [0] NCCL INFO Broadcast: opCount 76 sendbuff 0x2ad9d13bdc00 recvbuff 0x2ad9d13bdc00 count 38400 datatype 0 op 0 root 0 comm 0xa4de650 [nranks=3] stream 0xa4e2400
r1t01:38195:38195 [0] NCCL INFO Broadcast: opCount 77 sendbuff 0x2ad9d13ada00 recvbuff 0x2ad9d13ada00 count 160 datatype 0 op 0 root 0 comm 0xa4de650 [nranks=3] stream 0xa4e2400
r1t01:38195:38383 [0] NCCL INFO AllReduce: opCount 78 sendbuff 0x2adaecd00000 recvbuff 0x2adaecd00000 count 2365450 datatype 7 op 0 root 0 comm 0xa4de650 [nranks=3] stream 0xa4e2400
r1t01:38195:38383 [0] NCCL INFO AllReduce: opCount 79 sendbuff 0x2adaed606200 recvbuff 0x2adaed606200 count 6623744 datatype 7 op 0 root 0 comm 0xa4de650 [nranks=3] stream 0xa4e2400
r1t01:38195:38383 [0] NCCL INFO AllReduce: opCount 7a sendbuff 0x2adaeef4aa00 recvbuff 0x2adaeef4aa00 count 2184768 datatype 7 op 0 root 0 comm 0xa4de650 [nranks=3] stream 0xa4e2400
r1t01:38195:38195 [0] NCCL INFO AllReduce: opCount 7b sendbuff 0x2ad9d13afa00 recvbuff 0x2ad9d13afa00 count 1 datatype 1 op 0 root 0 comm 0xa4de650 [nranks=3] stream 0xa4e2400
r1t01:38195:38195 [0] NCCL INFO AllGather: opCount 7c sendbuff 0x2ad9d13ae600 recvbuff 0x2ad9fd1fe400 count 4 datatype 0 op 0 root 0 comm 0xa4de650 [nranks=3] stream 0xa4e2400
r1t01:38195:38195 [0] NCCL INFO Broadcast: opCount 7d sendbuff 0x2ad9d13bdc00 recvbuff 0x2ad9d13bdc00 count 38400 datatype 0 op 0 root 0 comm 0xa4de650 [nranks=3] stream 0xa4e2400
r1t01:38195:38195 [0] NCCL INFO Broadcast: opCount 7e sendbuff 0x2ad9d13ae600 recvbuff 0x2ad9d13ae600 count 160 datatype 0 op 0 root 0 comm 0xa4de650 [nranks=3] stream 0xa4e2400
r1t01:38195:38383 [0] NCCL INFO AllReduce: opCount 7f sendbuff 0x2adaecd00000 recvbuff 0x2adaecd00000 count 2365450 datatype 7 op 0 root 0 comm 0xa4de650 [nranks=3] stream 0xa4e2400
r1t01:38195:38383 [0] NCCL INFO AllReduce: opCount 80 sendbuff 0x2adaed606200 recvbuff 0x2adaed606200 count 6623744 datatype 7 op 0 root 0 comm 0xa4de650 [nranks=3] stream 0xa4e2400
r1t01:38195:38383 [0] NCCL INFO AllReduce: opCount 81 sendbuff 0x2adaeef4aa00 recvbuff 0x2adaeef4aa00 count 2184768 datatype 7 op 0 root 0 comm 0xa4de650 [nranks=3] stream 0xa4e2400
r1t01:38195:38195 [0] NCCL INFO AllReduce: opCount 82 sendbuff 0x2ad9d13ada00 recvbuff 0x2ad9d13ada00 count 1 datatype 1 op 0 root 0 comm 0xa4de650 [nranks=3] stream 0xa4e2400
r1t01:38195:38195 [0] NCCL INFO AllGather: opCount 83 sendbuff 0x2ad9d13afa00 recvbuff 0x2ad9d13b6e00 count 4 datatype 0 op 0 root 0 comm 0xa4de650 [nranks=3] stream 0xa4e2400
r1t01:38195:38195 [0] NCCL INFO Broadcast: opCount 84 sendbuff 0x2ad9d13bdc00 recvbuff 0x2ad9d13bdc00 count 38400 datatype 0 op 0 root 0 comm 0xa4de650 [nranks=3] stream 0xa4e2400
r1t01:38195:38195 [0] NCCL INFO Broadcast: opCount 85 sendbuff 0x2ad9d13afa00 recvbuff 0x2ad9d13afa00 count 160 datatype 0 op 0 root 0 comm 0xa4de650 [nranks=3] stream 0xa4e2400
r1t01:38195:38383 [0] NCCL INFO AllReduce: opCount 86 sendbuff 0x2adaecd00000 recvbuff 0x2adaecd00000 count 2365450 datatype 7 op 0 root 0 comm 0xa4de650 [nranks=3] stream 0xa4e2400
r1t01:38195:38383 [0] NCCL INFO AllReduce: opCount 87 sendbuff 0x2adaed606200 recvbuff 0x2adaed606200 count 6623744 datatype 7 op 0 root 0 comm 0xa4de650 [nranks=3] stream 0xa4e2400
r1t01:38195:38383 [0] NCCL INFO AllReduce: opCount 88 sendbuff 0x2adaeef4aa00 recvbuff 0x2adaeef4aa00 count 2184768 datatype 7 op 0 root 0 comm 0xa4de650 [nranks=3] stream 0xa4e2400
r1t01:38195:38195 [0] NCCL INFO AllReduce: opCount 89 sendbuff 0x2ad9d13ae600 recvbuff 0x2ad9d13ae600 count 1 datatype 1 op 0 root 0 comm 0xa4de650 [nranks=3] stream 0xa4e2400
r1t01:38195:38195 [0] NCCL INFO AllGather: opCount 8a sendbuff 0x2ad9d13ada00 recvbuff 0x2ad9d13b7000 count 4 datatype 0 op 0 root 0 comm 0xa4de650 [nranks=3] stream 0xa4e2400
r1t01:38195:38195 [0] NCCL INFO Broadcast: opCount 8b sendbuff 0x2ad9d13bdc00 recvbuff 0x2ad9d13bdc00 count 38400 datatype 0 op 0 root 0 comm 0xa4de650 [nranks=3] stream 0xa4e2400
r1t01:38195:38195 [0] NCCL INFO Broadcast: opCount 8c sendbuff 0x2ad9d13ada00 recvbuff 0x2ad9d13ada00 count 160 datatype 0 op 0 root 0 comm 0xa4de650 [nranks=3] stream 0xa4e2400
r1t01:38195:38383 [0] NCCL INFO AllReduce: opCount 8d sendbuff 0x2adaecd00000 recvbuff 0x2adaecd00000 count 2365450 datatype 7 op 0 root 0 comm 0xa4de650 [nranks=3] stream 0xa4e2400
r1t01:38195:38383 [0] NCCL INFO AllReduce: opCount 8e sendbuff 0x2adaed606200 recvbuff 0x2adaed606200 count 6623744 datatype 7 op 0 root 0 comm 0xa4de650 [nranks=3] stream 0xa4e2400
r1t01:38195:38383 [0] NCCL INFO AllReduce: opCount 8f sendbuff 0x2adaeef4aa00 recvbuff 0x2adaeef4aa00 count 2184768 datatype 7 op 0 root 0 comm 0xa4de650 [nranks=3] stream 0xa4e2400
r1t01:38195:38195 [0] NCCL INFO AllReduce: opCount 90 sendbuff 0x2ad9d13afa00 recvbuff 0x2ad9d13afa00 count 1 datatype 1 op 0 root 0 comm 0xa4de650 [nranks=3] stream 0xa4e2400
