r1t07:64119:64119 [0] NCCL INFO cudaDriverVersion 12030
r1t07:64119:64119 [0] NCCL INFO Bootstrap : Using ib0:10.65.2.75<0>
r1t07:64119:64119 [0] NCCL INFO NET/Plugin : dlerror=dlopen hook: 'libnccl-net.so': cannot open shared object file: No such file or directory No plugin found (libnccl-net.so), using internal implementation
r1t07:64119:64119 [0] NCCL INFO init.cc:1627 Cuda Host Alloc Size 4 pointer 0x2ba1b5400000
r1t07:64119:64119 [0] NCCL INFO Comm config Blocking set to 0
r1t07:64119:64258 [0] NCCL INFO NET/IB : Using [0]mlx5_0:1/IB [RO]; OOB ib0:10.65.2.75<0>
r1t07:64119:64258 [0] NCCL INFO Using non-device net plugin version 0
r1t07:64119:64258 [0] NCCL INFO Using network IB
r1t07:64119:64258 [0] NCCL INFO comm 0x9cc7f70 rank 2 nranks 3 cudaDev 0 nvmlDev 0 busId 81000 commId 0xe7f2bd01c4f185be - Init START
r1t07:64119:64258 [0] NCCL INFO NET/IB : GPU Direct RDMA Enabled for HCA 0 'mlx5_0'
r1t07:64119:64258 [0] NCCL INFO GPU Direct RDMA Disabled for GPU 81000 / HCA 0 (distance 7 > 4)
r1t07:64119:64258 [0] NCCL INFO GPU Direct RDMA Disabled for GPU 81000 / HCA 0 (distance 7 > 4)
r1t07:64119:64258 [0] NCCL INFO === System : maxBw 12.0 totalBw 12.0 ===
r1t07:64119:64258 [0] NCCL INFO CPU/7 (1/2/-1)
r1t07:64119:64258 [0] NCCL INFO + SYS[16.0] - CPU/5
r1t07:64119:64258 [0] NCCL INFO + PCI[12.0] - GPU/81000 (2)
r1t07:64119:64258 [0] NCCL INFO CPU/5 (1/2/-1)
r1t07:64119:64258 [0] NCCL INFO + SYS[16.0] - CPU/7
r1t07:64119:64258 [0] NCCL INFO + PCI[12.0] - NIC/C1000
r1t07:64119:64258 [0] NCCL INFO               + NET[12.5] - NET/0 (30f5270003a1420c/1/12.500000)
r1t07:64119:64258 [0] NCCL INFO ==========================================
r1t07:64119:64258 [0] NCCL INFO GPU/81000 :GPU/81000 (0/5000.000000/LOC) CPU/7 (1/12.000000/PHB) CPU/5 (2/12.000000/SYS) NET/0 (4/12.000000/SYS) 
r1t07:64119:64258 [0] NCCL INFO NET/0 :GPU/81000 (4/12.000000/SYS) CPU/7 (3/12.000000/SYS) CPU/5 (2/12.000000/PHB) NET/0 (0/5000.000000/LOC) 
r1t07:64119:64258 [0] NCCL INFO Pattern 4, crossNic 0, nChannels 1, bw 10.000000/10.000000, type LOC/SYS, sameChannels 1
r1t07:64119:64258 [0] NCCL INFO  0 : NET/0 GPU/2 NET/0
r1t07:64119:64258 [0] NCCL INFO Pattern 3, crossNic 0, nChannels 1, bw 20.000000/10.000000, type LOC/SYS, sameChannels 1
r1t07:64119:64258 [0] NCCL INFO  0 : NET/0 GPU/2 NET/0
r1t07:64119:64258 [0] NCCL INFO Tree 0 : 0 -> 2 -> 1/-1/-1
r1t07:64119:64258 [0] NCCL INFO Tree 1 : 0 -> 2 -> -1/-1/-1
r1t07:64119:64258 [0] NCCL INFO Ring 00 : 1 -> 2 -> 0
r1t07:64119:64258 [0] NCCL INFO Ring 01 : 1 -> 2 -> 0
r1t07:64119:64258 [0] NCCL INFO Trees [0] 1/-1/-1->2->0 [1] -1/-1/-1->2->0
r1t07:64119:64258 [0] NCCL INFO P2P Chunksize set to 131072
r1t07:64119:64258 [0] NCCL INFO misc/utils.cc:235 memory stack hunk malloc(65536)
r1t07:64119:64258 [0] NCCL INFO channel.cc:40 Cuda Alloc Size 1824 pointer 0x2ba1ccc00000
r1t07:64119:64258 [0] NCCL INFO channel.cc:43 Cuda Alloc Size 40 pointer 0x2ba1cce00000
r1t07:64119:64258 [0] NCCL INFO channel.cc:54 Cuda Alloc Size 12 pointer 0x2ba1cd000000
r1t07:64119:64258 [0] NCCL INFO channel.cc:40 Cuda Alloc Size 1824 pointer 0x2ba1cd200000
r1t07:64119:64258 [0] NCCL INFO channel.cc:43 Cuda Alloc Size 40 pointer 0x2ba1cd400000
r1t07:64119:64258 [0] NCCL INFO channel.cc:54 Cuda Alloc Size 12 pointer 0x2ba1cd600000
r1t07:64119:64258 [0] NCCL INFO GPU Direct RDMA Disabled for GPU 81000 / HCA 0 (distance 7 > 4)
r1t07:64119:64269 [0] NCCL INFO Mem Realloc old size 0, new size 8 pointer 0x2ba1d4002f10
r1t07:64119:64269 [0] NCCL INFO Allocated 4194660 bytes of shared memory in /dev/shm/nccl-ZIgVxT
r1t07:64119:64269 [0] NCCL INFO New proxy recv connection 0 from local rank 0, transport 2
r1t07:64119:64269 [0] NCCL INFO proxyProgressAsync opId=0x2ba1c36a4a30 op.type=1 op.reqBuff=0x2ba1d4002eb0 op.respSize=16 done
r1t07:64119:64269 [0] NCCL INFO Received and initiated operation=Init res=0
r1t07:64119:64258 [0] NCCL INFO ncclPollProxyResponse Received new opId=0x2ba1c36a4a30
r1t07:64119:64258 [0] NCCL INFO resp.opId=0x2ba1c36a4a30 matches expected opId=0x2ba1c36a4a30
r1t07:64119:64258 [0] NCCL INFO Connected to proxy localRank 0 -> connection 0x2ba1d4006240
r1t07:64119:64269 [0] NCCL INFO proxyProgressAsync opId=0x2ba1c36a4a30 op.type=3 op.reqBuff=0x2ba1d4002f90 op.respSize=128 done
r1t07:64119:64269 [0] NCCL INFO Received and initiated operation=Setup res=0
r1t07:64119:64258 [0] NCCL INFO ncclPollProxyResponse Received new opId=0x2ba1c36a4a30
r1t07:64119:64258 [0] NCCL INFO resp.opId=0x2ba1c36a4a30 matches expected opId=0x2ba1c36a4a30
r1t07:64119:64258 [0] NCCL INFO Channel 00/0 : 1[0] -> 2[0] [receive] via NET/IB/0
r1t07:64119:64258 [0] NCCL INFO GPU Direct RDMA Disabled for GPU 81000 / HCA 0 (distance 7 > 4)
r1t07:64119:64269 [0] NCCL INFO New proxy recv connection 1 from local rank 0, transport 2
r1t07:64119:64269 [0] NCCL INFO proxyProgressAsync opId=0x2ba1c36a4a30 op.type=1 op.reqBuff=0x2ba1d4002ef0 op.respSize=16 done
r1t07:64119:64269 [0] NCCL INFO Received and initiated operation=Init res=0
r1t07:64119:64258 [0] NCCL INFO ncclPollProxyResponse Received new opId=0x2ba1c36a4a30
r1t07:64119:64258 [0] NCCL INFO resp.opId=0x2ba1c36a4a30 matches expected opId=0x2ba1c36a4a30
r1t07:64119:64258 [0] NCCL INFO Connected to proxy localRank 0 -> connection 0x2ba1d40062b8
r1t07:64119:64269 [0] NCCL INFO proxyProgressAsync opId=0x2ba1c36a4a30 op.type=3 op.reqBuff=0x2ba1d4002f90 op.respSize=128 done
r1t07:64119:64269 [0] NCCL INFO Received and initiated operation=Setup res=0
r1t07:64119:64258 [0] NCCL INFO ncclPollProxyResponse Received new opId=0x2ba1c36a4a30
r1t07:64119:64258 [0] NCCL INFO resp.opId=0x2ba1c36a4a30 matches expected opId=0x2ba1c36a4a30
r1t07:64119:64258 [0] NCCL INFO Channel 01/0 : 1[0] -> 2[0] [receive] via NET/IB/0
r1t07:64119:64258 [0] NCCL INFO GPU Direct RDMA Disabled for GPU 81000 / HCA 0 (distance 7 > 4)
r1t07:64119:64269 [0] NCCL INFO New proxy send connection 2 from local rank 0, transport 2
r1t07:64119:64269 [0] NCCL INFO proxyProgressAsync opId=0x2ba1c36a4a30 op.type=1 op.reqBuff=0x2ba1d4002eb0 op.respSize=16 done
r1t07:64119:64269 [0] NCCL INFO Received and initiated operation=Init res=0
r1t07:64119:64258 [0] NCCL INFO ncclPollProxyResponse Received new opId=0x2ba1c36a4a30
r1t07:64119:64258 [0] NCCL INFO resp.opId=0x2ba1c36a4a30 matches expected opId=0x2ba1c36a4a30
r1t07:64119:64258 [0] NCCL INFO Connected to proxy localRank 0 -> connection 0x2ba1d4006330
r1t07:64119:64269 [0] NCCL INFO proxyProgressAsync opId=0x2ba1c36a4a30 op.type=3 op.reqBuff=0x2ba1d4002f90 op.respSize=0 done
r1t07:64119:64269 [0] NCCL INFO Received and initiated operation=Setup res=0
r1t07:64119:64258 [0] NCCL INFO ncclPollProxyResponse Received new opId=0x2ba1c36a4a30
r1t07:64119:64258 [0] NCCL INFO resp.opId=0x2ba1c36a4a30 matches expected opId=0x2ba1c36a4a30
r1t07:64119:64258 [0] NCCL INFO Channel 00/0 : 2[0] -> 0[0] [send] via NET/IB/0
r1t07:64119:64258 [0] NCCL INFO GPU Direct RDMA Disabled for GPU 81000 / HCA 0 (distance 7 > 4)
r1t07:64119:64269 [0] NCCL INFO New proxy send connection 3 from local rank 0, transport 2
r1t07:64119:64269 [0] NCCL INFO proxyProgressAsync opId=0x2ba1c36a4a30 op.type=1 op.reqBuff=0x2ba1d4002ef0 op.respSize=16 done
r1t07:64119:64269 [0] NCCL INFO Received and initiated operation=Init res=0
r1t07:64119:64258 [0] NCCL INFO ncclPollProxyResponse Received new opId=0x2ba1c36a4a30
r1t07:64119:64258 [0] NCCL INFO resp.opId=0x2ba1c36a4a30 matches expected opId=0x2ba1c36a4a30
r1t07:64119:64258 [0] NCCL INFO Connected to proxy localRank 0 -> connection 0x2ba1d40063a8
r1t07:64119:64269 [0] NCCL INFO proxyProgressAsync opId=0x2ba1c36a4a30 op.type=3 op.reqBuff=0x2ba1d4002f90 op.respSize=0 done
r1t07:64119:64269 [0] NCCL INFO Received and initiated operation=Setup res=0
r1t07:64119:64258 [0] NCCL INFO ncclPollProxyResponse Received new opId=0x2ba1c36a4a30
r1t07:64119:64258 [0] NCCL INFO resp.opId=0x2ba1c36a4a30 matches expected opId=0x2ba1c36a4a30
r1t07:64119:64258 [0] NCCL INFO Channel 01/0 : 2[0] -> 0[0] [send] via NET/IB/0
r1t07:64119:64258 [0] NCCL INFO sendConnect ncclProxyCallAsync opId=0x2ba1c3688ba0
r1t07:64119:64258 [0] NCCL INFO recvConnect ncclProxyCallAsync opId=0x2ba1c3689088 &recv->proxyConn=0x2ba1c3689090 connectInfo=0x2ba1c36a2970
r1t07:64119:64258 [0] NCCL INFO sendConnect ncclProxyCallAsync opId=0x2ba1c369db50
r1t07:64119:64258 [0] NCCL INFO recvConnect ncclProxyCallAsync opId=0x2ba1c369e038 &recv->proxyConn=0x2ba1c369e040 connectInfo=0x2ba1c36a29f0
r1t07:64119:64269 [0] NCCL INFO transport/net_ib.cc:633 Ib Alloc Size 102424 pointer 0x2ba1d4024000
r1t07:64119:64269 [0] NCCL INFO NET/IB: Dev 0 Port 1 qpn 123997 mtu 5 LID 57
r1t07:64119:64269 [0] NCCL INFO transport/net_ib.cc:696 Ib Alloc Size 2600 pointer 0x2ba1d4084000
r1t07:64119:64269 [0] NCCL INFO Received and initiated operation=Connect res=0
r1t07:64119:64269 [0] NCCL INFO transport/net_ib.cc:765 Ib Alloc Size 85256 pointer 0x2ba1d408b000
r1t07:64119:64269 [0] NCCL INFO transport/net_ib.cc:778 Ib Alloc Size 2600 pointer 0x2ba1d40a1000
r1t07:64119:64269 [0] NCCL INFO transport/net_ib.cc:868 Ib Alloc Size 2600 pointer 0x2ba1d40a1000
r1t07:64119:64269 [0] NCCL INFO Received and initiated operation=Connect res=0
r1t07:64119:64269 [0] NCCL INFO transport/net_ib.cc:633 Ib Alloc Size 102424 pointer 0x2ba1d410d000
r1t07:64119:64269 [0] NCCL INFO NET/IB: Dev 0 Port 1 qpn 124000 mtu 5 LID 57
r1t07:64119:64269 [0] NCCL INFO transport/net_ib.cc:696 Ib Alloc Size 2600 pointer 0x2ba1d4163000
r1t07:64119:64269 [0] NCCL INFO Received and initiated operation=Connect res=0
r1t07:64119:64269 [0] NCCL INFO transport/net.cc:735 Cuda Host Alloc Size 9641984 pointer 0x2ba1dc000000
r1t07:64119:64269 [0] NCCL INFO Mem Realloc old size 0, new size 768 pointer 0x2ba1d4140440
r1t07:64119:64269 [0] NCCL INFO proxyProgressAsync opId=0x2ba1c3688ba0 op.type=4 op.reqBuff=0x2ba1d4009e50 op.respSize=21040 done
r1t07:64119:64269 [0] NCCL INFO transport/net_ib.cc:765 Ib Alloc Size 85256 pointer 0x2ba1d4165000
r1t07:64119:64269 [0] NCCL INFO transport/net_ib.cc:778 Ib Alloc Size 2600 pointer 0x2ba1d417b000
r1t07:64119:64258 [0] NCCL INFO ncclPollProxyResponse Received new opId=0x2ba1c3688ba0
r1t07:64119:64258 [0] NCCL INFO Queuing opId=0x2ba1c3688ba0 respBuff=0x2ba1c36cfd50 respSize=21040
r1t07:64119:64258 [0] NCCL INFO ncclPollProxyResponse Dequeued cached opId=0x2ba1c3688ba0
r1t07:64119:64258 [0] NCCL INFO sendConnect ncclPollProxyResponse opId=0x2ba1c3688ba0
r1t07:64119:64269 [0] NCCL INFO transport/net_ib.cc:868 Ib Alloc Size 2600 pointer 0x2ba1d417b000
r1t07:64119:64269 [0] NCCL INFO Received and initiated operation=Connect res=0
r1t07:64119:64269 [0] NCCL INFO transport/net.cc:735 Cuda Host Alloc Size 9641984 pointer 0x2ba1dca00000
r1t07:64119:64269 [0] NCCL INFO proxyProgressAsync opId=0x2ba1c369db50 op.type=4 op.reqBuff=0x2ba1d4059e20 op.respSize=21040 done
r1t07:64119:64269 [0] NCCL INFO transport/net.cc:883 Cuda Host Alloc Size 9641984 pointer 0x2ba1dd400000
r1t07:64119:64258 [0] NCCL INFO ncclPollProxyResponse Received new opId=0x2ba1c369db50
r1t07:64119:64258 [0] NCCL INFO Queuing opId=0x2ba1c369db50 respBuff=0x2ba1c36cfd50 respSize=21040
r1t07:64119:64258 [0] NCCL INFO ncclPollProxyResponse Dequeued cached opId=0x2ba1c369db50
r1t07:64119:64258 [0] NCCL INFO sendConnect ncclPollProxyResponse opId=0x2ba1c369db50
r1t07:64119:64269 [0] NCCL INFO proxyProgressAsync opId=0x2ba1c3689088 op.type=4 op.reqBuff=0x2ba1d4002eb0 op.respSize=21040 done
r1t07:64119:64269 [0] NCCL INFO transport/net.cc:883 Cuda Host Alloc Size 9641984 pointer 0x2ba1de000000
r1t07:64119:64258 [0] NCCL INFO ncclPollProxyResponse Received new opId=0x2ba1c3689088
r1t07:64119:64258 [0] NCCL INFO Queuing opId=0x2ba1c3689088 respBuff=0x2ba1c36c0630 respSize=21040
r1t07:64119:64258 [0] NCCL INFO ncclPollProxyResponse Dequeued cached opId=0x2ba1c3689088
r1t07:64119:64258 [0] NCCL INFO recvConnect ncclPollProxyResponse opId=0x2ba1c3689088
r1t07:64119:64269 [0] NCCL INFO proxyProgressAsync opId=0x2ba1c369e038 op.type=4 op.reqBuff=0x2ba1d4023fd0 op.respSize=21040 done
r1t07:64119:64258 [0] NCCL INFO ncclPollProxyResponse Received new opId=0x2ba1c369e038
r1t07:64119:64258 [0] NCCL INFO resp.opId=0x2ba1c369e038 matches expected opId=0x2ba1c369e038
r1t07:64119:64258 [0] NCCL INFO recvConnect ncclPollProxyResponse opId=0x2ba1c369e038
r1t07:64119:64258 [0] NCCL INFO Connected all rings
r1t07:64119:64258 [0] NCCL INFO GPU Direct RDMA Disabled for GPU 81000 / HCA 0 (distance 7 > 4)
r1t07:64119:64269 [0] NCCL INFO New proxy recv connection 4 from local rank 0, transport 2
r1t07:64119:64269 [0] NCCL INFO proxyProgressAsync opId=0x2ba1c36a4a30 op.type=1 op.reqBuff=0x2ba1d41bf9b0 op.respSize=16 done
r1t07:64119:64269 [0] NCCL INFO Received and initiated operation=Init res=0
r1t07:64119:64258 [0] NCCL INFO ncclPollProxyResponse Received new opId=0x2ba1c36a4a30
r1t07:64119:64258 [0] NCCL INFO resp.opId=0x2ba1c36a4a30 matches expected opId=0x2ba1c36a4a30
r1t07:64119:64258 [0] NCCL INFO Connected to proxy localRank 0 -> connection 0x2ba1d4006420
r1t07:64119:64269 [0] NCCL INFO proxyProgressAsync opId=0x2ba1c36a4a30 op.type=3 op.reqBuff=0x2ba1d4023fd0 op.respSize=128 done
r1t07:64119:64269 [0] NCCL INFO Received and initiated operation=Setup res=0
r1t07:64119:64258 [0] NCCL INFO ncclPollProxyResponse Received new opId=0x2ba1c36a4a30
r1t07:64119:64258 [0] NCCL INFO resp.opId=0x2ba1c36a4a30 matches expected opId=0x2ba1c36a4a30
r1t07:64119:64258 [0] NCCL INFO Channel 00/0 : 0[0] -> 2[0] [receive] via NET/IB/0
r1t07:64119:64258 [0] NCCL INFO GPU Direct RDMA Disabled for GPU 81000 / HCA 0 (distance 7 > 4)
r1t07:64119:64269 [0] NCCL INFO New proxy recv connection 5 from local rank 0, transport 2
r1t07:64119:64269 [0] NCCL INFO proxyProgressAsync opId=0x2ba1c36a4a30 op.type=1 op.reqBuff=0x2ba1d400f1f0 op.respSize=16 done
r1t07:64119:64269 [0] NCCL INFO Received and initiated operation=Init res=0
r1t07:64119:64258 [0] NCCL INFO ncclPollProxyResponse Received new opId=0x2ba1c36a4a30
r1t07:64119:64258 [0] NCCL INFO resp.opId=0x2ba1c36a4a30 matches expected opId=0x2ba1c36a4a30
r1t07:64119:64258 [0] NCCL INFO Connected to proxy localRank 0 -> connection 0x2ba1d4006498
r1t07:64119:64269 [0] NCCL INFO proxyProgressAsync opId=0x2ba1c36a4a30 op.type=3 op.reqBuff=0x2ba1d4023fd0 op.respSize=128 done
r1t07:64119:64269 [0] NCCL INFO Received and initiated operation=Setup res=0
r1t07:64119:64258 [0] NCCL INFO ncclPollProxyResponse Received new opId=0x2ba1c36a4a30
r1t07:64119:64258 [0] NCCL INFO resp.opId=0x2ba1c36a4a30 matches expected opId=0x2ba1c36a4a30
r1t07:64119:64258 [0] NCCL INFO Channel 01/0 : 0[0] -> 2[0] [receive] via NET/IB/0
r1t07:64119:64258 [0] NCCL INFO GPU Direct RDMA Disabled for GPU 81000 / HCA 0 (distance 7 > 4)
r1t07:64119:64269 [0] NCCL INFO New proxy send connection 6 from local rank 0, transport 2
r1t07:64119:64269 [0] NCCL INFO proxyProgressAsync opId=0x2ba1c36a4a30 op.type=1 op.reqBuff=0x2ba1d41bf9b0 op.respSize=16 done
r1t07:64119:64269 [0] NCCL INFO Received and initiated operation=Init res=0
r1t07:64119:64258 [0] NCCL INFO ncclPollProxyResponse Received new opId=0x2ba1c36a4a30
r1t07:64119:64258 [0] NCCL INFO resp.opId=0x2ba1c36a4a30 matches expected opId=0x2ba1c36a4a30
r1t07:64119:64258 [0] NCCL INFO Connected to proxy localRank 0 -> connection 0x2ba1d4006510
r1t07:64119:64269 [0] NCCL INFO proxyProgressAsync opId=0x2ba1c36a4a30 op.type=3 op.reqBuff=0x2ba1d4023fd0 op.respSize=0 done
r1t07:64119:64269 [0] NCCL INFO Received and initiated operation=Setup res=0
r1t07:64119:64258 [0] NCCL INFO ncclPollProxyResponse Received new opId=0x2ba1c36a4a30
r1t07:64119:64258 [0] NCCL INFO resp.opId=0x2ba1c36a4a30 matches expected opId=0x2ba1c36a4a30
r1t07:64119:64258 [0] NCCL INFO Channel 00/0 : 2[0] -> 1[0] [send] via NET/IB/0
r1t07:64119:64258 [0] NCCL INFO sendConnect ncclProxyCallAsync opId=0x2ba1c3688ee8
r1t07:64119:64258 [0] NCCL INFO recvConnect ncclProxyCallAsync opId=0x2ba1c3688d40 &recv->proxyConn=0x2ba1c3688d48 connectInfo=0x2ba1c36a4ae0
r1t07:64119:64258 [0] NCCL INFO recvConnect ncclProxyCallAsync opId=0x2ba1c369dcf0 &recv->proxyConn=0x2ba1c369dcf8 connectInfo=0x2ba1c36a4b60
r1t07:64119:64269 [0] NCCL INFO transport/net_ib.cc:633 Ib Alloc Size 102424 pointer 0x2ba1d41ec000
r1t07:64119:64269 [0] NCCL INFO NET/IB: Dev 0 Port 1 qpn 124003 mtu 5 LID 57
r1t07:64119:64269 [0] NCCL INFO transport/net_ib.cc:696 Ib Alloc Size 2600 pointer 0x2ba1d423e000
r1t07:64119:64269 [0] NCCL INFO Received and initiated operation=Connect res=0
r1t07:64119:64269 [0] NCCL INFO transport/net_ib.cc:765 Ib Alloc Size 85256 pointer 0x2ba1d4245000
r1t07:64119:64269 [0] NCCL INFO transport/net_ib.cc:778 Ib Alloc Size 2600 pointer 0x2ba1d425b000
r1t07:64119:64269 [0] NCCL INFO Received and initiated operation=Connect res=0
r1t07:64119:64269 [0] NCCL INFO transport/net_ib.cc:765 Ib Alloc Size 85256 pointer 0x2ba1d4262000
r1t07:64119:64269 [0] NCCL INFO Received and initiated operation=Connect res=0
r1t07:64119:64269 [0] NCCL INFO transport/net_ib.cc:868 Ib Alloc Size 2600 pointer 0x2ba1d42dd000
r1t07:64119:64269 [0] NCCL INFO transport/net_ib.cc:778 Ib Alloc Size 2600 pointer 0x2ba1d42df000
r1t07:64119:64269 [0] NCCL INFO transport/net_ib.cc:868 Ib Alloc Size 2600 pointer 0x2ba1d42df000
r1t07:64119:64269 [0] NCCL INFO transport/net.cc:883 Cuda Host Alloc Size 9641984 pointer 0x2ba1dea00000
r1t07:64119:64269 [0] NCCL INFO proxyProgressAsync opId=0x2ba1c3688d40 op.type=4 op.reqBuff=0x2ba1d4023fd0 op.respSize=21040 done
r1t07:64119:64269 [0] NCCL INFO transport/net.cc:735 Cuda Host Alloc Size 9641984 pointer 0x2ba1df400000
r1t07:64119:64258 [0] NCCL INFO ncclPollProxyResponse Received new opId=0x2ba1c3688d40
r1t07:64119:64258 [0] NCCL INFO Queuing opId=0x2ba1c3688d40 respBuff=0x2ba1c36df3e0 respSize=21040
r1t07:64119:64258 [0] NCCL INFO ncclPollProxyResponse Dequeued cached opId=0x2ba1c3688d40
r1t07:64119:64258 [0] NCCL INFO recvConnect ncclPollProxyResponse opId=0x2ba1c3688d40
r1t07:64119:64269 [0] NCCL INFO proxyProgressAsync opId=0x2ba1c3688ee8 op.type=4 op.reqBuff=0x2ba1d41bf9b0 op.respSize=21040 done
r1t07:64119:64269 [0] NCCL INFO transport/net.cc:883 Cuda Host Alloc Size 9641984 pointer 0x2ba1e0000000
r1t07:64119:64258 [0] NCCL INFO ncclPollProxyResponse Received new opId=0x2ba1c3688ee8
r1t07:64119:64258 [0] NCCL INFO Queuing opId=0x2ba1c3688ee8 respBuff=0x2ba1c36cfd20 respSize=21040
r1t07:64119:64258 [0] NCCL INFO ncclPollProxyResponse Dequeued cached opId=0x2ba1c3688ee8
r1t07:64119:64258 [0] NCCL INFO sendConnect ncclPollProxyResponse opId=0x2ba1c3688ee8
r1t07:64119:64269 [0] NCCL INFO proxyProgressAsync opId=0x2ba1c369dcf0 op.type=4 op.reqBuff=0x2ba1d41bfe70 op.respSize=21040 done
r1t07:64119:64258 [0] NCCL INFO ncclPollProxyResponse Received new opId=0x2ba1c369dcf0
r1t07:64119:64258 [0] NCCL INFO resp.opId=0x2ba1c369dcf0 matches expected opId=0x2ba1c369dcf0
r1t07:64119:64258 [0] NCCL INFO recvConnect ncclPollProxyResponse opId=0x2ba1c369dcf0
r1t07:64119:64258 [0] NCCL INFO Connected all trees
r1t07:64119:64258 [0] NCCL INFO threadThresholds 8/8/64 | 24/8/64 | 512 | 512
r1t07:64119:64258 [0] NCCL INFO 2 coll channels, 0 nvls channels, 2 p2p channels, 2 p2p channels per peer
r1t07:64119:64269 [0] NCCL INFO New proxy send connection 7 from local rank 0, transport 2
r1t07:64119:64269 [0] NCCL INFO proxyProgressAsync opId=0x2ba1c36a2930 op.type=1 op.reqBuff=0x2ba1d41bfe70 op.respSize=16 done
r1t07:64119:64269 [0] NCCL INFO Received and initiated operation=Init res=0
r1t07:64119:64258 [0] NCCL INFO ncclPollProxyResponse Received new opId=0x2ba1c36a2930
r1t07:64119:64258 [0] NCCL INFO resp.opId=0x2ba1c36a2930 matches expected opId=0x2ba1c36a2930
r1t07:64119:64258 [0] NCCL INFO Connected to proxy localRank 0 -> connection 0x2ba1d4006588
r1t07:64119:64269 [0] NCCL INFO Allocated shareable buffer 0x2ba1e0a00000 size 4194304 ipcDesc 0x2ba1d4323508
r1t07:64119:64269 [0] NCCL INFO proxyProgressAsync opId=0x2ba1c36a2930 op.type=2 op.reqBuff=0x2ba1d41bfe70 op.respSize=0 done
r1t07:64119:64269 [0] NCCL INFO Received and initiated operation=SharedInit res=0
r1t07:64119:64258 [0] NCCL INFO ncclPollProxyResponse Received new opId=0x2ba1c36a2930
r1t07:64119:64258 [0] NCCL INFO resp.opId=0x2ba1c36a2930 matches expected opId=0x2ba1c36a2930
r1t07:64119:64258 [0] NCCL INFO init.cc:415 Cuda Alloc Size 7744 pointer 0x2ba1e0e00000
r1t07:64119:64258 [0] NCCL INFO init.cc:441 Cuda Host Alloc Size 33554432 pointer 0x2ba1e2000000
r1t07:64119:64258 [0] NCCL INFO init.cc:447 Cuda Host Alloc Size 128 pointer 0x2ba1b5400200
r1t07:64119:64258 [0] NCCL INFO Tuner: plugin load '(null)' returned error (11 : (null)), using default tuner instead.
r1t07:64119:64258 [0] NCCL INFO comm 0x9cc7f70 rank 2 nranks 3 cudaDev 0 nvmlDev 0 busId 81000 commId 0xe7f2bd01c4f185be - Init COMPLETE
r1t07:64119:64119 [0] NCCL INFO Broadcast: opCount 0 sendbuff 0x2ba1b5200000 recvbuff 0x2ba1b5200000 count 8 datatype 0 op 0 root 0 comm 0x9cc7f70 [nranks=3] stream 0x9ccbc80
r1t07:64119:64119 [0] NCCL INFO misc/utils.cc:235 memory stack hunk malloc(65536)
r1t07:64119:64119 [0] NCCL INFO Broadcast: opCount 1 sendbuff 0x2ba1b5200200 recvbuff 0x2ba1b5200200 count 119 datatype 0 op 0 root 0 comm 0x9cc7f70 [nranks=3] stream 0x9ccbc80
r1t07:64119:64119 [0] NCCL INFO AllReduce: opCount 2 sendbuff 0x2ba1b5200200 recvbuff 0x2ba1b5200200 count 1 datatype 1 op 0 root 0 comm 0x9cc7f70 [nranks=3] stream 0x9ccbc80
r1t07:64119:64119 [0] NCCL INFO AllReduce: opCount 3 sendbuff 0x2ba1b5200000 recvbuff 0x2ba1b5200000 count 1 datatype 1 op 0 root 0 comm 0x9cc7f70 [nranks=3] stream 0x9ccbc80
r1t07:64119:64119 [0] NCCL INFO AllGather: opCount 4 sendbuff 0x2ba1eb400000 recvbuff 0x2ba1eb400800 count 8 datatype 0 op 0 root 0 comm 0x9cc7f70 [nranks=3] stream 0x9ccbc80
r1t07:64119:64119 [0] NCCL INFO Broadcast: opCount 5 sendbuff 0x2ba1eb400800 recvbuff 0x2ba1eb400800 count 1968 datatype 0 op 0 root 0 comm 0x9cc7f70 [nranks=3] stream 0x9ccbc80
r1t07:64119:64119 [0] NCCL INFO Broadcast: opCount 6 sendbuff 0x2ba1ec000000 recvbuff 0x2ba1ec000000 count 44734248 datatype 0 op 0 root 0 comm 0x9cc7f70 [nranks=3] stream 0x9ccbc80
r1t07:64119:64119 [0] NCCL INFO Broadcast: opCount 7 sendbuff 0x2ba1eb400000 recvbuff 0x2ba1eb400000 count 160 datatype 0 op 0 root 0 comm 0x9cc7f70 [nranks=3] stream 0x9ccbc80
r1t07:64119:64119 [0] NCCL INFO AllReduce: opCount 8 sendbuff 0x2ba1b5200200 recvbuff 0x2ba1b5200200 count 1 datatype 1 op 0 root 0 comm 0x9cc7f70 [nranks=3] stream 0x9ccbc80
r1t07:64119:64119 [0] NCCL INFO AllReduce: opCount 9 sendbuff 0x2ba1b53afc00 recvbuff 0x2ba1b53afc00 count 1 datatype 1 op 0 root 0 comm 0x9cc7f70 [nranks=3] stream 0x9ccbc80
r1t07:64119:64119 [0] NCCL INFO AllReduce: opCount a sendbuff 0x2ba1b5200200 recvbuff 0x2ba1b5200200 count 1 datatype 1 op 0 root 0 comm 0x9cc7f70 [nranks=3] stream 0x9ccbc80
r1t07:64119:64119 [0] NCCL INFO AllReduce: opCount b sendbuff 0x2ba1b53afc00 recvbuff 0x2ba1b53afc00 count 1 datatype 1 op 0 root 0 comm 0x9cc7f70 [nranks=3] stream 0x9ccbc80
r1t07:64119:64119 [0] NCCL INFO AllReduce: opCount c sendbuff 0x2ba1b5200200 recvbuff 0x2ba1b5200200 count 1 datatype 4 op 0 root 0 comm 0x9cc7f70 [nranks=3] stream 0x9ccbc80
r1t07:64119:64119 [0] NCCL INFO Broadcast: opCount d sendbuff 0x2ba1b53b1000 recvbuff 0x2ba1b53b1000 count 38400 datatype 0 op 0 root 0 comm 0x9cc7f70 [nranks=3] stream 0x9ccbc80
r1t07:64119:64119 [0] NCCL INFO Broadcast: opCount e sendbuff 0x2ba1b5200200 recvbuff 0x2ba1b5200200 count 160 datatype 0 op 0 root 0 comm 0x9cc7f70 [nranks=3] stream 0x9ccbc80
r1t07:64119:64119 [0] NCCL INFO AllReduce: opCount f sendbuff 0x2ba1b53b6a00 recvbuff 0x2ba1b53b6a00 count 1 datatype 1 op 0 root 0 comm 0x9cc7f70 [nranks=3] stream 0x9ccbc80
r1t07:64119:64119 [0] NCCL INFO AllReduce: opCount 10 sendbuff 0x2ba1b5200200 recvbuff 0x2ba1b5200200 count 1 datatype 7 op 4 root 0 comm 0x9cc7f70 [nranks=3] stream 0x9ccbc80
r1t07:64119:64119 [0] NCCL INFO AllReduce: opCount 11 sendbuff 0x2ba1b53af600 recvbuff 0x2ba1b53af600 count 1 datatype 1 op 0 root 0 comm 0x9cc7f70 [nranks=3] stream 0x9ccbc80
r1t07:64119:64119 [0] NCCL INFO AllReduce: opCount 12 sendbuff 0x2ba1b53b6600 recvbuff 0x2ba1b53b6600 count 1 datatype 4 op 4 root 0 comm 0x9cc7f70 [nranks=3] stream 0x9ccbc80
r1t07:64119:64119 [0] NCCL INFO AllReduce: opCount 13 sendbuff 0x2ba1b53b6a00 recvbuff 0x2ba1b53b6a00 count 1 datatype 1 op 0 root 0 comm 0x9cc7f70 [nranks=3] stream 0x9ccbc80
r1t07:64119:64119 [0] NCCL INFO AllGather: opCount 14 sendbuff 0x2ba1b53b6a00 recvbuff 0x2ba1b53b7600 count 8 datatype 0 op 0 root 0 comm 0x9cc7f70 [nranks=3] stream 0x9ccbc80
r1t07:64119:64119 [0] NCCL INFO AllGather: opCount 15 sendbuff 0x2ba1b53b6e00 recvbuff 0x2ba1b53b0000 count 8 datatype 0 op 0 root 0 comm 0x9cc7f70 [nranks=3] stream 0x9ccbc80
r1t07:64119:64119 [0] NCCL INFO AllReduce: opCount 16 sendbuff 0x2ba1b5200200 recvbuff 0x2ba1b5200200 count 1 datatype 1 op 0 root 0 comm 0x9cc7f70 [nranks=3] stream 0x9ccbc80
r1t07:64119:64119 [0] NCCL INFO AllGather: opCount 17 sendbuff 0x2ba1b5200200 recvbuff 0x2ba1b53b7400 count 8 datatype 0 op 0 root 0 comm 0x9cc7f70 [nranks=3] stream 0x9ccbc80
r1t07:64119:64119 [0] NCCL INFO AllGather: opCount 18 sendbuff 0x2ba1b53aea00 recvbuff 0x2ba1b53b0600 count 8 datatype 0 op 0 root 0 comm 0x9cc7f70 [nranks=3] stream 0x9ccbc80
r1t07:64119:64119 [0] NCCL INFO AllReduce: opCount 19 sendbuff 0x2ba1b53b0000 recvbuff 0x2ba1b53b0000 count 1 datatype 1 op 0 root 0 comm 0x9cc7f70 [nranks=3] stream 0x9ccbc80
r1t07:64119:64119 [0] NCCL INFO AllGather: opCount 1a sendbuff 0x2ba1b53b0000 recvbuff 0x2ba1b53b7200 count 8 datatype 0 op 0 root 0 comm 0x9cc7f70 [nranks=3] stream 0x9ccbc80
r1t07:64119:64119 [0] NCCL INFO AllGather: opCount 1b sendbuff 0x2ba1b53b6400 recvbuff 0x2ba1b53b0c00 count 8 datatype 0 op 0 root 0 comm 0x9cc7f70 [nranks=3] stream 0x9ccbc80
r1t07:64119:64119 [0] NCCL INFO AllReduce: opCount 1c sendbuff 0x2ba1b5200200 recvbuff 0x2ba1b5200200 count 1 datatype 1 op 0 root 0 comm 0x9cc7f70 [nranks=3] stream 0x9ccbc80
r1t07:64119:64119 [0] NCCL INFO AllGather: opCount 1d sendbuff 0x2ba1b5200200 recvbuff 0x2ba1b53b7800 count 8 datatype 0 op 0 root 0 comm 0x9cc7f70 [nranks=3] stream 0x9ccbc80
r1t07:64119:64119 [0] NCCL INFO AllGather: opCount 1e sendbuff 0x2ba1b53b6800 recvbuff 0x2ba1b53b1200 count 8 datatype 0 op 0 root 0 comm 0x9cc7f70 [nranks=3] stream 0x9ccbc80
r1t07:64119:64119 [0] NCCL INFO AllReduce: opCount 1f sendbuff 0x2ba1b53b0000 recvbuff 0x2ba1b53b0000 count 1 datatype 1 op 0 root 0 comm 0x9cc7f70 [nranks=3] stream 0x9ccbc80
r1t07:64119:64119 [0] NCCL INFO AllReduce: opCount 20 sendbuff 0x2ba1b53af600 recvbuff 0x2ba1b53af600 count 1 datatype 1 op 0 root 0 comm 0x9cc7f70 [nranks=3] stream 0x9ccbc80
r1t07:64119:64119 [0] NCCL INFO AllReduce: opCount 21 sendbuff 0x2ba1b53b0000 recvbuff 0x2ba1b53b0000 count 1 datatype 4 op 0 root 0 comm 0x9cc7f70 [nranks=3] stream 0x9ccbc80
r1t07:64119:64119 [0] NCCL INFO AllReduce: opCount 22 sendbuff 0x2ba1b53b7600 recvbuff 0x2ba1b53b7600 count 1 datatype 1 op 0 root 0 comm 0x9cc7f70 [nranks=3] stream 0x9ccbc80
r1t07:64119:64119 [0] NCCL INFO AllReduce: opCount 23 sendbuff 0x2ba1b53af600 recvbuff 0x2ba1b53af600 count 1 datatype 4 op 0 root 0 comm 0x9cc7f70 [nranks=3] stream 0x9ccbc80
r1t07:64119:64307 [0] NCCL INFO AllReduce: opCount 24 sendbuff 0x2ba1f0000000 recvbuff 0x2ba1f0000000 count 11173962 datatype 7 op 0 root 0 comm 0x9cc7f70 [nranks=3] stream 0x9ccbc80
r1t07:64119:64119 [0] NCCL INFO AllReduce: opCount 25 sendbuff 0x2ba1b53b0000 recvbuff 0x2ba1b53b0000 count 1 datatype 1 op 0 root 0 comm 0x9cc7f70 [nranks=3] stream 0x9ccbc80
r1t07:64119:64119 [0] NCCL INFO AllGather: opCount 26 sendbuff 0x2ba1b53afa00 recvbuff 0x2ba1e91fd400 count 4 datatype 0 op 0 root 0 comm 0x9cc7f70 [nranks=3] stream 0x9ccbc80
r1t07:64119:64119 [0] NCCL INFO Broadcast: opCount 27 sendbuff 0x2ba1b53ae600 recvbuff 0x2ba1b53ae600 count 252 datatype 0 op 0 root 0 comm 0x9cc7f70 [nranks=3] stream 0x9ccbc80
r1t07:64119:64119 [0] NCCL INFO Broadcast: opCount 28 sendbuff 0x2ba1b53afa00 recvbuff 0x2ba1b53afa00 count 12 datatype 0 op 0 root 0 comm 0x9cc7f70 [nranks=3] stream 0x9ccbc80
r1t07:64119:64119 [0] NCCL INFO Broadcast: opCount 29 sendbuff 0x2ba2acff0000 recvbuff 0x2ba2acff0000 count 38400 datatype 0 op 0 root 0 comm 0x9cc7f70 [nranks=3] stream 0x9ccbc80
r1t07:64119:64119 [0] NCCL INFO Broadcast: opCount 2a sendbuff 0x2ba1b53ae600 recvbuff 0x2ba1b53ae600 count 160 datatype 0 op 0 root 0 comm 0x9cc7f70 [nranks=3] stream 0x9ccbc80
r1t07:64119:64307 [0] NCCL INFO AllReduce: opCount 2b sendbuff 0x2ba295100000 recvbuff 0x2ba295100000 count 2365450 datatype 7 op 0 root 0 comm 0x9cc7f70 [nranks=3] stream 0x9ccbc80
r1t07:64119:64307 [0] NCCL INFO AllReduce: opCount 2c sendbuff 0x2ba2a6000000 recvbuff 0x2ba2a6000000 count 6623744 datatype 7 op 0 root 0 comm 0x9cc7f70 [nranks=3] stream 0x9ccbc80
r1t07:64119:64307 [0] NCCL INFO AllReduce: opCount 2d sendbuff 0x2ba295a06200 recvbuff 0x2ba295a06200 count 2184768 datatype 7 op 0 root 0 comm 0x9cc7f70 [nranks=3] stream 0x9ccbc80
r1t07:64119:64119 [0] NCCL INFO AllReduce: opCount 2e sendbuff 0x2ba1b53ada00 recvbuff 0x2ba1b53ada00 count 1 datatype 1 op 0 root 0 comm 0x9cc7f70 [nranks=3] stream 0x9ccbc80
r1t07:64119:64119 [0] NCCL INFO AllGather: opCount 2f sendbuff 0x2ba1b53b0000 recvbuff 0x2ba1b53c6400 count 4 datatype 0 op 0 root 0 comm 0x9cc7f70 [nranks=3] stream 0x9ccbc80
r1t07:64119:64119 [0] NCCL INFO Broadcast: opCount 30 sendbuff 0x2ba1b53b7c00 recvbuff 0x2ba1b53b7c00 count 38400 datatype 0 op 0 root 0 comm 0x9cc7f70 [nranks=3] stream 0x9ccbc80
r1t07:64119:64119 [0] NCCL INFO Broadcast: opCount 31 sendbuff 0x2ba1b53afa00 recvbuff 0x2ba1b53afa00 count 160 datatype 0 op 0 root 0 comm 0x9cc7f70 [nranks=3] stream 0x9ccbc80
r1t07:64119:64307 [0] NCCL INFO AllReduce: opCount 32 sendbuff 0x2ba295100000 recvbuff 0x2ba295100000 count 2365450 datatype 7 op 0 root 0 comm 0x9cc7f70 [nranks=3] stream 0x9ccbc80
r1t07:64119:64307 [0] NCCL INFO AllReduce: opCount 33 sendbuff 0x2ba2a6000000 recvbuff 0x2ba2a6000000 count 6623744 datatype 7 op 0 root 0 comm 0x9cc7f70 [nranks=3] stream 0x9ccbc80
r1t07:64119:64307 [0] NCCL INFO AllReduce: opCount 34 sendbuff 0x2ba295a06200 recvbuff 0x2ba295a06200 count 2184768 datatype 7 op 0 root 0 comm 0x9cc7f70 [nranks=3] stream 0x9ccbc80
r1t07:64119:64119 [0] NCCL INFO AllReduce: opCount 35 sendbuff 0x2ba1b53ae600 recvbuff 0x2ba1b53ae600 count 1 datatype 1 op 0 root 0 comm 0x9cc7f70 [nranks=3] stream 0x9ccbc80
r1t07:64119:64119 [0] NCCL INFO AllGather: opCount 36 sendbuff 0x2ba1b53ada00 recvbuff 0x2ba2acffd000 count 4 datatype 0 op 0 root 0 comm 0x9cc7f70 [nranks=3] stream 0x9ccbc80
r1t07:64119:64119 [0] NCCL INFO Broadcast: opCount 37 sendbuff 0x2ba2acff0000 recvbuff 0x2ba2acff0000 count 38400 datatype 0 op 0 root 0 comm 0x9cc7f70 [nranks=3] stream 0x9ccbc80
r1t07:64119:64119 [0] NCCL INFO Broadcast: opCount 38 sendbuff 0x2ba1b53ada00 recvbuff 0x2ba1b53ada00 count 160 datatype 0 op 0 root 0 comm 0x9cc7f70 [nranks=3] stream 0x9ccbc80
r1t07:64119:64307 [0] NCCL INFO AllReduce: opCount 39 sendbuff 0x2ba295100000 recvbuff 0x2ba295100000 count 2365450 datatype 7 op 0 root 0 comm 0x9cc7f70 [nranks=3] stream 0x9ccbc80
r1t07:64119:64307 [0] NCCL INFO AllReduce: opCount 3a sendbuff 0x2ba2a6000000 recvbuff 0x2ba2a6000000 count 6623744 datatype 7 op 0 root 0 comm 0x9cc7f70 [nranks=3] stream 0x9ccbc80
r1t07:64119:64307 [0] NCCL INFO AllReduce: opCount 3b sendbuff 0x2ba295a06200 recvbuff 0x2ba295a06200 count 2184768 datatype 7 op 0 root 0 comm 0x9cc7f70 [nranks=3] stream 0x9ccbc80
r1t07:64119:64119 [0] NCCL INFO AllReduce: opCount 3c sendbuff 0x2ba1b53afa00 recvbuff 0x2ba1b53afa00 count 1 datatype 1 op 0 root 0 comm 0x9cc7f70 [nranks=3] stream 0x9ccbc80
r1t07:64119:64119 [0] NCCL INFO AllGather: opCount 3d sendbuff 0x2ba1b53ae600 recvbuff 0x2ba25f3fd400 count 4 datatype 0 op 0 root 0 comm 0x9cc7f70 [nranks=3] stream 0x9ccbc80
r1t07:64119:64119 [0] NCCL INFO Broadcast: opCount 3e sendbuff 0x2ba2acff0000 recvbuff 0x2ba2acff0000 count 38400 datatype 0 op 0 root 0 comm 0x9cc7f70 [nranks=3] stream 0x9ccbc80
r1t07:64119:64119 [0] NCCL INFO Broadcast: opCount 3f sendbuff 0x2ba1b53ae600 recvbuff 0x2ba1b53ae600 count 160 datatype 0 op 0 root 0 comm 0x9cc7f70 [nranks=3] stream 0x9ccbc80
r1t07:64119:64307 [0] NCCL INFO AllReduce: opCount 40 sendbuff 0x2ba295100000 recvbuff 0x2ba295100000 count 2365450 datatype 7 op 0 root 0 comm 0x9cc7f70 [nranks=3] stream 0x9ccbc80
r1t07:64119:64307 [0] NCCL INFO AllReduce: opCount 41 sendbuff 0x2ba2a6000000 recvbuff 0x2ba2a6000000 count 6623744 datatype 7 op 0 root 0 comm 0x9cc7f70 [nranks=3] stream 0x9ccbc80
r1t07:64119:64307 [0] NCCL INFO AllReduce: opCount 42 sendbuff 0x2ba295a06200 recvbuff 0x2ba295a06200 count 2184768 datatype 7 op 0 root 0 comm 0x9cc7f70 [nranks=3] stream 0x9ccbc80
r1t07:64119:64119 [0] NCCL INFO AllReduce: opCount 43 sendbuff 0x2ba1b53ada00 recvbuff 0x2ba1b53ada00 count 1 datatype 1 op 0 root 0 comm 0x9cc7f70 [nranks=3] stream 0x9ccbc80
r1t07:64119:64119 [0] NCCL INFO AllGather: opCount 44 sendbuff 0x2ba1b53afa00 recvbuff 0x2ba2ad1f9c00 count 4 datatype 0 op 0 root 0 comm 0x9cc7f70 [nranks=3] stream 0x9ccbc80
r1t07:64119:64119 [0] NCCL INFO Broadcast: opCount 45 sendbuff 0x2ba1b53b7c00 recvbuff 0x2ba1b53b7c00 count 38400 datatype 0 op 0 root 0 comm 0x9cc7f70 [nranks=3] stream 0x9ccbc80
r1t07:64119:64119 [0] NCCL INFO Broadcast: opCount 46 sendbuff 0x2ba1b53afa00 recvbuff 0x2ba1b53afa00 count 160 datatype 0 op 0 root 0 comm 0x9cc7f70 [nranks=3] stream 0x9ccbc80
r1t07:64119:64307 [0] NCCL INFO AllReduce: opCount 47 sendbuff 0x2ba295100000 recvbuff 0x2ba295100000 count 2365450 datatype 7 op 0 root 0 comm 0x9cc7f70 [nranks=3] stream 0x9ccbc80
r1t07:64119:64307 [0] NCCL INFO AllReduce: opCount 48 sendbuff 0x2ba2a6000000 recvbuff 0x2ba2a6000000 count 6623744 datatype 7 op 0 root 0 comm 0x9cc7f70 [nranks=3] stream 0x9ccbc80
r1t07:64119:64307 [0] NCCL INFO AllReduce: opCount 49 sendbuff 0x2ba295a06200 recvbuff 0x2ba295a06200 count 2184768 datatype 7 op 0 root 0 comm 0x9cc7f70 [nranks=3] stream 0x9ccbc80
r1t07:64119:64119 [0] NCCL INFO AllReduce: opCount 4a sendbuff 0x2ba1b53b0000 recvbuff 0x2ba1b53b0000 count 1 datatype 1 op 0 root 0 comm 0x9cc7f70 [nranks=3] stream 0x9ccbc80
r1t07:64119:64119 [0] NCCL INFO AllGather: opCount 4b sendbuff 0x2ba1b53ada00 recvbuff 0x2ba1e91fd600 count 4 datatype 0 op 0 root 0 comm 0x9cc7f70 [nranks=3] stream 0x9ccbc80
r1t07:64119:64119 [0] NCCL INFO Broadcast: opCount 4c sendbuff 0x2ba1b53b7c00 recvbuff 0x2ba1b53b7c00 count 38400 datatype 0 op 0 root 0 comm 0x9cc7f70 [nranks=3] stream 0x9ccbc80
r1t07:64119:64119 [0] NCCL INFO Broadcast: opCount 4d sendbuff 0x2ba1b53ada00 recvbuff 0x2ba1b53ada00 count 160 datatype 0 op 0 root 0 comm 0x9cc7f70 [nranks=3] stream 0x9ccbc80
r1t07:64119:64307 [0] NCCL INFO AllReduce: opCount 4e sendbuff 0x2ba295100000 recvbuff 0x2ba295100000 count 2365450 datatype 7 op 0 root 0 comm 0x9cc7f70 [nranks=3] stream 0x9ccbc80
r1t07:64119:64307 [0] NCCL INFO AllReduce: opCount 4f sendbuff 0x2ba2a6000000 recvbuff 0x2ba2a6000000 count 6623744 datatype 7 op 0 root 0 comm 0x9cc7f70 [nranks=3] stream 0x9ccbc80
r1t07:64119:64307 [0] NCCL INFO AllReduce: opCount 50 sendbuff 0x2ba295a06200 recvbuff 0x2ba295a06200 count 2184768 datatype 7 op 0 root 0 comm 0x9cc7f70 [nranks=3] stream 0x9ccbc80
r1t07:64119:64119 [0] NCCL INFO AllReduce: opCount 51 sendbuff 0x2ba1b53ae600 recvbuff 0x2ba1b53ae600 count 1 datatype 1 op 0 root 0 comm 0x9cc7f70 [nranks=3] stream 0x9ccbc80
r1t07:64119:64119 [0] NCCL INFO AllGather: opCount 52 sendbuff 0x2ba1b53b0000 recvbuff 0x2ba1b53ee800 count 4 datatype 0 op 0 root 0 comm 0x9cc7f70 [nranks=3] stream 0x9ccbc80
r1t07:64119:64119 [0] NCCL INFO Broadcast: opCount 53 sendbuff 0x2ba1b53b7c00 recvbuff 0x2ba1b53b7c00 count 38400 datatype 0 op 0 root 0 comm 0x9cc7f70 [nranks=3] stream 0x9ccbc80
r1t07:64119:64119 [0] NCCL INFO Broadcast: opCount 54 sendbuff 0x2ba1b53b0000 recvbuff 0x2ba1b53b0000 count 160 datatype 0 op 0 root 0 comm 0x9cc7f70 [nranks=3] stream 0x9ccbc80
r1t07:64119:64307 [0] NCCL INFO AllReduce: opCount 55 sendbuff 0x2ba295100000 recvbuff 0x2ba295100000 count 2365450 datatype 7 op 0 root 0 comm 0x9cc7f70 [nranks=3] stream 0x9ccbc80
r1t07:64119:64307 [0] NCCL INFO AllReduce: opCount 56 sendbuff 0x2ba2a6000000 recvbuff 0x2ba2a6000000 count 6623744 datatype 7 op 0 root 0 comm 0x9cc7f70 [nranks=3] stream 0x9ccbc80
r1t07:64119:64307 [0] NCCL INFO AllReduce: opCount 57 sendbuff 0x2ba295a06200 recvbuff 0x2ba295a06200 count 2184768 datatype 7 op 0 root 0 comm 0x9cc7f70 [nranks=3] stream 0x9ccbc80
r1t07:64119:64119 [0] NCCL INFO AllReduce: opCount 58 sendbuff 0x2ba1b53afa00 recvbuff 0x2ba1b53afa00 count 1 datatype 1 op 0 root 0 comm 0x9cc7f70 [nranks=3] stream 0x9ccbc80
r1t07:64119:64119 [0] NCCL INFO AllGather: opCount 59 sendbuff 0x2ba1b53ae600 recvbuff 0x2ba1e91ff800 count 4 datatype 0 op 0 root 0 comm 0x9cc7f70 [nranks=3] stream 0x9ccbc80
r1t07:64119:64119 [0] NCCL INFO Broadcast: opCount 5a sendbuff 0x2ba1b53b7c00 recvbuff 0x2ba1b53b7c00 count 38400 datatype 0 op 0 root 0 comm 0x9cc7f70 [nranks=3] stream 0x9ccbc80
r1t07:64119:64119 [0] NCCL INFO Broadcast: opCount 5b sendbuff 0x2ba1b53ae600 recvbuff 0x2ba1b53ae600 count 160 datatype 0 op 0 root 0 comm 0x9cc7f70 [nranks=3] stream 0x9ccbc80
r1t07:64119:64307 [0] NCCL INFO AllReduce: opCount 5c sendbuff 0x2ba295100000 recvbuff 0x2ba295100000 count 2365450 datatype 7 op 0 root 0 comm 0x9cc7f70 [nranks=3] stream 0x9ccbc80
r1t07:64119:64307 [0] NCCL INFO AllReduce: opCount 5d sendbuff 0x2ba2a6000000 recvbuff 0x2ba2a6000000 count 6623744 datatype 7 op 0 root 0 comm 0x9cc7f70 [nranks=3] stream 0x9ccbc80
r1t07:64119:64307 [0] NCCL INFO AllReduce: opCount 5e sendbuff 0x2ba295a06200 recvbuff 0x2ba295a06200 count 2184768 datatype 7 op 0 root 0 comm 0x9cc7f70 [nranks=3] stream 0x9ccbc80
r1t07:64119:64119 [0] NCCL INFO AllReduce: opCount 5f sendbuff 0x2ba1b53ada00 recvbuff 0x2ba1b53ada00 count 1 datatype 1 op 0 root 0 comm 0x9cc7f70 [nranks=3] stream 0x9ccbc80
r1t07:64119:64119 [0] NCCL INFO AllGather: opCount 60 sendbuff 0x2ba1b53afa00 recvbuff 0x2ba1b53b6000 count 4 datatype 0 op 0 root 0 comm 0x9cc7f70 [nranks=3] stream 0x9ccbc80
r1t07:64119:64119 [0] NCCL INFO Broadcast: opCount 61 sendbuff 0x2ba1b53b7c00 recvbuff 0x2ba1b53b7c00 count 38400 datatype 0 op 0 root 0 comm 0x9cc7f70 [nranks=3] stream 0x9ccbc80
r1t07:64119:64119 [0] NCCL INFO Broadcast: opCount 62 sendbuff 0x2ba1b53afa00 recvbuff 0x2ba1b53afa00 count 160 datatype 0 op 0 root 0 comm 0x9cc7f70 [nranks=3] stream 0x9ccbc80
r1t07:64119:64307 [0] NCCL INFO AllReduce: opCount 63 sendbuff 0x2ba295100000 recvbuff 0x2ba295100000 count 2365450 datatype 7 op 0 root 0 comm 0x9cc7f70 [nranks=3] stream 0x9ccbc80
r1t07:64119:64307 [0] NCCL INFO AllReduce: opCount 64 sendbuff 0x2ba2a6000000 recvbuff 0x2ba2a6000000 count 6623744 datatype 7 op 0 root 0 comm 0x9cc7f70 [nranks=3] stream 0x9ccbc80
r1t07:64119:64307 [0] NCCL INFO AllReduce: opCount 65 sendbuff 0x2ba295a06200 recvbuff 0x2ba295a06200 count 2184768 datatype 7 op 0 root 0 comm 0x9cc7f70 [nranks=3] stream 0x9ccbc80
r1t07:64119:64119 [0] NCCL INFO AllReduce: opCount 66 sendbuff 0x2ba1b53b0000 recvbuff 0x2ba1b53b0000 count 1 datatype 1 op 0 root 0 comm 0x9cc7f70 [nranks=3] stream 0x9ccbc80
r1t07:64119:64119 [0] NCCL INFO AllGather: opCount 67 sendbuff 0x2ba1b53ada00 recvbuff 0x2ba1b53eec00 count 4 datatype 0 op 0 root 0 comm 0x9cc7f70 [nranks=3] stream 0x9ccbc80
r1t07:64119:64119 [0] NCCL INFO Broadcast: opCount 68 sendbuff 0x2ba1b53b7c00 recvbuff 0x2ba1b53b7c00 count 38400 datatype 0 op 0 root 0 comm 0x9cc7f70 [nranks=3] stream 0x9ccbc80
r1t07:64119:64119 [0] NCCL INFO Broadcast: opCount 69 sendbuff 0x2ba1b53ada00 recvbuff 0x2ba1b53ada00 count 160 datatype 0 op 0 root 0 comm 0x9cc7f70 [nranks=3] stream 0x9ccbc80
r1t07:64119:64307 [0] NCCL INFO AllReduce: opCount 6a sendbuff 0x2ba295100000 recvbuff 0x2ba295100000 count 2365450 datatype 7 op 0 root 0 comm 0x9cc7f70 [nranks=3] stream 0x9ccbc80
r1t07:64119:64307 [0] NCCL INFO AllReduce: opCount 6b sendbuff 0x2ba2a6000000 recvbuff 0x2ba2a6000000 count 6623744 datatype 7 op 0 root 0 comm 0x9cc7f70 [nranks=3] stream 0x9ccbc80
r1t07:64119:64307 [0] NCCL INFO AllReduce: opCount 6c sendbuff 0x2ba295a06200 recvbuff 0x2ba295a06200 count 2184768 datatype 7 op 0 root 0 comm 0x9cc7f70 [nranks=3] stream 0x9ccbc80
r1t07:64119:64119 [0] NCCL INFO AllReduce: opCount 6d sendbuff 0x2ba1b53ae600 recvbuff 0x2ba1b53ae600 count 1 datatype 1 op 0 root 0 comm 0x9cc7f70 [nranks=3] stream 0x9ccbc80
r1t07:64119:64119 [0] NCCL INFO AllGather: opCount 6e sendbuff 0x2ba1b53b0000 recvbuff 0x2ba25f3f8000 count 4 datatype 0 op 0 root 0 comm 0x9cc7f70 [nranks=3] stream 0x9ccbc80
r1t07:64119:64119 [0] NCCL INFO Broadcast: opCount 6f sendbuff 0x2ba1b53b7c00 recvbuff 0x2ba1b53b7c00 count 38400 datatype 0 op 0 root 0 comm 0x9cc7f70 [nranks=3] stream 0x9ccbc80
r1t07:64119:64119 [0] NCCL INFO Broadcast: opCount 70 sendbuff 0x2ba1b53b0000 recvbuff 0x2ba1b53b0000 count 160 datatype 0 op 0 root 0 comm 0x9cc7f70 [nranks=3] stream 0x9ccbc80
r1t07:64119:64307 [0] NCCL INFO AllReduce: opCount 71 sendbuff 0x2ba295100000 recvbuff 0x2ba295100000 count 2365450 datatype 7 op 0 root 0 comm 0x9cc7f70 [nranks=3] stream 0x9ccbc80
r1t07:64119:64307 [0] NCCL INFO AllReduce: opCount 72 sendbuff 0x2ba2a6000000 recvbuff 0x2ba2a6000000 count 6623744 datatype 7 op 0 root 0 comm 0x9cc7f70 [nranks=3] stream 0x9ccbc80
r1t07:64119:64307 [0] NCCL INFO AllReduce: opCount 73 sendbuff 0x2ba295a06200 recvbuff 0x2ba295a06200 count 2184768 datatype 7 op 0 root 0 comm 0x9cc7f70 [nranks=3] stream 0x9ccbc80
r1t07:64119:64119 [0] NCCL INFO AllReduce: opCount 74 sendbuff 0x2ba1b53afa00 recvbuff 0x2ba1b53afa00 count 1 datatype 1 op 0 root 0 comm 0x9cc7f70 [nranks=3] stream 0x9ccbc80
r1t07:64119:64119 [0] NCCL INFO AllGather: opCount 75 sendbuff 0x2ba1b53ae600 recvbuff 0x2ba2acff8200 count 4 datatype 0 op 0 root 0 comm 0x9cc7f70 [nranks=3] stream 0x9ccbc80
r1t07:64119:64119 [0] NCCL INFO Broadcast: opCount 76 sendbuff 0x2ba1b53b7c00 recvbuff 0x2ba1b53b7c00 count 38400 datatype 0 op 0 root 0 comm 0x9cc7f70 [nranks=3] stream 0x9ccbc80
r1t07:64119:64119 [0] NCCL INFO Broadcast: opCount 77 sendbuff 0x2ba1b53ae600 recvbuff 0x2ba1b53ae600 count 160 datatype 0 op 0 root 0 comm 0x9cc7f70 [nranks=3] stream 0x9ccbc80
r1t07:64119:64307 [0] NCCL INFO AllReduce: opCount 78 sendbuff 0x2ba295100000 recvbuff 0x2ba295100000 count 2365450 datatype 7 op 0 root 0 comm 0x9cc7f70 [nranks=3] stream 0x9ccbc80
r1t07:64119:64307 [0] NCCL INFO AllReduce: opCount 79 sendbuff 0x2ba2a6000000 recvbuff 0x2ba2a6000000 count 6623744 datatype 7 op 0 root 0 comm 0x9cc7f70 [nranks=3] stream 0x9ccbc80
r1t07:64119:64307 [0] NCCL INFO AllReduce: opCount 7a sendbuff 0x2ba295a06200 recvbuff 0x2ba295a06200 count 2184768 datatype 7 op 0 root 0 comm 0x9cc7f70 [nranks=3] stream 0x9ccbc80
r1t07:64119:64119 [0] NCCL INFO AllReduce: opCount 7b sendbuff 0x2ba1b53ada00 recvbuff 0x2ba1b53ada00 count 1 datatype 1 op 0 root 0 comm 0x9cc7f70 [nranks=3] stream 0x9ccbc80
r1t07:64119:64119 [0] NCCL INFO AllGather: opCount 7c sendbuff 0x2ba1b53afa00 recvbuff 0x2ba2acff8600 count 4 datatype 0 op 0 root 0 comm 0x9cc7f70 [nranks=3] stream 0x9ccbc80
r1t07:64119:64119 [0] NCCL INFO Broadcast: opCount 7d sendbuff 0x2ba1b53b7c00 recvbuff 0x2ba1b53b7c00 count 38400 datatype 0 op 0 root 0 comm 0x9cc7f70 [nranks=3] stream 0x9ccbc80
r1t07:64119:64119 [0] NCCL INFO Broadcast: opCount 7e sendbuff 0x2ba1b53afa00 recvbuff 0x2ba1b53afa00 count 160 datatype 0 op 0 root 0 comm 0x9cc7f70 [nranks=3] stream 0x9ccbc80
r1t07:64119:64307 [0] NCCL INFO AllReduce: opCount 7f sendbuff 0x2ba295100000 recvbuff 0x2ba295100000 count 2365450 datatype 7 op 0 root 0 comm 0x9cc7f70 [nranks=3] stream 0x9ccbc80
r1t07:64119:64307 [0] NCCL INFO AllReduce: opCount 80 sendbuff 0x2ba2a6000000 recvbuff 0x2ba2a6000000 count 6623744 datatype 7 op 0 root 0 comm 0x9cc7f70 [nranks=3] stream 0x9ccbc80
r1t07:64119:64307 [0] NCCL INFO AllReduce: opCount 81 sendbuff 0x2ba295a06200 recvbuff 0x2ba295a06200 count 2184768 datatype 7 op 0 root 0 comm 0x9cc7f70 [nranks=3] stream 0x9ccbc80
r1t07:64119:64119 [0] NCCL INFO AllReduce: opCount 82 sendbuff 0x2ba1b53b0000 recvbuff 0x2ba1b53b0000 count 1 datatype 1 op 0 root 0 comm 0x9cc7f70 [nranks=3] stream 0x9ccbc80
r1t07:64119:64119 [0] NCCL INFO AllGather: opCount 83 sendbuff 0x2ba1b53ada00 recvbuff 0x2ba1b53b7200 count 4 datatype 0 op 0 root 0 comm 0x9cc7f70 [nranks=3] stream 0x9ccbc80
r1t07:64119:64119 [0] NCCL INFO Broadcast: opCount 84 sendbuff 0x2ba1b53b7c00 recvbuff 0x2ba1b53b7c00 count 38400 datatype 0 op 0 root 0 comm 0x9cc7f70 [nranks=3] stream 0x9ccbc80
r1t07:64119:64119 [0] NCCL INFO Broadcast: opCount 85 sendbuff 0x2ba1b53ada00 recvbuff 0x2ba1b53ada00 count 160 datatype 0 op 0 root 0 comm 0x9cc7f70 [nranks=3] stream 0x9ccbc80
r1t07:64119:64307 [0] NCCL INFO AllReduce: opCount 86 sendbuff 0x2ba295100000 recvbuff 0x2ba295100000 count 2365450 datatype 7 op 0 root 0 comm 0x9cc7f70 [nranks=3] stream 0x9ccbc80
r1t07:64119:64307 [0] NCCL INFO AllReduce: opCount 87 sendbuff 0x2ba2a6000000 recvbuff 0x2ba2a6000000 count 6623744 datatype 7 op 0 root 0 comm 0x9cc7f70 [nranks=3] stream 0x9ccbc80
r1t07:64119:64307 [0] NCCL INFO AllReduce: opCount 88 sendbuff 0x2ba295a06200 recvbuff 0x2ba295a06200 count 2184768 datatype 7 op 0 root 0 comm 0x9cc7f70 [nranks=3] stream 0x9ccbc80
r1t07:64119:64119 [0] NCCL INFO AllReduce: opCount 89 sendbuff 0x2ba1b53ae600 recvbuff 0x2ba1b53ae600 count 1 datatype 1 op 0 root 0 comm 0x9cc7f70 [nranks=3] stream 0x9ccbc80
r1t07:64119:64119 [0] NCCL INFO AllGather: opCount 8a sendbuff 0x2ba1b53b0000 recvbuff 0x2ba1b53c1c00 count 4 datatype 0 op 0 root 0 comm 0x9cc7f70 [nranks=3] stream 0x9ccbc80
r1t07:64119:64119 [0] NCCL INFO Broadcast: opCount 8b sendbuff 0x2ba1b53b7c00 recvbuff 0x2ba1b53b7c00 count 38400 datatype 0 op 0 root 0 comm 0x9cc7f70 [nranks=3] stream 0x9ccbc80
r1t07:64119:64119 [0] NCCL INFO Broadcast: opCount 8c sendbuff 0x2ba1b53b0000 recvbuff 0x2ba1b53b0000 count 160 datatype 0 op 0 root 0 comm 0x9cc7f70 [nranks=3] stream 0x9ccbc80
r1t07:64119:64307 [0] NCCL INFO AllReduce: opCount 8d sendbuff 0x2ba295100000 recvbuff 0x2ba295100000 count 2365450 datatype 7 op 0 root 0 comm 0x9cc7f70 [nranks=3] stream 0x9ccbc80
r1t07:64119:64307 [0] NCCL INFO AllReduce: opCount 8e sendbuff 0x2ba2a6000000 recvbuff 0x2ba2a6000000 count 6623744 datatype 7 op 0 root 0 comm 0x9cc7f70 [nranks=3] stream 0x9ccbc80
r1t07:64119:64307 [0] NCCL INFO AllReduce: opCount 8f sendbuff 0x2ba295a06200 recvbuff 0x2ba295a06200 count 2184768 datatype 7 op 0 root 0 comm 0x9cc7f70 [nranks=3] stream 0x9ccbc80
r1t07:64119:64119 [0] NCCL INFO AllReduce: opCount 90 sendbuff 0x2ba1b53afa00 recvbuff 0x2ba1b53afa00 count 1 datatype 1 op 0 root 0 comm 0x9cc7f70 [nranks=3] stream 0x9ccbc80
r1t07:64119:64119 [0] NCCL INFO AllGather: opCount 91 sendbuff 0x2ba1b53ae600 recvbuff 0x2ba1b53b6200 count 4 datatype 0 op 0 root 0 comm 0x9cc7f70 [nranks=3] stream 0x9ccbc80
r1t07:64119:64119 [0] NCCL INFO Broadcast: opCount 92 sendbuff 0x2ba1b53b7c00 recvbuff 0x2ba1b53b7c00 count 38400 datatype 0 op 0 root 0 comm 0x9cc7f70 [nranks=3] stream 0x9ccbc80
r1t07:64119:64119 [0] NCCL INFO Broadcast: opCount 93 sendbuff 0x2ba1b53ae600 recvbuff 0x2ba1b53ae600 count 160 datatype 0 op 0 root 0 comm 0x9cc7f70 [nranks=3] stream 0x9ccbc80
r1t07:64119:64307 [0] NCCL INFO AllReduce: opCount 94 sendbuff 0x2ba295100000 recvbuff 0x2ba295100000 count 2365450 datatype 7 op 0 root 0 comm 0x9cc7f70 [nranks=3] stream 0x9ccbc80
r1t07:64119:64307 [0] NCCL INFO AllReduce: opCount 95 sendbuff 0x2ba2a6000000 recvbuff 0x2ba2a6000000 count 6623744 datatype 7 op 0 root 0 comm 0x9cc7f70 [nranks=3] stream 0x9ccbc80
r1t07:64119:64307 [0] NCCL INFO AllReduce: opCount 96 sendbuff 0x2ba295a06200 recvbuff 0x2ba295a06200 count 2184768 datatype 7 op 0 root 0 comm 0x9cc7f70 [nranks=3] stream 0x9ccbc80
r1t07:64119:64119 [0] NCCL INFO AllReduce: opCount 97 sendbuff 0x2ba1b53ada00 recvbuff 0x2ba1b53ada00 count 1 datatype 1 op 0 root 0 comm 0x9cc7f70 [nranks=3] stream 0x9ccbc80
r1t07:64119:64119 [0] NCCL INFO AllGather: opCount 98 sendbuff 0x2ba1b53afa00 recvbuff 0x2ba25f3f8400 count 4 datatype 0 op 0 root 0 comm 0x9cc7f70 [nranks=3] stream 0x9ccbc80
r1t07:64119:64119 [0] NCCL INFO Broadcast: opCount 99 sendbuff 0x2ba1b53b7c00 recvbuff 0x2ba1b53b7c00 count 38400 datatype 0 op 0 root 0 comm 0x9cc7f70 [nranks=3] stream 0x9ccbc80
r1t07:64119:64119 [0] NCCL INFO Broadcast: opCount 9a sendbuff 0x2ba1b53afa00 recvbuff 0x2ba1b53afa00 count 160 datatype 0 op 0 root 0 comm 0x9cc7f70 [nranks=3] stream 0x9ccbc80
r1t07:64119:64307 [0] NCCL INFO AllReduce: opCount 9b sendbuff 0x2ba295100000 recvbuff 0x2ba295100000 count 2365450 datatype 7 op 0 root 0 comm 0x9cc7f70 [nranks=3] stream 0x9ccbc80
r1t07:64119:64307 [0] NCCL INFO AllReduce: opCount 9c sendbuff 0x2ba2a6000000 recvbuff 0x2ba2a6000000 count 6623744 datatype 7 op 0 root 0 comm 0x9cc7f70 [nranks=3] stream 0x9ccbc80
r1t07:64119:64307 [0] NCCL INFO AllReduce: opCount 9d sendbuff 0x2ba295a06200 recvbuff 0x2ba295a06200 count 2184768 datatype 7 op 0 root 0 comm 0x9cc7f70 [nranks=3] stream 0x9ccbc80
r1t07:64119:64119 [0] NCCL INFO AllReduce: opCount 9e sendbuff 0x2ba1b53afa00 recvbuff 0x2ba1b53afa00 count 1 datatype 1 op 0 root 0 comm 0x9cc7f70 [nranks=3] stream 0x9ccbc80
r1t07:64119:64119 [0] NCCL INFO AllGather: opCount 9f sendbuff 0x2ba1b53ada00 recvbuff 0x2ba1b53b7200 count 4 datatype 0 op 0 root 0 comm 0x9cc7f70 [nranks=3] stream 0x9ccbc80
r1t07:64119:64119 [0] NCCL INFO Broadcast: opCount a0 sendbuff 0x2ba1b53b7c00 recvbuff 0x2ba1b53b7c00 count 38400 datatype 0 op 0 root 0 comm 0x9cc7f70 [nranks=3] stream 0x9ccbc80
r1t07:64119:64119 [0] NCCL INFO Broadcast: opCount a1 sendbuff 0x2ba1b53ada00 recvbuff 0x2ba1b53ada00 count 160 datatype 0 op 0 root 0 comm 0x9cc7f70 [nranks=3] stream 0x9ccbc80
r1t07:64119:64307 [0] NCCL INFO AllReduce: opCount a2 sendbuff 0x2ba295100000 recvbuff 0x2ba295100000 count 2365450 datatype 7 op 0 root 0 comm 0x9cc7f70 [nranks=3] stream 0x9ccbc80
