r1t07:5522:5522 [0] NCCL INFO cudaDriverVersion 12030
r1t07:5522:5522 [0] NCCL INFO Bootstrap : Using ib0:10.65.2.75<0>
r1t07:5522:5522 [0] NCCL INFO NET/Plugin : dlerror=dlopen hook: 'libnccl-net.so': cannot open shared object file: No such file or directory No plugin found (libnccl-net.so), using internal implementation
r1t07:5522:5522 [0] NCCL INFO init.cc:1627 Cuda Host Alloc Size 4 pointer 0x2b69d1400000
r1t07:5522:5522 [0] NCCL INFO Comm config Blocking set to 0
r1t07:5522:5687 [0] NCCL INFO NET/IB : Using [0]mlx5_0:1/IB [RO]; OOB ib0:10.65.2.75<0>
r1t07:5522:5687 [0] NCCL INFO Using non-device net plugin version 0
r1t07:5522:5687 [0] NCCL INFO Using network IB
r1t07:5522:5687 [0] NCCL INFO comm 0xc0e1a90 rank 2 nranks 3 cudaDev 0 nvmlDev 0 busId 81000 commId 0x50c3532c0f84c15b - Init START
r1t07:5522:5687 [0] NCCL INFO NET/IB : GPU Direct RDMA Enabled for HCA 0 'mlx5_0'
r1t07:5522:5687 [0] NCCL INFO GPU Direct RDMA Disabled for GPU 81000 / HCA 0 (distance 7 > 4)
r1t07:5522:5687 [0] NCCL INFO GPU Direct RDMA Disabled for GPU 81000 / HCA 0 (distance 7 > 4)
r1t07:5522:5687 [0] NCCL INFO === System : maxBw 12.0 totalBw 12.0 ===
r1t07:5522:5687 [0] NCCL INFO CPU/7 (1/2/-1)
r1t07:5522:5687 [0] NCCL INFO + SYS[16.0] - CPU/5
r1t07:5522:5687 [0] NCCL INFO + PCI[12.0] - GPU/81000 (2)
r1t07:5522:5687 [0] NCCL INFO CPU/5 (1/2/-1)
r1t07:5522:5687 [0] NCCL INFO + SYS[16.0] - CPU/7
r1t07:5522:5687 [0] NCCL INFO + PCI[12.0] - NIC/C1000
r1t07:5522:5687 [0] NCCL INFO               + NET[12.5] - NET/0 (30f5270003a1420c/1/12.500000)
r1t07:5522:5687 [0] NCCL INFO ==========================================
r1t07:5522:5687 [0] NCCL INFO GPU/81000 :GPU/81000 (0/5000.000000/LOC) CPU/7 (1/12.000000/PHB) CPU/5 (2/12.000000/SYS) NET/0 (4/12.000000/SYS) 
r1t07:5522:5687 [0] NCCL INFO NET/0 :GPU/81000 (4/12.000000/SYS) CPU/7 (3/12.000000/SYS) CPU/5 (2/12.000000/PHB) NET/0 (0/5000.000000/LOC) 
r1t07:5522:5687 [0] NCCL INFO Pattern 4, crossNic 0, nChannels 1, bw 10.000000/10.000000, type LOC/SYS, sameChannels 1
r1t07:5522:5687 [0] NCCL INFO  0 : NET/0 GPU/2 NET/0
r1t07:5522:5687 [0] NCCL INFO Pattern 3, crossNic 0, nChannels 1, bw 20.000000/10.000000, type LOC/SYS, sameChannels 1
r1t07:5522:5687 [0] NCCL INFO  0 : NET/0 GPU/2 NET/0
r1t07:5522:5687 [0] NCCL INFO Tree 0 : 0 -> 2 -> 1/-1/-1
r1t07:5522:5687 [0] NCCL INFO Tree 1 : 0 -> 2 -> -1/-1/-1
r1t07:5522:5687 [0] NCCL INFO Ring 00 : 1 -> 2 -> 0
r1t07:5522:5687 [0] NCCL INFO Ring 01 : 1 -> 2 -> 0
r1t07:5522:5687 [0] NCCL INFO Trees [0] 1/-1/-1->2->0 [1] -1/-1/-1->2->0
r1t07:5522:5687 [0] NCCL INFO P2P Chunksize set to 131072
r1t07:5522:5687 [0] NCCL INFO misc/utils.cc:235 memory stack hunk malloc(65536)
r1t07:5522:5687 [0] NCCL INFO channel.cc:40 Cuda Alloc Size 1824 pointer 0x2b69e8c00000
r1t07:5522:5687 [0] NCCL INFO channel.cc:43 Cuda Alloc Size 40 pointer 0x2b69e8e00000
r1t07:5522:5687 [0] NCCL INFO channel.cc:54 Cuda Alloc Size 12 pointer 0x2b69e9000000
r1t07:5522:5687 [0] NCCL INFO channel.cc:40 Cuda Alloc Size 1824 pointer 0x2b69e9200000
r1t07:5522:5687 [0] NCCL INFO channel.cc:43 Cuda Alloc Size 40 pointer 0x2b69e9400000
r1t07:5522:5687 [0] NCCL INFO channel.cc:54 Cuda Alloc Size 12 pointer 0x2b69e9600000
r1t07:5522:5687 [0] NCCL INFO GPU Direct RDMA Disabled for GPU 81000 / HCA 0 (distance 7 > 4)
r1t07:5522:5689 [0] NCCL INFO Mem Realloc old size 0, new size 8 pointer 0x2b69f0002f10
r1t07:5522:5689 [0] NCCL INFO Allocated 4194660 bytes of shared memory in /dev/shm/nccl-sSXmcx
r1t07:5522:5689 [0] NCCL INFO New proxy recv connection 0 from local rank 0, transport 2
r1t07:5522:5689 [0] NCCL INFO proxyProgressAsync opId=0x2b69df6a4a30 op.type=1 op.reqBuff=0x2b69f0002eb0 op.respSize=16 done
r1t07:5522:5689 [0] NCCL INFO Received and initiated operation=Init res=0
r1t07:5522:5687 [0] NCCL INFO ncclPollProxyResponse Received new opId=0x2b69df6a4a30
r1t07:5522:5687 [0] NCCL INFO resp.opId=0x2b69df6a4a30 matches expected opId=0x2b69df6a4a30
r1t07:5522:5687 [0] NCCL INFO Connected to proxy localRank 0 -> connection 0x2b69f0006240
r1t07:5522:5689 [0] NCCL INFO proxyProgressAsync opId=0x2b69df6a4a30 op.type=3 op.reqBuff=0x2b69f0002f90 op.respSize=128 done
r1t07:5522:5689 [0] NCCL INFO Received and initiated operation=Setup res=0
r1t07:5522:5687 [0] NCCL INFO ncclPollProxyResponse Received new opId=0x2b69df6a4a30
r1t07:5522:5687 [0] NCCL INFO resp.opId=0x2b69df6a4a30 matches expected opId=0x2b69df6a4a30
r1t07:5522:5687 [0] NCCL INFO Channel 00/0 : 1[0] -> 2[0] [receive] via NET/IB/0
r1t07:5522:5687 [0] NCCL INFO GPU Direct RDMA Disabled for GPU 81000 / HCA 0 (distance 7 > 4)
r1t07:5522:5689 [0] NCCL INFO New proxy recv connection 1 from local rank 0, transport 2
r1t07:5522:5689 [0] NCCL INFO proxyProgressAsync opId=0x2b69df6a4a30 op.type=1 op.reqBuff=0x2b69f0002ef0 op.respSize=16 done
r1t07:5522:5689 [0] NCCL INFO Received and initiated operation=Init res=0
r1t07:5522:5687 [0] NCCL INFO ncclPollProxyResponse Received new opId=0x2b69df6a4a30
r1t07:5522:5687 [0] NCCL INFO resp.opId=0x2b69df6a4a30 matches expected opId=0x2b69df6a4a30
r1t07:5522:5687 [0] NCCL INFO Connected to proxy localRank 0 -> connection 0x2b69f00062b8
r1t07:5522:5689 [0] NCCL INFO proxyProgressAsync opId=0x2b69df6a4a30 op.type=3 op.reqBuff=0x2b69f0002f90 op.respSize=128 done
r1t07:5522:5689 [0] NCCL INFO Received and initiated operation=Setup res=0
r1t07:5522:5687 [0] NCCL INFO ncclPollProxyResponse Received new opId=0x2b69df6a4a30
r1t07:5522:5687 [0] NCCL INFO resp.opId=0x2b69df6a4a30 matches expected opId=0x2b69df6a4a30
r1t07:5522:5687 [0] NCCL INFO Channel 01/0 : 1[0] -> 2[0] [receive] via NET/IB/0
r1t07:5522:5687 [0] NCCL INFO GPU Direct RDMA Disabled for GPU 81000 / HCA 0 (distance 7 > 4)
r1t07:5522:5689 [0] NCCL INFO New proxy send connection 2 from local rank 0, transport 2
r1t07:5522:5689 [0] NCCL INFO proxyProgressAsync opId=0x2b69df6a4a30 op.type=1 op.reqBuff=0x2b69f0002eb0 op.respSize=16 done
r1t07:5522:5689 [0] NCCL INFO Received and initiated operation=Init res=0
r1t07:5522:5687 [0] NCCL INFO ncclPollProxyResponse Received new opId=0x2b69df6a4a30
r1t07:5522:5687 [0] NCCL INFO resp.opId=0x2b69df6a4a30 matches expected opId=0x2b69df6a4a30
r1t07:5522:5687 [0] NCCL INFO Connected to proxy localRank 0 -> connection 0x2b69f0006330
r1t07:5522:5689 [0] NCCL INFO proxyProgressAsync opId=0x2b69df6a4a30 op.type=3 op.reqBuff=0x2b69f0002f90 op.respSize=0 done
r1t07:5522:5689 [0] NCCL INFO Received and initiated operation=Setup res=0
r1t07:5522:5687 [0] NCCL INFO ncclPollProxyResponse Received new opId=0x2b69df6a4a30
r1t07:5522:5687 [0] NCCL INFO resp.opId=0x2b69df6a4a30 matches expected opId=0x2b69df6a4a30
r1t07:5522:5687 [0] NCCL INFO Channel 00/0 : 2[0] -> 0[0] [send] via NET/IB/0
r1t07:5522:5687 [0] NCCL INFO GPU Direct RDMA Disabled for GPU 81000 / HCA 0 (distance 7 > 4)
r1t07:5522:5689 [0] NCCL INFO New proxy send connection 3 from local rank 0, transport 2
r1t07:5522:5689 [0] NCCL INFO proxyProgressAsync opId=0x2b69df6a4a30 op.type=1 op.reqBuff=0x2b69f0002ef0 op.respSize=16 done
r1t07:5522:5689 [0] NCCL INFO Received and initiated operation=Init res=0
r1t07:5522:5687 [0] NCCL INFO ncclPollProxyResponse Received new opId=0x2b69df6a4a30
r1t07:5522:5687 [0] NCCL INFO resp.opId=0x2b69df6a4a30 matches expected opId=0x2b69df6a4a30
r1t07:5522:5687 [0] NCCL INFO Connected to proxy localRank 0 -> connection 0x2b69f00063a8
r1t07:5522:5689 [0] NCCL INFO proxyProgressAsync opId=0x2b69df6a4a30 op.type=3 op.reqBuff=0x2b69f0002f90 op.respSize=0 done
r1t07:5522:5689 [0] NCCL INFO Received and initiated operation=Setup res=0
r1t07:5522:5687 [0] NCCL INFO ncclPollProxyResponse Received new opId=0x2b69df6a4a30
r1t07:5522:5687 [0] NCCL INFO resp.opId=0x2b69df6a4a30 matches expected opId=0x2b69df6a4a30
r1t07:5522:5687 [0] NCCL INFO Channel 01/0 : 2[0] -> 0[0] [send] via NET/IB/0
r1t07:5522:5687 [0] NCCL INFO sendConnect ncclProxyCallAsync opId=0x2b69df688ba0
r1t07:5522:5687 [0] NCCL INFO recvConnect ncclProxyCallAsync opId=0x2b69df689088 &recv->proxyConn=0x2b69df689090 connectInfo=0x2b69df6a2970
r1t07:5522:5687 [0] NCCL INFO sendConnect ncclProxyCallAsync opId=0x2b69df69db50
r1t07:5522:5687 [0] NCCL INFO recvConnect ncclProxyCallAsync opId=0x2b69df69e038 &recv->proxyConn=0x2b69df69e040 connectInfo=0x2b69df6a29f0
r1t07:5522:5689 [0] NCCL INFO transport/net_ib.cc:633 Ib Alloc Size 102424 pointer 0x2b69f0024000
r1t07:5522:5689 [0] NCCL INFO NET/IB: Dev 0 Port 1 qpn 124041 mtu 5 LID 57
r1t07:5522:5689 [0] NCCL INFO transport/net_ib.cc:696 Ib Alloc Size 2600 pointer 0x2b69f0084000
r1t07:5522:5689 [0] NCCL INFO Received and initiated operation=Connect res=0
r1t07:5522:5689 [0] NCCL INFO transport/net_ib.cc:765 Ib Alloc Size 85256 pointer 0x2b69f008b000
r1t07:5522:5689 [0] NCCL INFO transport/net_ib.cc:778 Ib Alloc Size 2600 pointer 0x2b69f00a1000
r1t07:5522:5689 [0] NCCL INFO Received and initiated operation=Connect res=0
r1t07:5522:5689 [0] NCCL INFO transport/net_ib.cc:633 Ib Alloc Size 102424 pointer 0x2b69f00a8000
r1t07:5522:5689 [0] NCCL INFO NET/IB: Dev 0 Port 1 qpn 124042 mtu 5 LID 57
r1t07:5522:5689 [0] NCCL INFO transport/net_ib.cc:696 Ib Alloc Size 2600 pointer 0x2b69f00fe000
r1t07:5522:5689 [0] NCCL INFO Received and initiated operation=Connect res=0
r1t07:5522:5689 [0] NCCL INFO transport/net_ib.cc:765 Ib Alloc Size 85256 pointer 0x2b69f0105000
r1t07:5522:5689 [0] NCCL INFO Received and initiated operation=Connect res=0
r1t07:5522:5689 [0] NCCL INFO transport/net_ib.cc:868 Ib Alloc Size 2600 pointer 0x2b69f0180000
r1t07:5522:5689 [0] NCCL INFO transport/net.cc:735 Cuda Host Alloc Size 9641984 pointer 0x2b69f8000000
r1t07:5522:5689 [0] NCCL INFO Mem Realloc old size 0, new size 768 pointer 0x2b69f01335d0
r1t07:5522:5689 [0] NCCL INFO proxyProgressAsync opId=0x2b69df69db50 op.type=4 op.reqBuff=0x2b69f003ef00 op.respSize=21040 done
r1t07:5522:5689 [0] NCCL INFO transport/net_ib.cc:778 Ib Alloc Size 2600 pointer 0x2b69f00a1000
r1t07:5522:5687 [0] NCCL INFO ncclPollProxyResponse Received new opId=0x2b69df69db50
r1t07:5522:5687 [0] NCCL INFO Queuing opId=0x2b69df69db50 respBuff=0x2b69df6cfd50 respSize=21040
r1t07:5522:5687 [0] NCCL INFO ncclPollProxyResponse Dequeued cached opId=0x2b69df69db50
r1t07:5522:5687 [0] NCCL INFO sendConnect ncclPollProxyResponse opId=0x2b69df69db50
r1t07:5522:5689 [0] NCCL INFO transport/net_ib.cc:868 Ib Alloc Size 2600 pointer 0x2b69f01e3000
r1t07:5522:5689 [0] NCCL INFO transport/net.cc:735 Cuda Host Alloc Size 9641984 pointer 0x2b69f8a00000
r1t07:5522:5689 [0] NCCL INFO proxyProgressAsync opId=0x2b69df688ba0 op.type=4 op.reqBuff=0x2b69f0009e50 op.respSize=21040 done
r1t07:5522:5689 [0] NCCL INFO transport/net.cc:883 Cuda Host Alloc Size 9641984 pointer 0x2b69f9400000
r1t07:5522:5687 [0] NCCL INFO ncclPollProxyResponse Received new opId=0x2b69df688ba0
r1t07:5522:5687 [0] NCCL INFO Queuing opId=0x2b69df688ba0 respBuff=0x2b69df6cfd50 respSize=21040
r1t07:5522:5687 [0] NCCL INFO ncclPollProxyResponse Dequeued cached opId=0x2b69df688ba0
r1t07:5522:5687 [0] NCCL INFO sendConnect ncclPollProxyResponse opId=0x2b69df688ba0
r1t07:5522:5689 [0] NCCL INFO proxyProgressAsync opId=0x2b69df689088 op.type=4 op.reqBuff=0x2b69f0002eb0 op.respSize=21040 done
r1t07:5522:5689 [0] NCCL INFO transport/net.cc:883 Cuda Host Alloc Size 9641984 pointer 0x2b69fa000000
r1t07:5522:5687 [0] NCCL INFO ncclPollProxyResponse Received new opId=0x2b69df689088
r1t07:5522:5687 [0] NCCL INFO resp.opId=0x2b69df689088 matches expected opId=0x2b69df689088
r1t07:5522:5687 [0] NCCL INFO recvConnect ncclPollProxyResponse opId=0x2b69df689088
r1t07:5522:5689 [0] NCCL INFO proxyProgressAsync opId=0x2b69df69e038 op.type=4 op.reqBuff=0x2b69f0002ef0 op.respSize=21040 done
r1t07:5522:5687 [0] NCCL INFO ncclPollProxyResponse Received new opId=0x2b69df69e038
r1t07:5522:5687 [0] NCCL INFO resp.opId=0x2b69df69e038 matches expected opId=0x2b69df69e038
r1t07:5522:5687 [0] NCCL INFO recvConnect ncclPollProxyResponse opId=0x2b69df69e038
r1t07:5522:5687 [0] NCCL INFO Connected all rings
r1t07:5522:5687 [0] NCCL INFO GPU Direct RDMA Disabled for GPU 81000 / HCA 0 (distance 7 > 4)
r1t07:5522:5689 [0] NCCL INFO New proxy recv connection 4 from local rank 0, transport 2
r1t07:5522:5689 [0] NCCL INFO proxyProgressAsync opId=0x2b69df6c0630 op.type=1 op.reqBuff=0x2b69f0002ef0 op.respSize=16 done
r1t07:5522:5689 [0] NCCL INFO Received and initiated operation=Init res=0
r1t07:5522:5687 [0] NCCL INFO ncclPollProxyResponse Received new opId=0x2b69df6c0630
r1t07:5522:5687 [0] NCCL INFO resp.opId=0x2b69df6c0630 matches expected opId=0x2b69df6c0630
r1t07:5522:5687 [0] NCCL INFO Connected to proxy localRank 0 -> connection 0x2b69f0006420
r1t07:5522:5689 [0] NCCL INFO proxyProgressAsync opId=0x2b69df6a4a60 op.type=3 op.reqBuff=0x2b69f0023fd0 op.respSize=128 done
r1t07:5522:5689 [0] NCCL INFO Received and initiated operation=Setup res=0
r1t07:5522:5687 [0] NCCL INFO ncclPollProxyResponse Received new opId=0x2b69df6a4a60
r1t07:5522:5687 [0] NCCL INFO resp.opId=0x2b69df6a4a60 matches expected opId=0x2b69df6a4a60
r1t07:5522:5687 [0] NCCL INFO Channel 00/0 : 0[0] -> 2[0] [receive] via NET/IB/0
r1t07:5522:5687 [0] NCCL INFO GPU Direct RDMA Disabled for GPU 81000 / HCA 0 (distance 7 > 4)
r1t07:5522:5689 [0] NCCL INFO New proxy recv connection 5 from local rank 0, transport 2
r1t07:5522:5689 [0] NCCL INFO proxyProgressAsync opId=0x2b69df6a4a60 op.type=1 op.reqBuff=0x2b69f0002ef0 op.respSize=16 done
r1t07:5522:5689 [0] NCCL INFO Received and initiated operation=Init res=0
r1t07:5522:5687 [0] NCCL INFO ncclPollProxyResponse Received new opId=0x2b69df6a4a60
r1t07:5522:5687 [0] NCCL INFO resp.opId=0x2b69df6a4a60 matches expected opId=0x2b69df6a4a60
r1t07:5522:5687 [0] NCCL INFO Connected to proxy localRank 0 -> connection 0x2b69f0006498
r1t07:5522:5689 [0] NCCL INFO proxyProgressAsync opId=0x2b69df6a4a60 op.type=3 op.reqBuff=0x2b69f003efd0 op.respSize=128 done
r1t07:5522:5689 [0] NCCL INFO Received and initiated operation=Setup res=0
r1t07:5522:5687 [0] NCCL INFO ncclPollProxyResponse Received new opId=0x2b69df6a4a60
r1t07:5522:5687 [0] NCCL INFO resp.opId=0x2b69df6a4a60 matches expected opId=0x2b69df6a4a60
r1t07:5522:5687 [0] NCCL INFO Channel 01/0 : 0[0] -> 2[0] [receive] via NET/IB/0
r1t07:5522:5687 [0] NCCL INFO GPU Direct RDMA Disabled for GPU 81000 / HCA 0 (distance 7 > 4)
r1t07:5522:5689 [0] NCCL INFO New proxy send connection 6 from local rank 0, transport 2
r1t07:5522:5689 [0] NCCL INFO proxyProgressAsync opId=0x2b69df6a4a60 op.type=1 op.reqBuff=0x2b69f0002ef0 op.respSize=16 done
r1t07:5522:5689 [0] NCCL INFO Received and initiated operation=Init res=0
r1t07:5522:5687 [0] NCCL INFO ncclPollProxyResponse Received new opId=0x2b69df6a4a60
r1t07:5522:5687 [0] NCCL INFO resp.opId=0x2b69df6a4a60 matches expected opId=0x2b69df6a4a60
r1t07:5522:5687 [0] NCCL INFO Connected to proxy localRank 0 -> connection 0x2b69f0006510
r1t07:5522:5689 [0] NCCL INFO proxyProgressAsync opId=0x2b69df6a4a60 op.type=3 op.reqBuff=0x2b69f0133fd0 op.respSize=0 done
r1t07:5522:5689 [0] NCCL INFO Received and initiated operation=Setup res=0
r1t07:5522:5687 [0] NCCL INFO ncclPollProxyResponse Received new opId=0x2b69df6a4a60
r1t07:5522:5687 [0] NCCL INFO resp.opId=0x2b69df6a4a60 matches expected opId=0x2b69df6a4a60
r1t07:5522:5687 [0] NCCL INFO Channel 00/0 : 2[0] -> 1[0] [send] via NET/IB/0
r1t07:5522:5687 [0] NCCL INFO sendConnect ncclProxyCallAsync opId=0x2b69df688ee8
r1t07:5522:5687 [0] NCCL INFO recvConnect ncclProxyCallAsync opId=0x2b69df688d40 &recv->proxyConn=0x2b69df688d48 connectInfo=0x2b69df6a4ae0
r1t07:5522:5687 [0] NCCL INFO recvConnect ncclProxyCallAsync opId=0x2b69df69dcf0 &recv->proxyConn=0x2b69df69dcf8 connectInfo=0x2b69df6a4b60
r1t07:5522:5689 [0] NCCL INFO transport/net_ib.cc:633 Ib Alloc Size 102424 pointer 0x2b69f01ef000
r1t07:5522:5689 [0] NCCL INFO NET/IB: Dev 0 Port 1 qpn 124047 mtu 5 LID 57
r1t07:5522:5689 [0] NCCL INFO transport/net_ib.cc:696 Ib Alloc Size 2600 pointer 0x2b69f0241000
r1t07:5522:5689 [0] NCCL INFO Received and initiated operation=Connect res=0
r1t07:5522:5689 [0] NCCL INFO transport/net_ib.cc:765 Ib Alloc Size 85256 pointer 0x2b69f0248000
r1t07:5522:5689 [0] NCCL INFO transport/net_ib.cc:778 Ib Alloc Size 2600 pointer 0x2b69f025e000
r1t07:5522:5689 [0] NCCL INFO transport/net_ib.cc:868 Ib Alloc Size 2600 pointer 0x2b69f025e000
r1t07:5522:5689 [0] NCCL INFO Received and initiated operation=Connect res=0
r1t07:5522:5689 [0] NCCL INFO transport/net_ib.cc:765 Ib Alloc Size 85256 pointer 0x2b69f02ca000
r1t07:5522:5689 [0] NCCL INFO transport/net_ib.cc:778 Ib Alloc Size 2600 pointer 0x2b69f02e0000
r1t07:5522:5689 [0] NCCL INFO transport/net_ib.cc:868 Ib Alloc Size 2600 pointer 0x2b69f02e0000
r1t07:5522:5689 [0] NCCL INFO Received and initiated operation=Connect res=0
r1t07:5522:5689 [0] NCCL INFO transport/net.cc:883 Cuda Host Alloc Size 9641984 pointer 0x2b69faa00000
r1t07:5522:5689 [0] NCCL INFO proxyProgressAsync opId=0x2b69df688d40 op.type=4 op.reqBuff=0x2b69f0002ef0 op.respSize=21040 done
r1t07:5522:5689 [0] NCCL INFO transport/net.cc:735 Cuda Host Alloc Size 9641984 pointer 0x2b69fb400000
r1t07:5522:5687 [0] NCCL INFO ncclPollProxyResponse Received new opId=0x2b69df688d40
r1t07:5522:5687 [0] NCCL INFO Queuing opId=0x2b69df688d40 respBuff=0x2b69df6df3e0 respSize=21040
r1t07:5522:5687 [0] NCCL INFO ncclPollProxyResponse Dequeued cached opId=0x2b69df688d40
r1t07:5522:5687 [0] NCCL INFO recvConnect ncclPollProxyResponse opId=0x2b69df688d40
r1t07:5522:5689 [0] NCCL INFO proxyProgressAsync opId=0x2b69df688ee8 op.type=4 op.reqBuff=0x2b69f0196cc0 op.respSize=21040 done
r1t07:5522:5689 [0] NCCL INFO transport/net.cc:883 Cuda Host Alloc Size 9641984 pointer 0x2b69fc000000
r1t07:5522:5687 [0] NCCL INFO ncclPollProxyResponse Received new opId=0x2b69df688ee8
r1t07:5522:5687 [0] NCCL INFO resp.opId=0x2b69df688ee8 matches expected opId=0x2b69df688ee8
r1t07:5522:5687 [0] NCCL INFO sendConnect ncclPollProxyResponse opId=0x2b69df688ee8
r1t07:5522:5689 [0] NCCL INFO proxyProgressAsync opId=0x2b69df69dcf0 op.type=4 op.reqBuff=0x2b69f015dfd0 op.respSize=21040 done
r1t07:5522:5687 [0] NCCL INFO ncclPollProxyResponse Received new opId=0x2b69df69dcf0
r1t07:5522:5687 [0] NCCL INFO resp.opId=0x2b69df69dcf0 matches expected opId=0x2b69df69dcf0
r1t07:5522:5687 [0] NCCL INFO recvConnect ncclPollProxyResponse opId=0x2b69df69dcf0
r1t07:5522:5687 [0] NCCL INFO Connected all trees
r1t07:5522:5687 [0] NCCL INFO threadThresholds 8/8/64 | 24/8/64 | 512 | 512
r1t07:5522:5687 [0] NCCL INFO 2 coll channels, 0 nvls channels, 2 p2p channels, 2 p2p channels per peer
r1t07:5522:5689 [0] NCCL INFO New proxy send connection 7 from local rank 0, transport 2
r1t07:5522:5689 [0] NCCL INFO proxyProgressAsync opId=0x2b69df6a2930 op.type=1 op.reqBuff=0x2b69f0023fd0 op.respSize=16 done
r1t07:5522:5689 [0] NCCL INFO Received and initiated operation=Init res=0
r1t07:5522:5687 [0] NCCL INFO ncclPollProxyResponse Received new opId=0x2b69df6a2930
r1t07:5522:5687 [0] NCCL INFO resp.opId=0x2b69df6a2930 matches expected opId=0x2b69df6a2930
r1t07:5522:5687 [0] NCCL INFO Connected to proxy localRank 0 -> connection 0x2b69f0006588
r1t07:5522:5689 [0] NCCL INFO Allocated shareable buffer 0x2b69fca00000 size 4194304 ipcDesc 0x2b69f025f8c8
r1t07:5522:5689 [0] NCCL INFO proxyProgressAsync opId=0x2b69df6a2930 op.type=2 op.reqBuff=0x2b69f0133fd0 op.respSize=0 done
r1t07:5522:5689 [0] NCCL INFO Received and initiated operation=SharedInit res=0
r1t07:5522:5687 [0] NCCL INFO ncclPollProxyResponse Received new opId=0x2b69df6a2930
r1t07:5522:5687 [0] NCCL INFO resp.opId=0x2b69df6a2930 matches expected opId=0x2b69df6a2930
r1t07:5522:5687 [0] NCCL INFO init.cc:415 Cuda Alloc Size 7744 pointer 0x2b69fce00000
r1t07:5522:5687 [0] NCCL INFO init.cc:441 Cuda Host Alloc Size 33554432 pointer 0x2b69fe000000
r1t07:5522:5687 [0] NCCL INFO init.cc:447 Cuda Host Alloc Size 128 pointer 0x2b69d1400200
r1t07:5522:5687 [0] NCCL INFO Tuner: plugin load '(null)' returned error (11 : (null)), using default tuner instead.
r1t07:5522:5687 [0] NCCL INFO comm 0xc0e1a90 rank 2 nranks 3 cudaDev 0 nvmlDev 0 busId 81000 commId 0x50c3532c0f84c15b - Init COMPLETE
r1t07:5522:5522 [0] NCCL INFO Broadcast: opCount 0 sendbuff 0x2b69d1200000 recvbuff 0x2b69d1200000 count 8 datatype 0 op 0 root 0 comm 0xc0e1a90 [nranks=3] stream 0xc0e57e0
r1t07:5522:5522 [0] NCCL INFO misc/utils.cc:235 memory stack hunk malloc(65536)
r1t07:5522:5522 [0] NCCL INFO Broadcast: opCount 1 sendbuff 0x2b69d1200200 recvbuff 0x2b69d1200200 count 119 datatype 0 op 0 root 0 comm 0xc0e1a90 [nranks=3] stream 0xc0e57e0
r1t07:5522:5522 [0] NCCL INFO AllReduce: opCount 2 sendbuff 0x2b69d1200200 recvbuff 0x2b69d1200200 count 1 datatype 1 op 0 root 0 comm 0xc0e1a90 [nranks=3] stream 0xc0e57e0
r1t07:5522:5522 [0] NCCL INFO AllReduce: opCount 3 sendbuff 0x2b69d1200000 recvbuff 0x2b69d1200000 count 1 datatype 1 op 0 root 0 comm 0xc0e1a90 [nranks=3] stream 0xc0e57e0
r1t07:5522:5522 [0] NCCL INFO AllGather: opCount 4 sendbuff 0x2b6a0b400000 recvbuff 0x2b6a0b400800 count 8 datatype 0 op 0 root 0 comm 0xc0e1a90 [nranks=3] stream 0xc0e57e0
r1t07:5522:5522 [0] NCCL INFO Broadcast: opCount 5 sendbuff 0x2b6a0b400800 recvbuff 0x2b6a0b400800 count 5136 datatype 0 op 0 root 0 comm 0xc0e1a90 [nranks=3] stream 0xc0e57e0
r1t07:5522:5522 [0] NCCL INFO Broadcast: opCount 6 sendbuff 0x2b6a0c000000 recvbuff 0x2b6a0c000000 count 94295848 datatype 0 op 0 root 0 comm 0xc0e1a90 [nranks=3] stream 0xc0e57e0
r1t07:5522:5522 [0] NCCL INFO Broadcast: opCount 7 sendbuff 0x2b6a0b400000 recvbuff 0x2b6a0b400000 count 424 datatype 0 op 0 root 0 comm 0xc0e1a90 [nranks=3] stream 0xc0e57e0
r1t07:5522:5522 [0] NCCL INFO AllReduce: opCount 8 sendbuff 0x2b69d1200200 recvbuff 0x2b69d1200200 count 1 datatype 1 op 0 root 0 comm 0xc0e1a90 [nranks=3] stream 0xc0e57e0
r1t07:5522:5522 [0] NCCL INFO AllReduce: opCount 9 sendbuff 0x2b6a051f8600 recvbuff 0x2b6a051f8600 count 1 datatype 1 op 0 root 0 comm 0xc0e1a90 [nranks=3] stream 0xc0e57e0
r1t07:5522:5522 [0] NCCL INFO AllReduce: opCount a sendbuff 0x2b69d1200200 recvbuff 0x2b69d1200200 count 1 datatype 1 op 0 root 0 comm 0xc0e1a90 [nranks=3] stream 0xc0e57e0
r1t07:5522:5522 [0] NCCL INFO AllReduce: opCount b sendbuff 0x2b6a051f8600 recvbuff 0x2b6a051f8600 count 1 datatype 1 op 0 root 0 comm 0xc0e1a90 [nranks=3] stream 0xc0e57e0
r1t07:5522:5522 [0] NCCL INFO AllReduce: opCount c sendbuff 0x2b69d1200200 recvbuff 0x2b69d1200200 count 1 datatype 4 op 0 root 0 comm 0xc0e1a90 [nranks=3] stream 0xc0e57e0
r1t07:5522:5522 [0] NCCL INFO Broadcast: opCount d sendbuff 0x2b6a05580000 recvbuff 0x2b6a05580000 count 212480 datatype 0 op 0 root 0 comm 0xc0e1a90 [nranks=3] stream 0xc0e57e0
r1t07:5522:5522 [0] NCCL INFO Broadcast: opCount e sendbuff 0x2b69d1200200 recvbuff 0x2b69d1200200 count 424 datatype 0 op 0 root 0 comm 0xc0e1a90 [nranks=3] stream 0xc0e57e0
r1t07:5522:5522 [0] NCCL INFO AllReduce: opCount f sendbuff 0x2b6a051ff000 recvbuff 0x2b6a051ff000 count 1 datatype 1 op 0 root 0 comm 0xc0e1a90 [nranks=3] stream 0xc0e57e0
r1t07:5522:5522 [0] NCCL INFO AllReduce: opCount 10 sendbuff 0x2b69d1200200 recvbuff 0x2b69d1200200 count 1 datatype 7 op 4 root 0 comm 0xc0e1a90 [nranks=3] stream 0xc0e57e0
r1t07:5522:5522 [0] NCCL INFO AllReduce: opCount 11 sendbuff 0x2b6a051f8000 recvbuff 0x2b6a051f8000 count 1 datatype 1 op 0 root 0 comm 0xc0e1a90 [nranks=3] stream 0xc0e57e0
r1t07:5522:5522 [0] NCCL INFO AllReduce: opCount 12 sendbuff 0x2b6a051ffc00 recvbuff 0x2b6a051ffc00 count 1 datatype 4 op 4 root 0 comm 0xc0e1a90 [nranks=3] stream 0xc0e57e0
r1t07:5522:5522 [0] NCCL INFO AllReduce: opCount 13 sendbuff 0x2b6a051ff000 recvbuff 0x2b6a051ff000 count 1 datatype 1 op 0 root 0 comm 0xc0e1a90 [nranks=3] stream 0xc0e57e0
r1t07:5522:5522 [0] NCCL INFO AllGather: opCount 14 sendbuff 0x2b6a051ff000 recvbuff 0x2b6a051ff800 count 8 datatype 0 op 0 root 0 comm 0xc0e1a90 [nranks=3] stream 0xc0e57e0
r1t07:5522:5522 [0] NCCL INFO AllGather: opCount 15 sendbuff 0x2b6a05580000 recvbuff 0x2b6a051f8a00 count 8 datatype 0 op 0 root 0 comm 0xc0e1a90 [nranks=3] stream 0xc0e57e0
r1t07:5522:5522 [0] NCCL INFO AllReduce: opCount 16 sendbuff 0x2b69d1200200 recvbuff 0x2b69d1200200 count 1 datatype 1 op 0 root 0 comm 0xc0e1a90 [nranks=3] stream 0xc0e57e0
r1t07:5522:5522 [0] NCCL INFO AllGather: opCount 17 sendbuff 0x2b69d1200200 recvbuff 0x2b6a051ff600 count 8 datatype 0 op 0 root 0 comm 0xc0e1a90 [nranks=3] stream 0xc0e57e0
r1t07:5522:5522 [0] NCCL INFO AllGather: opCount 18 sendbuff 0x2b6a051f7400 recvbuff 0x2b6a051f9000 count 8 datatype 0 op 0 root 0 comm 0xc0e1a90 [nranks=3] stream 0xc0e57e0
r1t07:5522:5522 [0] NCCL INFO AllReduce: opCount 19 sendbuff 0x2b6a051f8600 recvbuff 0x2b6a051f8600 count 1 datatype 1 op 0 root 0 comm 0xc0e1a90 [nranks=3] stream 0xc0e57e0
r1t07:5522:5522 [0] NCCL INFO AllGather: opCount 1a sendbuff 0x2b6a051f8600 recvbuff 0x2b6a051ff400 count 8 datatype 0 op 0 root 0 comm 0xc0e1a90 [nranks=3] stream 0xc0e57e0
r1t07:5522:5522 [0] NCCL INFO AllGather: opCount 1b sendbuff 0x2b6a051fee00 recvbuff 0x2b6a051f9600 count 8 datatype 0 op 0 root 0 comm 0xc0e1a90 [nranks=3] stream 0xc0e57e0
r1t07:5522:5522 [0] NCCL INFO AllReduce: opCount 1c sendbuff 0x2b69d1200200 recvbuff 0x2b69d1200200 count 1 datatype 1 op 0 root 0 comm 0xc0e1a90 [nranks=3] stream 0xc0e57e0
r1t07:5522:5522 [0] NCCL INFO AllGather: opCount 1d sendbuff 0x2b69d1200200 recvbuff 0x2b6a051ff200 count 8 datatype 0 op 0 root 0 comm 0xc0e1a90 [nranks=3] stream 0xc0e57e0
r1t07:5522:5522 [0] NCCL INFO AllGather: opCount 1e sendbuff 0x2b6a051ffe00 recvbuff 0x2b6a051f9c00 count 8 datatype 0 op 0 root 0 comm 0xc0e1a90 [nranks=3] stream 0xc0e57e0
r1t07:5522:5522 [0] NCCL INFO AllReduce: opCount 1f sendbuff 0x2b6a051f8600 recvbuff 0x2b6a051f8600 count 1 datatype 1 op 0 root 0 comm 0xc0e1a90 [nranks=3] stream 0xc0e57e0
r1t07:5522:5522 [0] NCCL INFO AllReduce: opCount 20 sendbuff 0x2b6a051f8000 recvbuff 0x2b6a051f8000 count 1 datatype 1 op 0 root 0 comm 0xc0e1a90 [nranks=3] stream 0xc0e57e0
r1t07:5522:5522 [0] NCCL INFO AllReduce: opCount 21 sendbuff 0x2b6a051f8600 recvbuff 0x2b6a051f8600 count 1 datatype 4 op 0 root 0 comm 0xc0e1a90 [nranks=3] stream 0xc0e57e0
r1t07:5522:5522 [0] NCCL INFO AllReduce: opCount 22 sendbuff 0x2b6a051f8800 recvbuff 0x2b6a051f8800 count 1 datatype 1 op 0 root 0 comm 0xc0e1a90 [nranks=3] stream 0xc0e57e0
r1t07:5522:5522 [0] NCCL INFO AllReduce: opCount 23 sendbuff 0x2b6a051f8000 recvbuff 0x2b6a051f8000 count 1 datatype 4 op 0 root 0 comm 0xc0e1a90 [nranks=3] stream 0xc0e57e0
r1t07:5522:5737 [0] NCCL INFO AllReduce: opCount 24 sendbuff 0x2b6a12000000 recvbuff 0x2b6a12000000 count 23520842 datatype 7 op 0 root 0 comm 0xc0e1a90 [nranks=3] stream 0xc0e57e0
r1t07:5522:5522 [0] NCCL INFO AllReduce: opCount 25 sendbuff 0x2b6a051f8600 recvbuff 0x2b6a051f8600 count 1 datatype 1 op 0 root 0 comm 0xc0e1a90 [nranks=3] stream 0xc0e57e0
r1t07:5522:5522 [0] NCCL INFO AllGather: opCount 26 sendbuff 0x2b6a051f8400 recvbuff 0x2b6b5bfff200 count 4 datatype 0 op 0 root 0 comm 0xc0e1a90 [nranks=3] stream 0xc0e57e0
r1t07:5522:5522 [0] NCCL INFO Broadcast: opCount 27 sendbuff 0x2b6b5bfffa00 recvbuff 0x2b6b5bfffa00 count 648 datatype 0 op 0 root 0 comm 0xc0e1a90 [nranks=3] stream 0xc0e57e0
r1t07:5522:5522 [0] NCCL INFO Broadcast: opCount 28 sendbuff 0x2b6a051f7000 recvbuff 0x2b6a051f7000 count 20 datatype 0 op 0 root 0 comm 0xc0e1a90 [nranks=3] stream 0xc0e57e0
r1t07:5522:5522 [0] NCCL INFO Broadcast: opCount 29 sendbuff 0x2b6b53540000 recvbuff 0x2b6b53540000 count 212480 datatype 0 op 0 root 0 comm 0xc0e1a90 [nranks=3] stream 0xc0e57e0
r1t07:5522:5522 [0] NCCL INFO Broadcast: opCount 2a sendbuff 0x2b6a051f7000 recvbuff 0x2b6a051f7000 count 424 datatype 0 op 0 root 0 comm 0xc0e1a90 [nranks=3] stream 0xc0e57e0
r1t07:5522:5737 [0] NCCL INFO AllReduce: opCount 2b sendbuff 0x2b6b4f200000 recvbuff 0x2b6b4f200000 count 1073162 datatype 7 op 0 root 0 comm 0xc0e1a90 [nranks=3] stream 0xc0e57e0
r1t07:5522:5737 [0] NCCL INFO AllReduce: opCount 2c sendbuff 0x2b6ace000000 recvbuff 0x2b6ace000000 count 6822912 datatype 7 op 0 root 0 comm 0xc0e1a90 [nranks=3] stream 0xc0e57e0
r1t07:5522:5737 [0] NCCL INFO AllReduce: opCount 2d sendbuff 0x2b6ad0000000 recvbuff 0x2b6ad0000000 count 6563840 datatype 7 op 0 root 0 comm 0xc0e1a90 [nranks=3] stream 0xc0e57e0
r1t07:5522:5737 [0] NCCL INFO AllReduce: opCount 2e sendbuff 0x2b6ad2000000 recvbuff 0x2b6ad2000000 count 6637568 datatype 7 op 0 root 0 comm 0xc0e1a90 [nranks=3] stream 0xc0e57e0
r1t07:5522:5737 [0] NCCL INFO AllReduce: opCount 2f sendbuff 0x2b6b59900000 recvbuff 0x2b6b59900000 count 2423360 datatype 7 op 0 root 0 comm 0xc0e1a90 [nranks=3] stream 0xc0e57e0
r1t07:5522:5522 [0] NCCL INFO AllReduce: opCount 30 sendbuff 0x2b6a051f6400 recvbuff 0x2b6a051f6400 count 1 datatype 1 op 0 root 0 comm 0xc0e1a90 [nranks=3] stream 0xc0e57e0
r1t07:5522:5522 [0] NCCL INFO AllGather: opCount 31 sendbuff 0x2b6a051f8600 recvbuff 0x2b6b5bbffe00 count 4 datatype 0 op 0 root 0 comm 0xc0e1a90 [nranks=3] stream 0xc0e57e0
r1t07:5522:5522 [0] NCCL INFO Broadcast: opCount 32 sendbuff 0x2b6b49b54000 recvbuff 0x2b6b49b54000 count 212480 datatype 0 op 0 root 0 comm 0xc0e1a90 [nranks=3] stream 0xc0e57e0
r1t07:5522:5522 [0] NCCL INFO Broadcast: opCount 33 sendbuff 0x2b6a055ba400 recvbuff 0x2b6a055ba400 count 424 datatype 0 op 0 root 0 comm 0xc0e1a90 [nranks=3] stream 0xc0e57e0
r1t07:5522:5737 [0] NCCL INFO AllReduce: opCount 34 sendbuff 0x2b6b4f200000 recvbuff 0x2b6b4f200000 count 1073162 datatype 7 op 0 root 0 comm 0xc0e1a90 [nranks=3] stream 0xc0e57e0
r1t07:5522:5737 [0] NCCL INFO AllReduce: opCount 35 sendbuff 0x2b6ace000000 recvbuff 0x2b6ace000000 count 6822912 datatype 7 op 0 root 0 comm 0xc0e1a90 [nranks=3] stream 0xc0e57e0
r1t07:5522:5737 [0] NCCL INFO AllReduce: opCount 36 sendbuff 0x2b6ad0000000 recvbuff 0x2b6ad0000000 count 6563840 datatype 7 op 0 root 0 comm 0xc0e1a90 [nranks=3] stream 0xc0e57e0
r1t07:5522:5737 [0] NCCL INFO AllReduce: opCount 37 sendbuff 0x2b6ad2000000 recvbuff 0x2b6ad2000000 count 6637568 datatype 7 op 0 root 0 comm 0xc0e1a90 [nranks=3] stream 0xc0e57e0
r1t07:5522:5737 [0] NCCL INFO AllReduce: opCount 38 sendbuff 0x2b6b59900000 recvbuff 0x2b6b59900000 count 2423360 datatype 7 op 0 root 0 comm 0xc0e1a90 [nranks=3] stream 0xc0e57e0
r1t07:5522:5522 [0] NCCL INFO AllReduce: opCount 39 sendbuff 0x2b6a051f8400 recvbuff 0x2b6a051f8400 count 1 datatype 1 op 0 root 0 comm 0xc0e1a90 [nranks=3] stream 0xc0e57e0
r1t07:5522:5522 [0] NCCL INFO AllGather: opCount 3a sendbuff 0x2b6a051f6400 recvbuff 0x2b6b5bfffc00 count 4 datatype 0 op 0 root 0 comm 0xc0e1a90 [nranks=3] stream 0xc0e57e0
r1t07:5522:5522 [0] NCCL INFO Broadcast: opCount 3b sendbuff 0x2b6b49950000 recvbuff 0x2b6b49950000 count 212480 datatype 0 op 0 root 0 comm 0xc0e1a90 [nranks=3] stream 0xc0e57e0
r1t07:5522:5522 [0] NCCL INFO Broadcast: opCount 3c sendbuff 0x2b6a051f6400 recvbuff 0x2b6a051f6400 count 424 datatype 0 op 0 root 0 comm 0xc0e1a90 [nranks=3] stream 0xc0e57e0
r1t07:5522:5737 [0] NCCL INFO AllReduce: opCount 3d sendbuff 0x2b6b4f200000 recvbuff 0x2b6b4f200000 count 1073162 datatype 7 op 0 root 0 comm 0xc0e1a90 [nranks=3] stream 0xc0e57e0
r1t07:5522:5737 [0] NCCL INFO AllReduce: opCount 3e sendbuff 0x2b6ace000000 recvbuff 0x2b6ace000000 count 6822912 datatype 7 op 0 root 0 comm 0xc0e1a90 [nranks=3] stream 0xc0e57e0
r1t07:5522:5737 [0] NCCL INFO AllReduce: opCount 3f sendbuff 0x2b6ad0000000 recvbuff 0x2b6ad0000000 count 6563840 datatype 7 op 0 root 0 comm 0xc0e1a90 [nranks=3] stream 0xc0e57e0
r1t07:5522:5737 [0] NCCL INFO AllReduce: opCount 40 sendbuff 0x2b6ad2000000 recvbuff 0x2b6ad2000000 count 6637568 datatype 7 op 0 root 0 comm 0xc0e1a90 [nranks=3] stream 0xc0e57e0
r1t07:5522:5737 [0] NCCL INFO AllReduce: opCount 41 sendbuff 0x2b6b59900000 recvbuff 0x2b6b59900000 count 2423360 datatype 7 op 0 root 0 comm 0xc0e1a90 [nranks=3] stream 0xc0e57e0
r1t07:5522:5522 [0] NCCL INFO AllReduce: opCount 42 sendbuff 0x2b6a051f7000 recvbuff 0x2b6a051f7000 count 1 datatype 1 op 0 root 0 comm 0xc0e1a90 [nranks=3] stream 0xc0e57e0
r1t07:5522:5522 [0] NCCL INFO AllGather: opCount 43 sendbuff 0x2b6a051f8400 recvbuff 0x2b6b531ffe00 count 4 datatype 0 op 0 root 0 comm 0xc0e1a90 [nranks=3] stream 0xc0e57e0
r1t07:5522:5522 [0] NCCL INFO Broadcast: opCount 44 sendbuff 0x2b6b49750000 recvbuff 0x2b6b49750000 count 212480 datatype 0 op 0 root 0 comm 0xc0e1a90 [nranks=3] stream 0xc0e57e0
r1t07:5522:5522 [0] NCCL INFO Broadcast: opCount 45 sendbuff 0x2b6a051f8400 recvbuff 0x2b6a051f8400 count 424 datatype 0 op 0 root 0 comm 0xc0e1a90 [nranks=3] stream 0xc0e57e0
r1t07:5522:5737 [0] NCCL INFO AllReduce: opCount 46 sendbuff 0x2b6b4f200000 recvbuff 0x2b6b4f200000 count 1073162 datatype 7 op 0 root 0 comm 0xc0e1a90 [nranks=3] stream 0xc0e57e0
r1t07:5522:5737 [0] NCCL INFO AllReduce: opCount 47 sendbuff 0x2b6ace000000 recvbuff 0x2b6ace000000 count 6822912 datatype 7 op 0 root 0 comm 0xc0e1a90 [nranks=3] stream 0xc0e57e0
r1t07:5522:5737 [0] NCCL INFO AllReduce: opCount 48 sendbuff 0x2b6ad0000000 recvbuff 0x2b6ad0000000 count 6563840 datatype 7 op 0 root 0 comm 0xc0e1a90 [nranks=3] stream 0xc0e57e0
r1t07:5522:5737 [0] NCCL INFO AllReduce: opCount 49 sendbuff 0x2b6ad2000000 recvbuff 0x2b6ad2000000 count 6637568 datatype 7 op 0 root 0 comm 0xc0e1a90 [nranks=3] stream 0xc0e57e0
r1t07:5522:5737 [0] NCCL INFO AllReduce: opCount 4a sendbuff 0x2b6b59900000 recvbuff 0x2b6b59900000 count 2423360 datatype 7 op 0 root 0 comm 0xc0e1a90 [nranks=3] stream 0xc0e57e0
r1t07:5522:5522 [0] NCCL INFO AllReduce: opCount 4b sendbuff 0x2b6a051f6400 recvbuff 0x2b6a051f6400 count 1 datatype 1 op 0 root 0 comm 0xc0e1a90 [nranks=3] stream 0xc0e57e0
r1t07:5522:5522 [0] NCCL INFO AllGather: opCount 4c sendbuff 0x2b6a051f7000 recvbuff 0x2b6b535fe000 count 4 datatype 0 op 0 root 0 comm 0xc0e1a90 [nranks=3] stream 0xc0e57e0
r1t07:5522:5522 [0] NCCL INFO Broadcast: opCount 4d sendbuff 0x2b6b49590000 recvbuff 0x2b6b49590000 count 212480 datatype 0 op 0 root 0 comm 0xc0e1a90 [nranks=3] stream 0xc0e57e0
r1t07:5522:5522 [0] NCCL INFO Broadcast: opCount 4e sendbuff 0x2b6a051f7000 recvbuff 0x2b6a051f7000 count 424 datatype 0 op 0 root 0 comm 0xc0e1a90 [nranks=3] stream 0xc0e57e0
r1t07:5522:5737 [0] NCCL INFO AllReduce: opCount 4f sendbuff 0x2b6b4f200000 recvbuff 0x2b6b4f200000 count 1073162 datatype 7 op 0 root 0 comm 0xc0e1a90 [nranks=3] stream 0xc0e57e0
r1t07:5522:5737 [0] NCCL INFO AllReduce: opCount 50 sendbuff 0x2b6ace000000 recvbuff 0x2b6ace000000 count 6822912 datatype 7 op 0 root 0 comm 0xc0e1a90 [nranks=3] stream 0xc0e57e0
r1t07:5522:5737 [0] NCCL INFO AllReduce: opCount 51 sendbuff 0x2b6ad0000000 recvbuff 0x2b6ad0000000 count 6563840 datatype 7 op 0 root 0 comm 0xc0e1a90 [nranks=3] stream 0xc0e57e0
r1t07:5522:5737 [0] NCCL INFO AllReduce: opCount 52 sendbuff 0x2b6ad2000000 recvbuff 0x2b6ad2000000 count 6637568 datatype 7 op 0 root 0 comm 0xc0e1a90 [nranks=3] stream 0xc0e57e0
r1t07:5522:5737 [0] NCCL INFO AllReduce: opCount 53 sendbuff 0x2b6b59900000 recvbuff 0x2b6b59900000 count 2423360 datatype 7 op 0 root 0 comm 0xc0e1a90 [nranks=3] stream 0xc0e57e0
r1t07:5522:5522 [0] NCCL INFO AllReduce: opCount 54 sendbuff 0x2b6a051f8400 recvbuff 0x2b6a051f8400 count 1 datatype 1 op 0 root 0 comm 0xc0e1a90 [nranks=3] stream 0xc0e57e0
r1t07:5522:5522 [0] NCCL INFO AllGather: opCount 55 sendbuff 0x2b6a051f6400 recvbuff 0x2b6b531ffe00 count 4 datatype 0 op 0 root 0 comm 0xc0e1a90 [nranks=3] stream 0xc0e57e0
r1t07:5522:5522 [0] NCCL INFO Broadcast: opCount 56 sendbuff 0x2b6b49590000 recvbuff 0x2b6b49590000 count 212480 datatype 0 op 0 root 0 comm 0xc0e1a90 [nranks=3] stream 0xc0e57e0
r1t07:5522:5522 [0] NCCL INFO Broadcast: opCount 57 sendbuff 0x2b6a051f6400 recvbuff 0x2b6a051f6400 count 424 datatype 0 op 0 root 0 comm 0xc0e1a90 [nranks=3] stream 0xc0e57e0
r1t07:5522:5737 [0] NCCL INFO AllReduce: opCount 58 sendbuff 0x2b6b4f200000 recvbuff 0x2b6b4f200000 count 1073162 datatype 7 op 0 root 0 comm 0xc0e1a90 [nranks=3] stream 0xc0e57e0
r1t07:5522:5737 [0] NCCL INFO AllReduce: opCount 59 sendbuff 0x2b6ace000000 recvbuff 0x2b6ace000000 count 6822912 datatype 7 op 0 root 0 comm 0xc0e1a90 [nranks=3] stream 0xc0e57e0
r1t07:5522:5737 [0] NCCL INFO AllReduce: opCount 5a sendbuff 0x2b6ad0000000 recvbuff 0x2b6ad0000000 count 6563840 datatype 7 op 0 root 0 comm 0xc0e1a90 [nranks=3] stream 0xc0e57e0
r1t07:5522:5737 [0] NCCL INFO AllReduce: opCount 5b sendbuff 0x2b6ad2000000 recvbuff 0x2b6ad2000000 count 6637568 datatype 7 op 0 root 0 comm 0xc0e1a90 [nranks=3] stream 0xc0e57e0
r1t07:5522:5737 [0] NCCL INFO AllReduce: opCount 5c sendbuff 0x2b6b59900000 recvbuff 0x2b6b59900000 count 2423360 datatype 7 op 0 root 0 comm 0xc0e1a90 [nranks=3] stream 0xc0e57e0
r1t07:5522:5522 [0] NCCL INFO AllReduce: opCount 5d sendbuff 0x2b6a051f7000 recvbuff 0x2b6a051f7000 count 1 datatype 1 op 0 root 0 comm 0xc0e1a90 [nranks=3] stream 0xc0e57e0
r1t07:5522:5522 [0] NCCL INFO AllGather: opCount 5e sendbuff 0x2b6a051f8400 recvbuff 0x2b6b4976b400 count 4 datatype 0 op 0 root 0 comm 0xc0e1a90 [nranks=3] stream 0xc0e57e0
r1t07:5522:5522 [0] NCCL INFO Broadcast: opCount 5f sendbuff 0x2b6b49590000 recvbuff 0x2b6b49590000 count 212480 datatype 0 op 0 root 0 comm 0xc0e1a90 [nranks=3] stream 0xc0e57e0
r1t07:5522:5522 [0] NCCL INFO Broadcast: opCount 60 sendbuff 0x2b6a051f8400 recvbuff 0x2b6a051f8400 count 424 datatype 0 op 0 root 0 comm 0xc0e1a90 [nranks=3] stream 0xc0e57e0
r1t07:5522:5737 [0] NCCL INFO AllReduce: opCount 61 sendbuff 0x2b6b4f200000 recvbuff 0x2b6b4f200000 count 1073162 datatype 7 op 0 root 0 comm 0xc0e1a90 [nranks=3] stream 0xc0e57e0
r1t07:5522:5737 [0] NCCL INFO AllReduce: opCount 62 sendbuff 0x2b6ace000000 recvbuff 0x2b6ace000000 count 6822912 datatype 7 op 0 root 0 comm 0xc0e1a90 [nranks=3] stream 0xc0e57e0
r1t07:5522:5737 [0] NCCL INFO AllReduce: opCount 63 sendbuff 0x2b6ad0000000 recvbuff 0x2b6ad0000000 count 6563840 datatype 7 op 0 root 0 comm 0xc0e1a90 [nranks=3] stream 0xc0e57e0
r1t07:5522:5737 [0] NCCL INFO AllReduce: opCount 64 sendbuff 0x2b6ad2000000 recvbuff 0x2b6ad2000000 count 6637568 datatype 7 op 0 root 0 comm 0xc0e1a90 [nranks=3] stream 0xc0e57e0
r1t07:5522:5737 [0] NCCL INFO AllReduce: opCount 65 sendbuff 0x2b6b59900000 recvbuff 0x2b6b59900000 count 2423360 datatype 7 op 0 root 0 comm 0xc0e1a90 [nranks=3] stream 0xc0e57e0
r1t07:5522:5522 [0] NCCL INFO AllReduce: opCount 66 sendbuff 0x2b6a051f6400 recvbuff 0x2b6a051f6400 count 1 datatype 1 op 0 root 0 comm 0xc0e1a90 [nranks=3] stream 0xc0e57e0
r1t07:5522:5522 [0] NCCL INFO AllGather: opCount 67 sendbuff 0x2b6a051f7000 recvbuff 0x2b6a055eca00 count 4 datatype 0 op 0 root 0 comm 0xc0e1a90 [nranks=3] stream 0xc0e57e0
r1t07:5522:5522 [0] NCCL INFO Broadcast: opCount 68 sendbuff 0x2b6b49590000 recvbuff 0x2b6b49590000 count 212480 datatype 0 op 0 root 0 comm 0xc0e1a90 [nranks=3] stream 0xc0e57e0
r1t07:5522:5522 [0] NCCL INFO Broadcast: opCount 69 sendbuff 0x2b6a051f7000 recvbuff 0x2b6a051f7000 count 424 datatype 0 op 0 root 0 comm 0xc0e1a90 [nranks=3] stream 0xc0e57e0
r1t07:5522:5737 [0] NCCL INFO AllReduce: opCount 6a sendbuff 0x2b6b4f200000 recvbuff 0x2b6b4f200000 count 1073162 datatype 7 op 0 root 0 comm 0xc0e1a90 [nranks=3] stream 0xc0e57e0
r1t07:5522:5737 [0] NCCL INFO AllReduce: opCount 6b sendbuff 0x2b6ace000000 recvbuff 0x2b6ace000000 count 6822912 datatype 7 op 0 root 0 comm 0xc0e1a90 [nranks=3] stream 0xc0e57e0
r1t07:5522:5737 [0] NCCL INFO AllReduce: opCount 6c sendbuff 0x2b6ad0000000 recvbuff 0x2b6ad0000000 count 6563840 datatype 7 op 0 root 0 comm 0xc0e1a90 [nranks=3] stream 0xc0e57e0
r1t07:5522:5737 [0] NCCL INFO AllReduce: opCount 6d sendbuff 0x2b6ad2000000 recvbuff 0x2b6ad2000000 count 6637568 datatype 7 op 0 root 0 comm 0xc0e1a90 [nranks=3] stream 0xc0e57e0
r1t07:5522:5737 [0] NCCL INFO AllReduce: opCount 6e sendbuff 0x2b6b59900000 recvbuff 0x2b6b59900000 count 2423360 datatype 7 op 0 root 0 comm 0xc0e1a90 [nranks=3] stream 0xc0e57e0
r1t07:5522:5522 [0] NCCL INFO AllReduce: opCount 6f sendbuff 0x2b6a051f8400 recvbuff 0x2b6a051f8400 count 1 datatype 1 op 0 root 0 comm 0xc0e1a90 [nranks=3] stream 0xc0e57e0
r1t07:5522:5522 [0] NCCL INFO AllGather: opCount 70 sendbuff 0x2b6a051f6400 recvbuff 0x2b6b49766600 count 4 datatype 0 op 0 root 0 comm 0xc0e1a90 [nranks=3] stream 0xc0e57e0
r1t07:5522:5522 [0] NCCL INFO Broadcast: opCount 71 sendbuff 0x2b6b49b74000 recvbuff 0x2b6b49b74000 count 212480 datatype 0 op 0 root 0 comm 0xc0e1a90 [nranks=3] stream 0xc0e57e0
r1t07:5522:5522 [0] NCCL INFO Broadcast: opCount 72 sendbuff 0x2b6a051f6400 recvbuff 0x2b6a051f6400 count 424 datatype 0 op 0 root 0 comm 0xc0e1a90 [nranks=3] stream 0xc0e57e0
r1t07:5522:5737 [0] NCCL INFO AllReduce: opCount 73 sendbuff 0x2b6b4f200000 recvbuff 0x2b6b4f200000 count 1073162 datatype 7 op 0 root 0 comm 0xc0e1a90 [nranks=3] stream 0xc0e57e0
r1t07:5522:5737 [0] NCCL INFO AllReduce: opCount 74 sendbuff 0x2b6ace000000 recvbuff 0x2b6ace000000 count 6822912 datatype 7 op 0 root 0 comm 0xc0e1a90 [nranks=3] stream 0xc0e57e0
r1t07:5522:5737 [0] NCCL INFO AllReduce: opCount 75 sendbuff 0x2b6ad0000000 recvbuff 0x2b6ad0000000 count 6563840 datatype 7 op 0 root 0 comm 0xc0e1a90 [nranks=3] stream 0xc0e57e0
r1t07:5522:5737 [0] NCCL INFO AllReduce: opCount 76 sendbuff 0x2b6ad2000000 recvbuff 0x2b6ad2000000 count 6637568 datatype 7 op 0 root 0 comm 0xc0e1a90 [nranks=3] stream 0xc0e57e0
r1t07:5522:5737 [0] NCCL INFO AllReduce: opCount 77 sendbuff 0x2b6b59900000 recvbuff 0x2b6b59900000 count 2423360 datatype 7 op 0 root 0 comm 0xc0e1a90 [nranks=3] stream 0xc0e57e0
r1t07:5522:5522 [0] NCCL INFO AllReduce: opCount 78 sendbuff 0x2b6a051f7000 recvbuff 0x2b6a051f7000 count 1 datatype 1 op 0 root 0 comm 0xc0e1a90 [nranks=3] stream 0xc0e57e0
r1t07:5522:5522 [0] NCCL INFO AllGather: opCount 79 sendbuff 0x2b6a051f8400 recvbuff 0x2b6b49766e00 count 4 datatype 0 op 0 root 0 comm 0xc0e1a90 [nranks=3] stream 0xc0e57e0
r1t07:5522:5522 [0] NCCL INFO Broadcast: opCount 7a sendbuff 0x2b6b49b74000 recvbuff 0x2b6b49b74000 count 212480 datatype 0 op 0 root 0 comm 0xc0e1a90 [nranks=3] stream 0xc0e57e0
r1t07:5522:5522 [0] NCCL INFO Broadcast: opCount 7b sendbuff 0x2b6a051f8400 recvbuff 0x2b6a051f8400 count 424 datatype 0 op 0 root 0 comm 0xc0e1a90 [nranks=3] stream 0xc0e57e0
r1t07:5522:5737 [0] NCCL INFO AllReduce: opCount 7c sendbuff 0x2b6b4f200000 recvbuff 0x2b6b4f200000 count 1073162 datatype 7 op 0 root 0 comm 0xc0e1a90 [nranks=3] stream 0xc0e57e0
r1t07:5522:5737 [0] NCCL INFO AllReduce: opCount 7d sendbuff 0x2b6ace000000 recvbuff 0x2b6ace000000 count 6822912 datatype 7 op 0 root 0 comm 0xc0e1a90 [nranks=3] stream 0xc0e57e0
r1t07:5522:5737 [0] NCCL INFO AllReduce: opCount 7e sendbuff 0x2b6ad0000000 recvbuff 0x2b6ad0000000 count 6563840 datatype 7 op 0 root 0 comm 0xc0e1a90 [nranks=3] stream 0xc0e57e0
r1t07:5522:5737 [0] NCCL INFO AllReduce: opCount 7f sendbuff 0x2b6ad2000000 recvbuff 0x2b6ad2000000 count 6637568 datatype 7 op 0 root 0 comm 0xc0e1a90 [nranks=3] stream 0xc0e57e0
r1t07:5522:5737 [0] NCCL INFO AllReduce: opCount 80 sendbuff 0x2b6b59900000 recvbuff 0x2b6b59900000 count 2423360 datatype 7 op 0 root 0 comm 0xc0e1a90 [nranks=3] stream 0xc0e57e0
r1t07:5522:5522 [0] NCCL INFO AllReduce: opCount 81 sendbuff 0x2b6a051f6400 recvbuff 0x2b6a051f6400 count 1 datatype 1 op 0 root 0 comm 0xc0e1a90 [nranks=3] stream 0xc0e57e0
r1t07:5522:5522 [0] NCCL INFO AllGather: opCount 82 sendbuff 0x2b6a051f7000 recvbuff 0x2b6b5bbfe000 count 4 datatype 0 op 0 root 0 comm 0xc0e1a90 [nranks=3] stream 0xc0e57e0
r1t07:5522:5522 [0] NCCL INFO Broadcast: opCount 83 sendbuff 0x2b6b49b74000 recvbuff 0x2b6b49b74000 count 212480 datatype 0 op 0 root 0 comm 0xc0e1a90 [nranks=3] stream 0xc0e57e0
r1t07:5522:5522 [0] NCCL INFO Broadcast: opCount 84 sendbuff 0x2b6a051f7000 recvbuff 0x2b6a051f7000 count 424 datatype 0 op 0 root 0 comm 0xc0e1a90 [nranks=3] stream 0xc0e57e0
r1t07:5522:5737 [0] NCCL INFO AllReduce: opCount 85 sendbuff 0x2b6b4f200000 recvbuff 0x2b6b4f200000 count 1073162 datatype 7 op 0 root 0 comm 0xc0e1a90 [nranks=3] stream 0xc0e57e0
r1t07:5522:5737 [0] NCCL INFO AllReduce: opCount 86 sendbuff 0x2b6ace000000 recvbuff 0x2b6ace000000 count 6822912 datatype 7 op 0 root 0 comm 0xc0e1a90 [nranks=3] stream 0xc0e57e0
r1t07:5522:5737 [0] NCCL INFO AllReduce: opCount 87 sendbuff 0x2b6ad0000000 recvbuff 0x2b6ad0000000 count 6563840 datatype 7 op 0 root 0 comm 0xc0e1a90 [nranks=3] stream 0xc0e57e0
r1t07:5522:5737 [0] NCCL INFO AllReduce: opCount 88 sendbuff 0x2b6ad2000000 recvbuff 0x2b6ad2000000 count 6637568 datatype 7 op 0 root 0 comm 0xc0e1a90 [nranks=3] stream 0xc0e57e0
r1t07:5522:5737 [0] NCCL INFO AllReduce: opCount 89 sendbuff 0x2b6b59900000 recvbuff 0x2b6b59900000 count 2423360 datatype 7 op 0 root 0 comm 0xc0e1a90 [nranks=3] stream 0xc0e57e0
r1t07:5522:5522 [0] NCCL INFO AllReduce: opCount 8a sendbuff 0x2b6a055aec00 recvbuff 0x2b6a055aec00 count 1 datatype 1 op 0 root 0 comm 0xc0e1a90 [nranks=3] stream 0xc0e57e0
r1t07:5522:5522 [0] NCCL INFO AllGather: opCount 8b sendbuff 0x2b6a051f6400 recvbuff 0x2b6a05592600 count 4 datatype 0 op 0 root 0 comm 0xc0e1a90 [nranks=3] stream 0xc0e57e0
r1t07:5522:5522 [0] NCCL INFO Broadcast: opCount 8c sendbuff 0x2b6b49b74000 recvbuff 0x2b6b49b74000 count 212480 datatype 0 op 0 root 0 comm 0xc0e1a90 [nranks=3] stream 0xc0e57e0
r1t07:5522:5522 [0] NCCL INFO Broadcast: opCount 8d sendbuff 0x2b6a051f6400 recvbuff 0x2b6a051f6400 count 424 datatype 0 op 0 root 0 comm 0xc0e1a90 [nranks=3] stream 0xc0e57e0
r1t07:5522:5737 [0] NCCL INFO AllReduce: opCount 8e sendbuff 0x2b6b4f200000 recvbuff 0x2b6b4f200000 count 1073162 datatype 7 op 0 root 0 comm 0xc0e1a90 [nranks=3] stream 0xc0e57e0
r1t07:5522:5737 [0] NCCL INFO AllReduce: opCount 8f sendbuff 0x2b6ace000000 recvbuff 0x2b6ace000000 count 6822912 datatype 7 op 0 root 0 comm 0xc0e1a90 [nranks=3] stream 0xc0e57e0
r1t07:5522:5737 [0] NCCL INFO AllReduce: opCount 90 sendbuff 0x2b6ad0000000 recvbuff 0x2b6ad0000000 count 6563840 datatype 7 op 0 root 0 comm 0xc0e1a90 [nranks=3] stream 0xc0e57e0
r1t07:5522:5737 [0] NCCL INFO AllReduce: opCount 91 sendbuff 0x2b6ad2000000 recvbuff 0x2b6ad2000000 count 6637568 datatype 7 op 0 root 0 comm 0xc0e1a90 [nranks=3] stream 0xc0e57e0
r1t07:5522:5737 [0] NCCL INFO AllReduce: opCount 92 sendbuff 0x2b6b59900000 recvbuff 0x2b6b59900000 count 2423360 datatype 7 op 0 root 0 comm 0xc0e1a90 [nranks=3] stream 0xc0e57e0
r1t07:5522:5522 [0] NCCL INFO AllReduce: opCount 93 sendbuff 0x2b6a051f7000 recvbuff 0x2b6a051f7000 count 1 datatype 1 op 0 root 0 comm 0xc0e1a90 [nranks=3] stream 0xc0e57e0
r1t07:5522:5522 [0] NCCL INFO AllGather: opCount 94 sendbuff 0x2b6a055e9e00 recvbuff 0x2b6b531ffe00 count 4 datatype 0 op 0 root 0 comm 0xc0e1a90 [nranks=3] stream 0xc0e57e0
r1t07:5522:5522 [0] NCCL INFO Broadcast: opCount 95 sendbuff 0x2b6b49b74000 recvbuff 0x2b6b49b74000 count 212480 datatype 0 op 0 root 0 comm 0xc0e1a90 [nranks=3] stream 0xc0e57e0
r1t07:5522:5522 [0] NCCL INFO Broadcast: opCount 96 sendbuff 0x2b6a055aec00 recvbuff 0x2b6a055aec00 count 424 datatype 0 op 0 root 0 comm 0xc0e1a90 [nranks=3] stream 0xc0e57e0
r1t07:5522:5737 [0] NCCL INFO AllReduce: opCount 97 sendbuff 0x2b6b4f200000 recvbuff 0x2b6b4f200000 count 1073162 datatype 7 op 0 root 0 comm 0xc0e1a90 [nranks=3] stream 0xc0e57e0
r1t07:5522:5737 [0] NCCL INFO AllReduce: opCount 98 sendbuff 0x2b6ace000000 recvbuff 0x2b6ace000000 count 6822912 datatype 7 op 0 root 0 comm 0xc0e1a90 [nranks=3] stream 0xc0e57e0
r1t07:5522:5737 [0] NCCL INFO AllReduce: opCount 99 sendbuff 0x2b6ad0000000 recvbuff 0x2b6ad0000000 count 6563840 datatype 7 op 0 root 0 comm 0xc0e1a90 [nranks=3] stream 0xc0e57e0
r1t07:5522:5737 [0] NCCL INFO AllReduce: opCount 9a sendbuff 0x2b6ad2000000 recvbuff 0x2b6ad2000000 count 6637568 datatype 7 op 0 root 0 comm 0xc0e1a90 [nranks=3] stream 0xc0e57e0
r1t07:5522:5737 [0] NCCL INFO AllReduce: opCount 9b sendbuff 0x2b6b59900000 recvbuff 0x2b6b59900000 count 2423360 datatype 7 op 0 root 0 comm 0xc0e1a90 [nranks=3] stream 0xc0e57e0
r1t07:5522:5522 [0] NCCL INFO AllReduce: opCount 9c sendbuff 0x2b6a0558f000 recvbuff 0x2b6a0558f000 count 1 datatype 1 op 0 root 0 comm 0xc0e1a90 [nranks=3] stream 0xc0e57e0
r1t07:5522:5522 [0] NCCL INFO AllGather: opCount 9d sendbuff 0x2b6a051f7000 recvbuff 0x2b6b497f6600 count 4 datatype 0 op 0 root 0 comm 0xc0e1a90 [nranks=3] stream 0xc0e57e0
r1t07:5522:5522 [0] NCCL INFO Broadcast: opCount 9e sendbuff 0x2b6b49b74000 recvbuff 0x2b6b49b74000 count 212480 datatype 0 op 0 root 0 comm 0xc0e1a90 [nranks=3] stream 0xc0e57e0
r1t07:5522:5522 [0] NCCL INFO Broadcast: opCount 9f sendbuff 0x2b6a051f7000 recvbuff 0x2b6a051f7000 count 424 datatype 0 op 0 root 0 comm 0xc0e1a90 [nranks=3] stream 0xc0e57e0
r1t07:5522:5737 [0] NCCL INFO AllReduce: opCount a0 sendbuff 0x2b6b4f200000 recvbuff 0x2b6b4f200000 count 1073162 datatype 7 op 0 root 0 comm 0xc0e1a90 [nranks=3] stream 0xc0e57e0
r1t07:5522:5737 [0] NCCL INFO AllReduce: opCount a1 sendbuff 0x2b6ace000000 recvbuff 0x2b6ace000000 count 6822912 datatype 7 op 0 root 0 comm 0xc0e1a90 [nranks=3] stream 0xc0e57e0
r1t07:5522:5737 [0] NCCL INFO AllReduce: opCount a2 sendbuff 0x2b6ad0000000 recvbuff 0x2b6ad0000000 count 6563840 datatype 7 op 0 root 0 comm 0xc0e1a90 [nranks=3] stream 0xc0e57e0
r1t07:5522:5737 [0] NCCL INFO AllReduce: opCount a3 sendbuff 0x2b6ad2000000 recvbuff 0x2b6ad2000000 count 6637568 datatype 7 op 0 root 0 comm 0xc0e1a90 [nranks=3] stream 0xc0e57e0
r1t07:5522:5737 [0] NCCL INFO AllReduce: opCount a4 sendbuff 0x2b6b59900000 recvbuff 0x2b6b59900000 count 2423360 datatype 7 op 0 root 0 comm 0xc0e1a90 [nranks=3] stream 0xc0e57e0
r1t07:5522:5522 [0] NCCL INFO AllReduce: opCount a5 sendbuff 0x2b6a051f6400 recvbuff 0x2b6a051f6400 count 1 datatype 1 op 0 root 0 comm 0xc0e1a90 [nranks=3] stream 0xc0e57e0
r1t07:5522:5522 [0] NCCL INFO AllGather: opCount a6 sendbuff 0x2b6a0558f000 recvbuff 0x2b6b531ffe00 count 4 datatype 0 op 0 root 0 comm 0xc0e1a90 [nranks=3] stream 0xc0e57e0
r1t07:5522:5522 [0] NCCL INFO Broadcast: opCount a7 sendbuff 0x2b6b49b74000 recvbuff 0x2b6b49b74000 count 212480 datatype 0 op 0 root 0 comm 0xc0e1a90 [nranks=3] stream 0xc0e57e0
